Archive member included to satisfy reference by file (symbol)

c:/progra~2/gnuarm~1/102021~1.10/bin/../lib/gcc/arm-none-eabi/10.3.1/thumb/v6-m/nofp\libgcc.a(_dvmd_tls.o)
                              CMakeFiles/PicoVSyncSeparator.dir/C_/develop/pico-sdk/src/rp2_common/pico_divider/divider_hardware.S.obj (__aeabi_idiv0)
c:/progra~2/gnuarm~1/102021~1.10/bin/../lib/gcc/arm-none-eabi/10.3.1/../../../../arm-none-eabi/lib/thumb/v6-m/nofp\libg.a(lib_a-calloc.o)
                              CMakeFiles/PicoVSyncSeparator.dir/C_/develop/pico-sdk/src/rp2_common/pico_malloc/malloc.c.obj (calloc)
c:/progra~2/gnuarm~1/102021~1.10/bin/../lib/gcc/arm-none-eabi/10.3.1/../../../../arm-none-eabi/lib/thumb/v6-m/nofp\libg.a(lib_a-callocr.o)
                              c:/progra~2/gnuarm~1/102021~1.10/bin/../lib/gcc/arm-none-eabi/10.3.1/../../../../arm-none-eabi/lib/thumb/v6-m/nofp\libg.a(lib_a-calloc.o) (_calloc_r)
c:/progra~2/gnuarm~1/102021~1.10/bin/../lib/gcc/arm-none-eabi/10.3.1/../../../../arm-none-eabi/lib/thumb/v6-m/nofp\libg.a(lib_a-errno.o)
                              c:/progra~2/gnuarm~1/102021~1.10/bin/../lib/gcc/arm-none-eabi/10.3.1/../../../../arm-none-eabi/lib/thumb/v6-m/nofp\libg.a(lib_a-callocr.o) (__errno)
c:/progra~2/gnuarm~1/102021~1.10/bin/../lib/gcc/arm-none-eabi/10.3.1/../../../../arm-none-eabi/lib/thumb/v6-m/nofp\libg.a(lib_a-impure.o)
                              c:/progra~2/gnuarm~1/102021~1.10/bin/../lib/gcc/arm-none-eabi/10.3.1/../../../../arm-none-eabi/lib/thumb/v6-m/nofp\libg.a(lib_a-calloc.o) (_impure_ptr)
c:/progra~2/gnuarm~1/102021~1.10/bin/../lib/gcc/arm-none-eabi/10.3.1/../../../../arm-none-eabi/lib/thumb/v6-m/nofp\libg.a(lib_a-init.o)
                              c:/progra~2/gnuarm~1/102021~1.10/bin/../lib/gcc/arm-none-eabi/10.3.1/../../../../arm-none-eabi/lib/thumb/v6-m/nofp/crt0.o (__libc_init_array)
c:/progra~2/gnuarm~1/102021~1.10/bin/../lib/gcc/arm-none-eabi/10.3.1/../../../../arm-none-eabi/lib/thumb/v6-m/nofp\libg.a(lib_a-lcltime_r.o)
                              CMakeFiles/PicoVSyncSeparator.dir/C_/develop/pico-sdk/src/common/pico_util/datetime.c.obj (localtime_r)
c:/progra~2/gnuarm~1/102021~1.10/bin/../lib/gcc/arm-none-eabi/10.3.1/../../../../arm-none-eabi/lib/thumb/v6-m/nofp\libg.a(lib_a-malloc.o)
                              CMakeFiles/PicoVSyncSeparator.dir/C_/develop/pico-sdk/src/rp2_common/pico_malloc/malloc.c.obj (malloc)
c:/progra~2/gnuarm~1/102021~1.10/bin/../lib/gcc/arm-none-eabi/10.3.1/../../../../arm-none-eabi/lib/thumb/v6-m/nofp\libg.a(lib_a-mallocr.o)
                              c:/progra~2/gnuarm~1/102021~1.10/bin/../lib/gcc/arm-none-eabi/10.3.1/../../../../arm-none-eabi/lib/thumb/v6-m/nofp\libg.a(lib_a-callocr.o) (_malloc_r)
c:/progra~2/gnuarm~1/102021~1.10/bin/../lib/gcc/arm-none-eabi/10.3.1/../../../../arm-none-eabi/lib/thumb/v6-m/nofp\libg.a(lib_a-memcmp.o)
                              CMakeFiles/PicoVSyncSeparator.dir/C_/develop/pico-sdk/src/rp2_common/pico_atomic/atomic.c.obj (memcmp)
c:/progra~2/gnuarm~1/102021~1.10/bin/../lib/gcc/arm-none-eabi/10.3.1/../../../../arm-none-eabi/lib/thumb/v6-m/nofp\libg.a(lib_a-mktime.o)
                              CMakeFiles/PicoVSyncSeparator.dir/C_/develop/pico-sdk/src/common/pico_util/datetime.c.obj (mktime)
c:/progra~2/gnuarm~1/102021~1.10/bin/../lib/gcc/arm-none-eabi/10.3.1/../../../../arm-none-eabi/lib/thumb/v6-m/nofp\libg.a(lib_a-mlock.o)
                              c:/progra~2/gnuarm~1/102021~1.10/bin/../lib/gcc/arm-none-eabi/10.3.1/../../../../arm-none-eabi/lib/thumb/v6-m/nofp\libg.a(lib_a-mallocr.o) (__malloc_lock)
c:/progra~2/gnuarm~1/102021~1.10/bin/../lib/gcc/arm-none-eabi/10.3.1/../../../../arm-none-eabi/lib/thumb/v6-m/nofp\libg.a(lib_a-month_lengths.o)
                              c:/progra~2/gnuarm~1/102021~1.10/bin/../lib/gcc/arm-none-eabi/10.3.1/../../../../arm-none-eabi/lib/thumb/v6-m/nofp\libg.a(lib_a-lcltime_r.o) (__month_lengths)
c:/progra~2/gnuarm~1/102021~1.10/bin/../lib/gcc/arm-none-eabi/10.3.1/../../../../arm-none-eabi/lib/thumb/v6-m/nofp\libg.a(lib_a-realloc.o)
                              CMakeFiles/PicoVSyncSeparator.dir/C_/develop/pico-sdk/src/rp2_common/pico_malloc/malloc.c.obj (realloc)
c:/progra~2/gnuarm~1/102021~1.10/bin/../lib/gcc/arm-none-eabi/10.3.1/../../../../arm-none-eabi/lib/thumb/v6-m/nofp\libg.a(lib_a-reallocr.o)
                              c:/progra~2/gnuarm~1/102021~1.10/bin/../lib/gcc/arm-none-eabi/10.3.1/../../../../arm-none-eabi/lib/thumb/v6-m/nofp\libg.a(lib_a-realloc.o) (_realloc_r)
c:/progra~2/gnuarm~1/102021~1.10/bin/../lib/gcc/arm-none-eabi/10.3.1/../../../../arm-none-eabi/lib/thumb/v6-m/nofp\libg.a(lib_a-sbrkr.o)
                              c:/progra~2/gnuarm~1/102021~1.10/bin/../lib/gcc/arm-none-eabi/10.3.1/../../../../arm-none-eabi/lib/thumb/v6-m/nofp\libg.a(lib_a-mallocr.o) (_sbrk_r)
c:/progra~2/gnuarm~1/102021~1.10/bin/../lib/gcc/arm-none-eabi/10.3.1/../../../../arm-none-eabi/lib/thumb/v6-m/nofp\libg.a(lib_a-strlen-stub.o)
[...]
Memory Configuration

Name             Origin             Length             Attributes
FLASH            0x10000000         0x00200000         xr
RAM              0x20000000         0x00040000         xrw
SCRATCH_X        0x20040000         0x00001000         xrw
SCRATCH_Y        0x20041000         0x00001000         xrw
*default*        0x00000000         0xffffffff

Linker script and memory map

LOAD c:/progra~2/gnuarm~1/102021~1.10/bin/../lib/gcc/arm-none-eabi/10.3.1/thumb/v6-m/nofp/crti.o
LOAD c:/progra~2/gnuarm~1/102021~1.10/bin/../lib/gcc/arm-none-eabi/10.3.1/thumb/v6-m/nofp/crtbegin.o
LOAD c:/progra~2/gnuarm~1/102021~1.10/bin/../lib/gcc/arm-none-eabi/10.3.1/../../../../arm-none-eabi/lib/thumb/v6-m/nofp/crt0.o

.flash_begin    0x10000000        0x0
                0x10000000                __flash_binary_start = .

.boot2          0x10000000      0x100
                0x10000000                __boot2_start__ = .
 *(.boot2)
 .boot2         0x10000000      0x100 pico-sdk/src/rp2040/boot_stage2/CMakeFiles/bs2_default_library.dir/./bs2_default_padded_checksummed.S.obj
                0x10000100                __boot2_end__ = .
                0x00000001                ASSERT (((__boot2_end__ - __boot2_start__) == 0x100), ERROR: Pico second stage bootloader must be 256 bytes in size)

.text           0x10000100     0x4bc8
                0x10000100                __logical_binary_start = .
 *(.vectors)
 .vectors       0x10000100       0xd4 CMakeFiles/PicoVSyncSeparator.dir/C_/develop/pico-sdk/src/rp2_common/pico_crt0/crt0.S.obj
                0x10000100                __VECTOR_TABLE
                0x10000100                __vectors
                0x100001c0                isr_irq13
                0x100001c0                isr_irq27
                0x100001c0                isr_irq31
                0x100001c0                isr_irq12
                0x100001c0                isr_irq5
                0x100001c0                isr_irq11
                0x100001c0                isr_irq3
                0x100001c0                isr_irq23
                0x100001c0                __unhandled_user_irq
                0x100001c0                isr_irq26
                0x100001c0                isr_irq28
                0x100001c0                isr_irq19
                0x100001c0                isr_irq0
                0x100001c0                isr_irq6
                0x100001c0                isr_irq29
                0x100001c0                isr_irq16
                0x100001c0                isr_irq22
                0x100001c0                isr_irq18
                0x100001c0                isr_irq17
                0x100001c0                isr_irq14
                0x100001c0                __vectors_end
                0x100001c0                __default_isrs_start
                0x100001c0                isr_irq2
                0x100001c0                isr_irq10
                0x100001c0                isr_irq8
                0x100001c0                isr_irq24
                0x100001c0                isr_irq1
                0x100001c0                isr_irq7
                0x100001c0                isr_irq21
                0x100001c0                isr_irq20
                0x100001c0                isr_irq15
                0x100001c0                isr_irq25
                0x100001c0                isr_irq4
                0x100001c0                isr_irq30
                0x100001c0                isr_irq9
                0x100001c6                unhandled_user_irq_num_in_r0
                0x100001c8                isr_invalid
                0x100001ca                isr_nmi
                0x100001cc                isr_hardfault
                0x100001ce                isr_svcall
                0x100001d0                isr_pendsv
                0x100001d2                isr_systick
                0x100001d4                __default_isrs_end
 *(.binary_info_header)
 .binary_info_header
                0x100001d4       0x14 CMakeFiles/PicoVSyncSeparator.dir/C_/develop/pico-sdk/src/rp2_common/pico_crt0/crt0.S.obj
                0x100001e8                __binary_info_header_end = .
 *(.embedded_block)
                0x100001e8                __embedded_block_end = .
 *(.reset)
 .reset         0x100001e8       0x9c CMakeFiles/PicoVSyncSeparator.dir/C_/develop/pico-sdk/src/rp2_common/pico_crt0/crt0.S.obj
                0x100001e8                _entry_point
 *(.init)
 .init          0x10000284        0x4 c:/progra~2/gnuarm~1/102021~1.10/bin/../lib/gcc/arm-none-eabi/10.3.1/thumb/v6-m/nofp/crti.o
                0x10000284                _init
 *(EXCLUDE_FILE(*libm.a: *libc.a:*lib_a-mem*.o *libgcc.a:) .text*)
 .text          0x10000288       0x48 c:/progra~2/gnuarm~1/102021~1.10/bin/../lib/gcc/arm-none-eabi/10.3.1/thumb/v6-m/nofp/crtbegin.o
 .text.startup.main
                0x100002d0      0x134 CMakeFiles/PicoVSyncSeparator.dir/vsync_main.c.obj
                0x100002d0                main
 .text.vsync_separator_init
                0x10000404      0x18c CMakeFiles/PicoVSyncSeparator.dir/vsync_separator.c.obj
                0x10000404                vsync_separator_init
 .text.vsync_separator_task
                0x10000590      0x53c CMakeFiles/PicoVSyncSeparator.dir/vsync_separator.c.obj
                0x10000590                vsync_separator_task
 .text.vsync_separator_get_state_string
                0x10000acc       0x20 CMakeFiles/PicoVSyncSeparator.dir/vsync_separator.c.obj
                0x10000acc                vsync_separator_get_state_string
 .text.vsync_separator_get_stats
                0x10000aec        0x8 CMakeFiles/PicoVSyncSeparator.dir/vsync_separator.c.obj
                0x10000aec                vsync_separator_get_stats
 .text.gpio_set_function
                0x10000af4       0x34 CMakeFiles/PicoVSyncSeparator.dir/C_/develop/pico-sdk/src/rp2_common/hardware_gpio/gpio.c.obj
                0x10000af4                gpio_set_function
 .text.gpio_set_pulls
                0x10000b28       0x34 CMakeFiles/PicoVSyncSeparator.dir/C_/develop/pico-sdk/src/rp2_common/hardware_gpio/gpio.c.obj
                0x10000b28                gpio_set_pulls
 .text.gpio_init
                0x10000b5c       0x40 CMakeFiles/PicoVSyncSeparator.dir/C_/develop/pico-sdk/src/rp2_common/hardware_gpio/gpio.c.obj
                0x10000b5c                gpio_init
 .text.gpio_deinit
                0x10000b9c       0x34 CMakeFiles/PicoVSyncSeparator.dir/C_/develop/pico-sdk/src/rp2_common/hardware_gpio/gpio.c.obj
                0x10000b9c                gpio_deinit
 .text.panic    0x10000bd0       0x30 CMakeFiles/PicoVSyncSeparator.dir/C_/develop/pico-sdk/src/rp2_common/pico_platform_panic/panic.c.obj
                0x10000bd0                panic
 .text.hw_claim_lock
                0x10000c00       0x18 CMakeFiles/PicoVSyncSeparator.dir/C_/develop/pico-sdk/src/common/hardware_claim/claim.c.obj
                0x10000c00                hw_claim_lock
 .text.hw_claim_unlock
                0x10000c18       0x14 CMakeFiles/PicoVSyncSeparator.dir/C_/develop/pico-sdk/src/common/hardware_claim/claim.c.obj
                0x10000c18                hw_claim_unlock
 .text.hw_claim_or_assert
                0x10000c2c       0x44 CMakeFiles/PicoVSyncSeparator.dir/C_/develop/pico-sdk/src/common/hardware_claim/claim.c.obj
                0x10000c2c                hw_claim_or_assert
 .text.next_striped_spin_lock_num
                0x10000c70       0x18 CMakeFiles/PicoVSyncSeparator.dir/C_/develop/pico-sdk/src/rp2_common/hardware_sync/sync.c.obj
                0x10000c70                next_striped_spin_lock_num
 .text.spin_locks_reset
                0x10000c88       0x1c CMakeFiles/PicoVSyncSeparator.dir/C_/develop/pico-sdk/src/rp2_common/hardware_sync_spin_lock/sync_spin_lock.c.obj
                0x10000c88                spin_locks_reset
 .text.runtime_init_per_core_irq_priorities
                0x10000ca4       0x24 CMakeFiles/PicoVSyncSeparator.dir/C_/develop/pico-sdk/src/rp2_common/hardware_irq/irq.c.obj
                0x10000ca4                runtime_init_per_core_irq_priorities
 .text.irq_set_enabled
                0x10000cc8       0x24 CMakeFiles/PicoVSyncSeparator.dir/C_/develop/pico-sdk/src/rp2_common/hardware_irq/irq.c.obj
                0x10000cc8                irq_set_enabled
 .text.irq_set_exclusive_handler
                0x10000cec       0x54 CMakeFiles/PicoVSyncSeparator.dir/C_/develop/pico-sdk/src/rp2_common/hardware_irq/irq.c.obj
                0x10000cec                irq_set_exclusive_handler
 .text.irq_remove_handler
                0x10000d40      0x1c4 CMakeFiles/PicoVSyncSeparator.dir/C_/develop/pico-sdk/src/rp2_common/hardware_irq/irq.c.obj
                0x10000d40                irq_remove_handler
 .text.irq_add_tail_to_free_list
                0x10000f04       0xb4 CMakeFiles/PicoVSyncSeparator.dir/C_/develop/pico-sdk/src/rp2_common/hardware_irq/irq.c.obj
                0x10000f04                irq_add_tail_to_free_list
 .text.lock_init
                0x10000fb8       0x10 CMakeFiles/PicoVSyncSeparator.dir/C_/develop/pico-sdk/src/common/pico_sync/lock_core.c.obj
                0x10000fb8                lock_init
 .text.runtime_init_mutex
                0x10000fc8       0x58 CMakeFiles/PicoVSyncSeparator.dir/C_/develop/pico-sdk/src/common/pico_sync/mutex.c.obj
                0x10000fc8                runtime_init_mutex
 .text.sleep_until_callback
                0x10001020       0x30 CMakeFiles/PicoVSyncSeparator.dir/C_/develop/pico-sdk/src/common/pico_time/time.c.obj
 .text.alarm_pool_irq_handler
                0x10001050      0x308 CMakeFiles/PicoVSyncSeparator.dir/C_/develop/pico-sdk/src/common/pico_time/time.c.obj
 .text.runtime_init_default_alarm_pool
                0x10001358       0xdc CMakeFiles/PicoVSyncSeparator.dir/C_/develop/pico-sdk/src/common/pico_time/time.c.obj
                0x10001358                runtime_init_default_alarm_pool
 .text.alarm_pool_add_alarm_at_force_in_context
                0x10001434       0xb0 CMakeFiles/PicoVSyncSeparator.dir/C_/develop/pico-sdk/src/common/pico_time/time.c.obj
                0x10001434                alarm_pool_add_alarm_at_force_in_context
 .text.alarm_pool_cancel_alarm
                0x100014e4       0x7c CMakeFiles/PicoVSyncSeparator.dir/C_/develop/pico-sdk/src/common/pico_time/time.c.obj
                0x100014e4                alarm_pool_cancel_alarm
 .text.sleep_until
                0x10001560       0xd0 CMakeFiles/PicoVSyncSeparator.dir/C_/develop/pico-sdk/src/common/pico_time/time.c.obj
                0x10001560                sleep_until
 .text.sleep_us
                0x10001630       0x24 CMakeFiles/PicoVSyncSeparator.dir/C_/develop/pico-sdk/src/common/pico_time/time.c.obj
                0x10001630                sleep_us
 .text.sleep_ms
                0x10001654       0x34 CMakeFiles/PicoVSyncSeparator.dir/C_/develop/pico-sdk/src/common/pico_time/time.c.obj
                0x10001654                sleep_ms
 .text.best_effort_wfe_or_timeout
                0x10001688       0xfc CMakeFiles/PicoVSyncSeparator.dir/C_/develop/pico-sdk/src/common/pico_time/time.c.obj
                0x10001688                best_effort_wfe_or_timeout
 .text.timer_hardware_alarm_claim
                0x10001784       0x14 CMakeFiles/PicoVSyncSeparator.dir/C_/develop/pico-sdk/src/rp2_common/hardware_timer/timer.c.obj
                0x10001784                timer_hardware_alarm_claim
 .text.timer_time_us_64
                0x10001798       0x10 CMakeFiles/PicoVSyncSeparator.dir/C_/develop/pico-sdk/src/rp2_common/hardware_timer/timer.c.obj
                0x10001798                timer_time_us_64
 .text.time_us_64
                0x100017a8       0x14 CMakeFiles/PicoVSyncSeparator.dir/C_/develop/pico-sdk/src/rp2_common/hardware_timer/timer.c.obj
                0x100017a8                time_us_64
 .text.busy_wait_us
                0x100017bc       0x54 CMakeFiles/PicoVSyncSeparator.dir/C_/develop/pico-sdk/src/rp2_common/hardware_timer/timer.c.obj
                0x100017bc                busy_wait_us
 .text.busy_wait_until
                0x10001810       0x20 CMakeFiles/PicoVSyncSeparator.dir/C_/develop/pico-sdk/src/rp2_common/hardware_timer/timer.c.obj
                0x10001810                busy_wait_until
 .text.uart_init
                0x10001830      0x11c CMakeFiles/PicoVSyncSeparator.dir/C_/develop/pico-sdk/src/rp2_common/hardware_uart/uart.c.obj
                0x10001830                uart_init
 .text.clock_configure_int_divider
                0x1000194c       0xf4 CMakeFiles/PicoVSyncSeparator.dir/C_/develop/pico-sdk/src/rp2_common/hardware_clocks/clocks.c.obj
                0x1000194c                clock_configure_int_divider
 .text.clock_configure_undivided
                0x10001a40       0xe8 CMakeFiles/PicoVSyncSeparator.dir/C_/develop/pico-sdk/src/rp2_common/hardware_clocks/clocks.c.obj
                0x10001a40                clock_configure_undivided
 .text.clock_get_hz
                0x10001b28        0xc CMakeFiles/PicoVSyncSeparator.dir/C_/develop/pico-sdk/src/rp2_common/hardware_clocks/clocks.c.obj
                0x10001b28                clock_get_hz
 .text.pll_init
                0x10001b34       0xa0 CMakeFiles/PicoVSyncSeparator.dir/C_/develop/pico-sdk/src/rp2_common/hardware_pll/pll.c.obj
                0x10001b34                pll_init
 .text.tick_start
                0x10001bd4       0x10 CMakeFiles/PicoVSyncSeparator.dir/C_/develop/pico-sdk/src/rp2_common/hardware_ticks/ticks.c.obj
                0x10001bd4                tick_start
 .text.rom_func_lookup
                0x10001be4       0x10 CMakeFiles/PicoVSyncSeparator.dir/C_/develop/pico-sdk/src/rp2_common/pico_bootrom/bootrom.c.obj
                0x10001be4                rom_func_lookup
 .text.rom_data_lookup
                0x10001bf4       0x10 CMakeFiles/PicoVSyncSeparator.dir/C_/develop/pico-sdk/src/rp2_common/pico_bootrom/bootrom.c.obj
                0x10001bf4                rom_data_lookup
 .text.rom_funcs_lookup
                0x10001c04       0x44 CMakeFiles/PicoVSyncSeparator.dir/C_/develop/pico-sdk/src/rp2_common/pico_bootrom/bootrom.c.obj
                0x10001c04                rom_funcs_lookup
 .text.xosc_init
                0x10001c48       0x28 CMakeFiles/PicoVSyncSeparator.dir/C_/develop/pico-sdk/src/rp2_common/hardware_xosc/xosc.c.obj
                0x10001c48                xosc_init
 .text.first_per_core_initializer
                0x10001c70        0x4 CMakeFiles/PicoVSyncSeparator.dir/C_/develop/pico-sdk/src/rp2_common/pico_runtime/runtime.c.obj
 .text.hard_assertion_failure
                0x10001c74        0xc CMakeFiles/PicoVSyncSeparator.dir/C_/develop/pico-sdk/src/rp2_common/pico_runtime/runtime.c.obj
                0x10001c74                hard_assertion_failure
 .text.runtime_run_initializers
                0x10001c80       0x28 CMakeFiles/PicoVSyncSeparator.dir/C_/develop/pico-sdk/src/rp2_common/pico_runtime/runtime.c.obj
                0x10001c80                runtime_run_initializers
 .text.runtime_init_early_resets
                0x10001ca8       0x2c CMakeFiles/PicoVSyncSeparator.dir/C_/develop/pico-sdk/src/rp2_common/pico_runtime_init/runtime_init.c.obj
                0x10001ca8                runtime_init_early_resets
 .text.runtime_init_usb_power_down
                0x10001cd4       0x1c CMakeFiles/PicoVSyncSeparator.dir/C_/develop/pico-sdk/src/rp2_common/pico_runtime_init/runtime_init.c.obj
                0x10001cd4                runtime_init_usb_power_down
 .text.runtime_init_post_clock_resets
                0x10001cf0       0x20 CMakeFiles/PicoVSyncSeparator.dir/C_/develop/pico-sdk/src/rp2_common/pico_runtime_init/runtime_init.c.obj
                0x10001cf0                runtime_init_post_clock_resets
 .text.runtime_init_rp2040_gpio_ie_disable
                0x10001d10       0x14 CMakeFiles/PicoVSyncSeparator.dir/C_/develop/pico-sdk/src/rp2_common/pico_runtime_init/runtime_init.c.obj
                0x10001d10                runtime_init_rp2040_gpio_ie_disable
 .text.runtime_init_spin_locks_reset
                0x10001d24        0x8 CMakeFiles/PicoVSyncSeparator.dir/C_/develop/pico-sdk/src/rp2_common/pico_runtime_init/runtime_init.c.obj
                0x10001d24                runtime_init_spin_locks_reset
 .text.runtime_init_install_ram_vector_table
                0x10001d2c       0xcc CMakeFiles/PicoVSyncSeparator.dir/C_/develop/pico-sdk/src/rp2_common/pico_runtime_init/runtime_init.c.obj
                0x10001d2c                runtime_init_install_ram_vector_table
 .text.runtime_init_clocks
                0x10001df8       0xd8 CMakeFiles/PicoVSyncSeparator.dir/C_/develop/pico-sdk/src/rp2_common/pico_runtime_init/runtime_init_clocks.c.obj
                0x10001df8                runtime_init_clocks
 .text          0x10001ed0       0x10 CMakeFiles/PicoVSyncSeparator.dir/C_/develop/pico-sdk/src/rp2_common/pico_bit_ops/bit_ops_aeabi.S.obj
 .text.__wrap___aeabi_idiv
                0x10001ee0       0x50 CMakeFiles/PicoVSyncSeparator.dir/C_/develop/pico-sdk/src/rp2_common/pico_divider/divider_hardware.S.obj
                0x10001ee0                __wrap___aeabi_idivmod
                0x10001ee0                divmod_s32s32
                0x10001ee0                div_s32s32
                0x10001ee0                __wrap___aeabi_idiv
                0x10001ee8                divmod_s32s32_unsafe
                0x10001f14                divmod_s32s32_savestate
 .text.__wrap___aeabi_uidiv
                0x10001f30       0x4c CMakeFiles/PicoVSyncSeparator.dir/C_/develop/pico-sdk/src/rp2_common/pico_divider/divider_hardware.S.obj
                0x10001f30                __wrap___aeabi_uidiv
                0x10001f30                __wrap___aeabi_uidivmod
                0x10001f30                div_u32u32
                0x10001f30                divmod_u32u32
                0x10001f38                divmod_u32u32_unsafe
                0x10001f60                divmod_u32u32_savestate
 .text.__wrap___aeabi_ldiv
                0x10001f7c      0x424 CMakeFiles/PicoVSyncSeparator.dir/C_/develop/pico-sdk/src/rp2_common/pico_divider/divider_hardware.S.obj
                0x10001f7c                div_s64s64
                0x10001f7c                divmod_s64s64
                0x10001f7c                __wrap___aeabi_ldivmod
                0x10001fac                divmod_u64u64
                0x10001fac                div_u64u64
                0x10001fac                __wrap___aeabi_uldivmod
                0x10001fbc                divmod_u64u64_savestate
                0x10001fdc                divmod_s64s64_unsafe
                0x10002064                divmod_u64u64_unsafe
 .text.__wrap___aeabi_darithmetic
                0x100023a0       0x80 CMakeFiles/PicoVSyncSeparator.dir/C_/develop/pico-sdk/src/rp2_common/pico_double/double_aeabi_rp2040.S.obj
                0x100023a0                __wrap___aeabi_drsub
                0x100023a6                __wrap___aeabi_dsub
                0x100023b8                __wrap___aeabi_dadd
                0x100023ca                __wrap___aeabi_ddiv
                0x10002406                __wrap___aeabi_dmul
 .text.__wrap___aeabi_cdcmple
                0x10002420       0x6c CMakeFiles/PicoVSyncSeparator.dir/C_/develop/pico-sdk/src/rp2_common/pico_double/double_aeabi_rp2040.S.obj
                0x10002420                __wrap___aeabi_cdrcmple
                0x10002430                __wrap___aeabi_cdcmpeq
                0x10002430                __wrap___aeabi_cdcmple
 .text.__wrap___aeabi_dcmplt
                0x1000248c        0xc CMakeFiles/PicoVSyncSeparator.dir/C_/develop/pico-sdk/src/rp2_common/pico_double/double_aeabi_rp2040.S.obj
                0x1000248c                __wrap___aeabi_dcmplt
 .text.__wrap___aeabi_dcmple
                0x10002498       0x10 CMakeFiles/PicoVSyncSeparator.dir/C_/develop/pico-sdk/src/rp2_common/pico_double/double_aeabi_rp2040.S.obj
                0x10002498                __wrap___aeabi_dcmple
 .text.__wrap___aeabi_dcmpge
                0x100024a8       0x10 CMakeFiles/PicoVSyncSeparator.dir/C_/develop/pico-sdk/src/rp2_common/pico_double/double_aeabi_rp2040.S.obj
                0x100024a8                __wrap___aeabi_dcmpge
 .text.__wrap___aeabi_dcmpgt
                0x100024b8        0xa CMakeFiles/PicoVSyncSeparator.dir/C_/develop/pico-sdk/src/rp2_common/pico_double/double_aeabi_rp2040.S.obj
                0x100024b8                __wrap___aeabi_dcmpgt
 .text.__wrap___aeabi_dcmpun
                0x100024c2       0x18 CMakeFiles/PicoVSyncSeparator.dir/C_/develop/pico-sdk/src/rp2_common/pico_double/double_aeabi_rp2040.S.obj
                0x100024c2                __wrap___aeabi_dcmpun
 *fill*         0x100024da        0x2 
 .text.__wrap___aeabi_i2d
                0x100024dc       0x38 CMakeFiles/PicoVSyncSeparator.dir/C_/develop/pico-sdk/src/rp2_common/pico_double/double_aeabi_rp2040.S.obj
                0x100024dc                uint2double
                0x100024dc                __wrap___aeabi_ui2d
                0x100024e4                int2double
                0x100024e4                __wrap___aeabi_i2d
 .text.__wrap___aeabi_d2iz
                0x10002514       0x48 CMakeFiles/PicoVSyncSeparator.dir/C_/develop/pico-sdk/src/rp2_common/pico_double/double_aeabi_rp2040.S.obj
                0x10002514                double2int_z
                0x10002514                __wrap___aeabi_d2iz
 .text.__wrap___aeabi_d2uiz
                0x1000255c       0x18 CMakeFiles/PicoVSyncSeparator.dir/C_/develop/pico-sdk/src/rp2_common/pico_double/double_aeabi_rp2040.S.obj
                0x1000255c                double2uint
                0x1000255c                __wrap___aeabi_d2uiz
                0x1000255c                double2uint_z
 .text.__aeabi_double_init
                0x10002574       0xa0 CMakeFiles/PicoVSyncSeparator.dir/C_/develop/pico-sdk/src/rp2_common/pico_double/double_init_rom_rp2040.c.obj
                0x10002574                __aeabi_double_init
 .text.double_table_shim_on_use_helper
                0x10002614       0x2c CMakeFiles/PicoVSyncSeparator.dir/C_/develop/pico-sdk/src/rp2_common/pico_double/double_v1_rom_shim_rp2040.S.obj
                0x10002614                double_table_shim_on_use_helper
 .text.__wrap___aeabi_dsub
                0x10002640       0x10 CMakeFiles/PicoVSyncSeparator.dir/C_/develop/pico-sdk/src/rp2_common/pico_double/double_v1_rom_shim_rp2040.S.obj
                0x10002640                drsub_shim
                0x10002646                dsub_shim
 .text.dadd_shim
                0x10002650      0x15c CMakeFiles/PicoVSyncSeparator.dir/C_/develop/pico-sdk/src/rp2_common/pico_double/double_v1_rom_shim_rp2040.S.obj
                0x10002650                dadd_shim
 .text.dmul_shim
                0x100027ac      0x15c CMakeFiles/PicoVSyncSeparator.dir/C_/develop/pico-sdk/src/rp2_common/pico_double/double_v1_rom_shim_rp2040.S.obj
                0x100027ac                dmul_shim
 .text.ddiv_shim
                0x10002908      0x1b0 CMakeFiles/PicoVSyncSeparator.dir/C_/develop/pico-sdk/src/rp2_common/pico_double/double_v1_rom_shim_rp2040.S.obj
                0x10002908                ddiv_shim
 .text.double2uint_shim
                0x10002ab8        0xe CMakeFiles/PicoVSyncSeparator.dir/C_/develop/pico-sdk/src/rp2_common/pico_double/double_v1_rom_shim_rp2040.S.obj
                0x10002ab8                double2uint_shim
                0x10002aba                double2ufix_shim
 *fill*         0x10002ac6        0x2 
 .text.double2uint64_shim
                0x10002ac8       0x70 CMakeFiles/PicoVSyncSeparator.dir/C_/develop/pico-sdk/src/rp2_common/pico_double/double_v1_rom_shim_rp2040.S.obj
                0x10002ac8                double2uint64_shim
                0x10002aca                double2ufix64_shim
                0x10002aea                d2fix_a
 .text.dunpacks
                0x10002b38       0x3c CMakeFiles/PicoVSyncSeparator.dir/C_/develop/pico-sdk/src/rp2_common/pico_double/double_v1_rom_shim_rp2040.S.obj
                0x10002b38                dunpacks
 .text.__aeabi_lmul
                0x10002b74       0x32 CMakeFiles/PicoVSyncSeparator.dir/C_/develop/pico-sdk/src/rp2_common/pico_int64_ops/pico_int64_ops_aeabi.S.obj
                0x10002b74                __wrap___aeabi_lmul
 *fill*         0x10002ba6        0x2 
 .text.__aeabi_float_init
                0x10002ba8       0x64 CMakeFiles/PicoVSyncSeparator.dir/C_/develop/pico-sdk/src/rp2_common/pico_float/float_init_rom_rp2040.c.obj
                0x10002ba8                __aeabi_float_init
 .text.float_table_shim_on_use_helper
                0x10002c0c       0x2c CMakeFiles/PicoVSyncSeparator.dir/C_/develop/pico-sdk/src/rp2_common/pico_float/float_v1_rom_shim_rp2040.S.obj
                0x10002c0c                float_table_shim_on_use_helper
 .text          0x10002c38       0x10 CMakeFiles/PicoVSyncSeparator.dir/C_/develop/pico-sdk/src/rp2_common/pico_mem_ops/mem_ops_aeabi.S.obj
                0x10002c38                __aeabi_mem_init
 .text.memcpy   0x10002c48        0xc CMakeFiles/PicoVSyncSeparator.dir/C_/develop/pico-sdk/src/rp2_common/pico_mem_ops/mem_ops_aeabi.S.obj
                0x10002c48                __wrap_memcpy
                0x10002c48                __wrap___aeabi_memcpy
 .text._out_buffer
                0x10002c54        0x8 CMakeFiles/PicoVSyncSeparator.dir/C_/develop/pico-sdk/src/rp2_common/pico_printf/printf.c.obj
 .text._out_null
                0x10002c5c        0x4 CMakeFiles/PicoVSyncSeparator.dir/C_/develop/pico-sdk/src/rp2_common/pico_printf/printf.c.obj
 .text._out_rev
                0x10002c60       0x9c CMakeFiles/PicoVSyncSeparator.dir/C_/develop/pico-sdk/src/rp2_common/pico_printf/printf.c.obj
 .text._ntoa_format
                0x10002cfc      0x1cc CMakeFiles/PicoVSyncSeparator.dir/C_/develop/pico-sdk/src/rp2_common/pico_printf/printf.c.obj
 .text._out_char
                0x10002ec8       0x10 CMakeFiles/PicoVSyncSeparator.dir/C_/develop/pico-sdk/src/rp2_common/pico_printf/printf.c.obj
 .text._out_fct
                0x10002ed8       0x10 CMakeFiles/PicoVSyncSeparator.dir/C_/develop/pico-sdk/src/rp2_common/pico_printf/printf.c.obj
 .text._etoa    0x10002ee8      0x44c CMakeFiles/PicoVSyncSeparator.dir/C_/develop/pico-sdk/src/rp2_common/pico_printf/printf.c.obj
 .text._ftoa    0x10003334      0x398 CMakeFiles/PicoVSyncSeparator.dir/C_/develop/pico-sdk/src/rp2_common/pico_printf/printf.c.obj
 .text._vsnprintf
                0x100036cc      0xb04 CMakeFiles/PicoVSyncSeparator.dir/C_/develop/pico-sdk/src/rp2_common/pico_printf/printf.c.obj
 .text.__wrap_snprintf
                0x100041d0       0x28 CMakeFiles/PicoVSyncSeparator.dir/C_/develop/pico-sdk/src/rp2_common/pico_printf/printf.c.obj
                0x100041d0                __wrap_snprintf
 .text.vfctprintf
                0x100041f8       0x20 CMakeFiles/PicoVSyncSeparator.dir/C_/develop/pico-sdk/src/rp2_common/pico_printf/printf.c.obj
                0x100041f8                vfctprintf
 .text.weak_raw_vprintf
                0x10004218       0x30 CMakeFiles/PicoVSyncSeparator.dir/C_/develop/pico-sdk/src/rp2_common/pico_printf/printf.c.obj
                0x10004218                weak_raw_vprintf
 .text._exit    0x10004248        0x4 CMakeFiles/PicoVSyncSeparator.dir/C_/develop/pico-sdk/src/rp2_common/pico_clib_interface/newlib_interface.c.obj
                0x10004248                _exit
 .text.exit     0x1000424c        0x8 CMakeFiles/PicoVSyncSeparator.dir/C_/develop/pico-sdk/src/rp2_common/pico_clib_interface/newlib_interface.c.obj
                0x1000424c                exit
 .text.runtime_init
                0x10004254       0x2c CMakeFiles/PicoVSyncSeparator.dir/C_/develop/pico-sdk/src/rp2_common/pico_clib_interface/newlib_interface.c.obj
                0x10004254                runtime_init
 .text.stdio_out_chars_no_crlf
                0x10004280       0x10 CMakeFiles/PicoVSyncSeparator.dir/C_/develop/pico-sdk/src/rp2_common/pico_stdio/stdio.c.obj
 .text.stdio_out_chars_crlf
                0x10004290       0xb4 CMakeFiles/PicoVSyncSeparator.dir/C_/develop/pico-sdk/src/rp2_common/pico_stdio/stdio.c.obj
 .text.stdio_buffered_printer
                0x10004344       0x64 CMakeFiles/PicoVSyncSeparator.dir/C_/develop/pico-sdk/src/rp2_common/pico_stdio/stdio.c.obj
 .text.stdio_put_string
                0x100043a8      0x100 CMakeFiles/PicoVSyncSeparator.dir/C_/develop/pico-sdk/src/rp2_common/pico_stdio/stdio.c.obj
                0x100043a8                stdio_put_string
 .text.stdio_set_driver_enabled
                0x100044a8       0x30 CMakeFiles/PicoVSyncSeparator.dir/C_/develop/pico-sdk/src/rp2_common/pico_stdio/stdio.c.obj
                0x100044a8                stdio_set_driver_enabled
 .text.stdio_init_all
                0x100044d8        0xc CMakeFiles/PicoVSyncSeparator.dir/C_/develop/pico-sdk/src/rp2_common/pico_stdio/stdio.c.obj
                0x100044d8                stdio_init_all
 .text.__wrap_putchar
                0x100044e4       0x98 CMakeFiles/PicoVSyncSeparator.dir/C_/develop/pico-sdk/src/rp2_common/pico_stdio/stdio.c.obj
                0x100044e4                __wrap_putchar
                0x100044e4                stdio_putchar
 .text.__wrap_puts
                0x1000457c       0x3c CMakeFiles/PicoVSyncSeparator.dir/C_/develop/pico-sdk/src/rp2_common/pico_stdio/stdio.c.obj
                0x1000457c                stdio_puts
                0x1000457c                __wrap_puts
 .text.__wrap_vprintf
                0x100045b8       0xd8 CMakeFiles/PicoVSyncSeparator.dir/C_/develop/pico-sdk/src/rp2_common/pico_stdio/stdio.c.obj
                0x100045b8                stdio_vprintf
                0x100045b8                __wrap_vprintf
 .text.__wrap_printf
                0x10004690       0x18 CMakeFiles/PicoVSyncSeparator.dir/C_/develop/pico-sdk/src/rp2_common/pico_stdio/stdio.c.obj
                0x10004690                __wrap_printf
                0x10004690                stdio_printf
 .text.stdio_uart_out_chars
                0x100046a8       0x4c CMakeFiles/PicoVSyncSeparator.dir/C_/develop/pico-sdk/src/rp2_common/pico_stdio_uart/stdio_uart.c.obj
 .text.stdio_uart_in_chars
                0x100046f4       0x84 CMakeFiles/PicoVSyncSeparator.dir/C_/develop/pico-sdk/src/rp2_common/pico_stdio_uart/stdio_uart.c.obj
                0x100046f4                stdio_uart_in_chars
 .text.on_uart_rx
                0x10004778       0x28 CMakeFiles/PicoVSyncSeparator.dir/C_/develop/pico-sdk/src/rp2_common/pico_stdio_uart/stdio_uart.c.obj
 .text.stdio_uart_out_flush
                0x100047a0       0x14 CMakeFiles/PicoVSyncSeparator.dir/C_/develop/pico-sdk/src/rp2_common/pico_stdio_uart/stdio_uart.c.obj
 .text.stdio_uart_set_chars_available_callback
                0x100047b4       0x88 CMakeFiles/PicoVSyncSeparator.dir/C_/develop/pico-sdk/src/rp2_common/pico_stdio_uart/stdio_uart.c.obj
 .text.stdio_uart_init
                0x1000483c       0x50 CMakeFiles/PicoVSyncSeparator.dir/C_/develop/pico-sdk/src/rp2_common/pico_stdio_uart/stdio_uart.c.obj
                0x1000483c                stdio_uart_init
 .text.pio_add_program
                0x1000488c       0xf4 CMakeFiles/PicoVSyncSeparator.dir/C_/develop/pico-sdk/src/rp2_common/hardware_pio/pio.c.obj
                0x1000488c                pio_add_program
 .text.pio_sm_set_consecutive_pindirs
                0x10004980       0xbc CMakeFiles/PicoVSyncSeparator.dir/C_/develop/pico-sdk/src/rp2_common/hardware_pio/pio.c.obj
                0x10004980                pio_sm_set_consecutive_pindirs
 .text.pio_sm_init
                0x10004a3c       0x94 CMakeFiles/PicoVSyncSeparator.dir/C_/develop/pico-sdk/src/rp2_common/hardware_pio/pio.c.obj
                0x10004a3c                pio_sm_init
 .text.i2c_set_baudrate
                0x10004ad0       0xc0 CMakeFiles/PicoVSyncSeparator.dir/C_/develop/pico-sdk/src/rp2_common/hardware_i2c/i2c.c.obj
                0x10004ad0                i2c_set_baudrate
 .text.i2c_init
                0x10004b90       0x54 CMakeFiles/PicoVSyncSeparator.dir/C_/develop/pico-sdk/src/rp2_common/hardware_i2c/i2c.c.obj
                0x10004b90                i2c_init
 .text.strlen   0x10004be4       0x5c c:/progra~2/gnuarm~1/102021~1.10/bin/../lib/gcc/arm-none-eabi/10.3.1/../../../../arm-none-eabi/lib/thumb/v6-m/nofp\libg.a(lib_a-strlen-stub.o)
                0x10004be4                strlen
 *(.fini)
 .fini          0x10004c40        0x4 c:/progra~2/gnuarm~1/102021~1.10/bin/../lib/gcc/arm-none-eabi/10.3.1/thumb/v6-m/nofp/crti.o
                0x10004c40                _fini
 *fill*         0x10004c44        0x4 
 .fini.__stub   0x10004c48       0x40 linker stubs
 *crtbegin.o(.ctors)
 *crtbegin?.o(.ctors)
 *(EXCLUDE_FILE(*crtend.o *crtend?.o) .ctors)
 *(SORT_BY_NAME(.ctors.*))
 *(.ctors)
 *crtbegin.o(.dtors)
 *crtbegin?.o(.dtors)
 *(EXCLUDE_FILE(*crtend.o *crtend?.o) .dtors)
 *(SORT_BY_NAME(.dtors.*))
 *(.dtors)
                0x10004c88                . = ALIGN (0x4)
                0x10004c88                PROVIDE (__preinit_array_start = .)
 *(SORT_BY_NAME(.preinit_array.*))
 .preinit_array.00100
                0x10004c88        0x4 CMakeFiles/PicoVSyncSeparator.dir/C_/develop/pico-sdk/src/rp2_common/pico_runtime_init/runtime_init.c.obj
                0x10004c88                __pre_init_runtime_init_early_resets
 .preinit_array.00101
                0x10004c8c        0x4 CMakeFiles/PicoVSyncSeparator.dir/C_/develop/pico-sdk/src/rp2_common/pico_runtime_init/runtime_init.c.obj
                0x10004c8c                __pre_init_runtime_init_usb_power_down
 .preinit_array.00275
                0x10004c90        0x4 CMakeFiles/PicoVSyncSeparator.dir/C_/develop/pico-sdk/src/rp2_common/pico_bit_ops/bit_ops_aeabi.S.obj
 .preinit_array.00300
                0x10004c94        0x4 CMakeFiles/PicoVSyncSeparator.dir/C_/develop/pico-sdk/src/rp2_common/pico_mem_ops/mem_ops_aeabi.S.obj
 .preinit_array.00350
                0x10004c98        0x4 CMakeFiles/PicoVSyncSeparator.dir/C_/develop/pico-sdk/src/rp2_common/pico_double/double_aeabi_rp2040.S.obj
 .preinit_array.00350
                0x10004c9c        0x4 CMakeFiles/PicoVSyncSeparator.dir/C_/develop/pico-sdk/src/rp2_common/pico_float/float_aeabi_rp2040.S.obj
 .preinit_array.00500
                0x10004ca0        0x4 CMakeFiles/PicoVSyncSeparator.dir/C_/develop/pico-sdk/src/rp2_common/pico_runtime_init/runtime_init.c.obj
                0x10004ca0                __pre_init_runtime_init_clocks
 .preinit_array.00600
                0x10004ca4        0x4 CMakeFiles/PicoVSyncSeparator.dir/C_/develop/pico-sdk/src/rp2_common/pico_runtime_init/runtime_init.c.obj
                0x10004ca4                __pre_init_runtime_init_post_clock_resets
 .preinit_array.00700
                0x10004ca8        0x4 CMakeFiles/PicoVSyncSeparator.dir/C_/develop/pico-sdk/src/rp2_common/pico_runtime_init/runtime_init.c.obj
                0x10004ca8                __pre_init_runtime_init_rp2040_gpio_ie_disable
 .preinit_array.01000
                0x10004cac        0x4 CMakeFiles/PicoVSyncSeparator.dir/C_/develop/pico-sdk/src/rp2_common/pico_runtime_init/runtime_init.c.obj
                0x10004cac                __pre_init_runtime_init_spin_locks_reset
 .preinit_array.01100
                0x10004cb0        0x4 CMakeFiles/PicoVSyncSeparator.dir/C_/develop/pico-sdk/src/common/pico_sync/mutex.c.obj
                0x10004cb0                __pre_init_runtime_init_mutex
 .preinit_array.10080
                0x10004cb4        0x4 CMakeFiles/PicoVSyncSeparator.dir/C_/develop/pico-sdk/src/rp2_common/pico_runtime_init/runtime_init.c.obj
                0x10004cb4                __pre_init_runtime_init_install_ram_vector_table
 .preinit_array.11000
                0x10004cb8        0x4 CMakeFiles/PicoVSyncSeparator.dir/C_/develop/pico-sdk/src/common/pico_time/time.c.obj
                0x10004cb8                __pre_init_runtime_init_default_alarm_pool
 .preinit_array.YYYYY
                0x10004cbc        0x4 CMakeFiles/PicoVSyncSeparator.dir/C_/develop/pico-sdk/src/rp2_common/pico_runtime/runtime.c.obj
                0x10004cbc                __pre_init_first_per_core_initializer
 .preinit_array.ZZZZZ.01200
                0x10004cc0        0x4 CMakeFiles/PicoVSyncSeparator.dir/C_/develop/pico-sdk/src/rp2_common/hardware_irq/irq.c.obj
                0x10004cc0                __pre_init_runtime_init_per_core_irq_priorities
 *(.preinit_array)
                0x10004cc4                PROVIDE (__preinit_array_end = .)
                0x10004cc4                . = ALIGN (0x4)
                0x10004cc4                PROVIDE (__init_array_start = .)
 *(SORT_BY_NAME(.init_array.*))
 *(.init_array)
 .init_array    0x10004cc4        0x4 c:/progra~2/gnuarm~1/102021~1.10/bin/../lib/gcc/arm-none-eabi/10.3.1/thumb/v6-m/nofp/crtbegin.o
                0x10004cc8                PROVIDE (__init_array_end = .)
                0x10004cc8                . = ALIGN (0x4)
                [!provide]                PROVIDE (__fini_array_start = .)
 *(SORT_BY_NAME(.fini_array.*))
 *(.fini_array)
                [!provide]                PROVIDE (__fini_array_end = .)
 *(.eh_frame*)
 .eh_frame      0x10004cc8        0x0 c:/progra~2/gnuarm~1/102021~1.10/bin/../lib/gcc/arm-none-eabi/10.3.1/thumb/v6-m/nofp/crtbegin.o
                0x10004cc8                . = ALIGN (0x4)

.glue_7         0x10004cc8        0x0
 .glue_7        0x10004cc8        0x0 linker stubs

.glue_7t        0x10004cc8        0x0
 .glue_7t       0x10004cc8        0x0 linker stubs

.vfp11_veneer   0x10004cc8        0x0
 .vfp11_veneer  0x10004cc8        0x0 linker stubs

.v4_bx          0x10004cc8        0x0
 .v4_bx         0x10004cc8        0x0 linker stubs

.iplt           0x10004cc8        0x0
 .iplt          0x10004cc8        0x0 c:/progra~2/gnuarm~1/102021~1.10/bin/../lib/gcc/arm-none-eabi/10.3.1/thumb/v6-m/nofp/crtbegin.o

.rodata         0x10004cc8      0x5f4
 *(EXCLUDE_FILE(*libm.a: *libc.a:*lib_a-mem*.o *libgcc.a:) .rodata*)
 .rodata.main.str1.4
                0x10004cc8       0xa5 CMakeFiles/PicoVSyncSeparator.dir/vsync_main.c.obj
 *fill*         0x10004d6d        0x3 
 .rodata.vsync_separator_init.str1.4
                0x10004d70       0x58 CMakeFiles/PicoVSyncSeparator.dir/vsync_separator.c.obj
 .rodata.vsync_separator_task
                0x10004dc8       0x40 CMakeFiles/PicoVSyncSeparator.dir/vsync_separator.c.obj
 .rodata.str1.4
                0x10004e08       0xd0 CMakeFiles/PicoVSyncSeparator.dir/vsync_separator.c.obj
                                 0xd8 (size before relaxing)
 .rodata.CSWTCH.85
                0x10004ed8       0x2c CMakeFiles/PicoVSyncSeparator.dir/vsync_separator.c.obj
 .rodata.CSWTCH.88
                0x10004f04       0x14 CMakeFiles/PicoVSyncSeparator.dir/vsync_separator.c.obj
 .rodata.DEFAULT_OUTPUT_PATTERNS
                0x10004f18        0x2 CMakeFiles/PicoVSyncSeparator.dir/vsync_separator.c.obj
 *fill*         0x10004f1a        0x2 
 .rodata.DEFAULT_OUTPUT_PINS
                0x10004f1c        0x2 CMakeFiles/PicoVSyncSeparator.dir/vsync_separator.c.obj
 *fill*         0x10004f1e        0x2 
 .rodata.csync_measure_program
                0x10004f20        0x8 CMakeFiles/PicoVSyncSeparator.dir/vsync_separator.c.obj
 .rodata.csync_measure_program_instructions
                0x10004f28       0x1a CMakeFiles/PicoVSyncSeparator.dir/vsync_separator.c.obj
 *fill*         0x10004f42        0x2 
 .rodata.panic.str1.4
                0x10004f44       0x12 CMakeFiles/PicoVSyncSeparator.dir/C_/develop/pico-sdk/src/rp2_common/pico_platform_panic/panic.c.obj
 *fill*         0x10004f56        0x2 
 .rodata.timer_hardware_alarm_claim.str1.4
                0x10004f58       0x22 CMakeFiles/PicoVSyncSeparator.dir/C_/develop/pico-sdk/src/rp2_common/hardware_timer/timer.c.obj
 *fill*         0x10004f7a        0x2 
 .rodata.hard_assertion_failure.str1.4
                0x10004f7c        0xc CMakeFiles/PicoVSyncSeparator.dir/C_/develop/pico-sdk/src/rp2_common/pico_runtime/runtime.c.obj
 .rodata.str1.4
                0x10004f88       0x48 CMakeFiles/PicoVSyncSeparator.dir/C_/develop/pico-sdk/src/rp2_common/pico_standard_binary_info/standard_binary_info.c.obj
 .rodata.__bi_26
                0x10004fd0        0xc CMakeFiles/PicoVSyncSeparator.dir/C_/develop/pico-sdk/src/rp2_common/pico_standard_binary_info/standard_binary_info.c.obj
 .rodata.__bi_34
                0x10004fdc        0xc CMakeFiles/PicoVSyncSeparator.dir/C_/develop/pico-sdk/src/rp2_common/pico_standard_binary_info/standard_binary_info.c.obj
 .rodata.__bi_42
                0x10004fe8        0xc CMakeFiles/PicoVSyncSeparator.dir/C_/develop/pico-sdk/src/rp2_common/pico_standard_binary_info/standard_binary_info.c.obj
 .rodata.__bi_48
                0x10004ff4        0xc CMakeFiles/PicoVSyncSeparator.dir/C_/develop/pico-sdk/src/rp2_common/pico_standard_binary_info/standard_binary_info.c.obj
 .rodata.__bi_54
                0x10005000        0xc CMakeFiles/PicoVSyncSeparator.dir/C_/develop/pico-sdk/src/rp2_common/pico_standard_binary_info/standard_binary_info.c.obj
 .rodata.__bi_78
                0x1000500c        0xc CMakeFiles/PicoVSyncSeparator.dir/C_/develop/pico-sdk/src/rp2_common/pico_standard_binary_info/standard_binary_info.c.obj
 .rodata.__bi_84
                0x10005018        0xc CMakeFiles/PicoVSyncSeparator.dir/C_/develop/pico-sdk/src/rp2_common/pico_standard_binary_info/standard_binary_info.c.obj
 .rodata._ftoa.str1.4
                0x10005024       0x15 CMakeFiles/PicoVSyncSeparator.dir/C_/develop/pico-sdk/src/rp2_common/pico_printf/printf.c.obj
 *fill*         0x10005039        0x3 
 .rodata._vsnprintf
                0x1000503c      0x1e0 CMakeFiles/PicoVSyncSeparator.dir/C_/develop/pico-sdk/src/rp2_common/pico_printf/printf.c.obj
 *fill*         0x1000521c        0x4 
 .rodata.pow10.0
                0x10005220       0x50 CMakeFiles/PicoVSyncSeparator.dir/C_/develop/pico-sdk/src/rp2_common/pico_printf/printf.c.obj
 .rodata.crlf_str.0
                0x10005270        0x2 CMakeFiles/PicoVSyncSeparator.dir/C_/develop/pico-sdk/src/rp2_common/pico_stdio/stdio.c.obj
 *fill*         0x10005272        0x2 
 .rodata.str1.4
                0x10005274       0x2c CMakeFiles/PicoVSyncSeparator.dir/C_/develop/pico-sdk/src/rp2_common/pico_stdio_uart/stdio_uart.c.obj
 .rodata.__bi_45.4
                0x100052a0        0xc CMakeFiles/PicoVSyncSeparator.dir/C_/develop/pico-sdk/src/rp2_common/pico_stdio_uart/stdio_uart.c.obj
 .rodata.__bi_49.5
                0x100052ac        0x8 CMakeFiles/PicoVSyncSeparator.dir/C_/develop/pico-sdk/src/rp2_common/pico_stdio_uart/stdio_uart.c.obj
 .rodata.__bi_50.6
                0x100052b4        0x8 CMakeFiles/PicoVSyncSeparator.dir/C_/develop/pico-sdk/src/rp2_common/pico_stdio_uart/stdio_uart.c.obj
                0x100052bc                . = ALIGN (0x4)
 *(SORT_BY_ALIGNMENT(SORT_BY_NAME(.flashdata*)))
                0x100052bc                . = ALIGN (0x4)

.ARM.extab
 *(.ARM.extab* .gnu.linkonce.armextab.*)
                0x100052bc                __exidx_start = .

.ARM.exidx
 *(.ARM.exidx* .gnu.linkonce.armexidx.*)
                0x100052bc                __exidx_end = .
                0x100052bc                . = ALIGN (0x4)
                0x100052bc                __binary_info_start = .

.binary_info    0x100052bc       0x28
 *(.binary_info.keep.*)
 .binary_info.keep.__bi_ptr26
                0x100052bc        0x4 CMakeFiles/PicoVSyncSeparator.dir/C_/develop/pico-sdk/src/rp2_common/pico_standard_binary_info/standard_binary_info.c.obj
 .binary_info.keep.__bi_ptr34
                0x100052c0        0x4 CMakeFiles/PicoVSyncSeparator.dir/C_/develop/pico-sdk/src/rp2_common/pico_standard_binary_info/standard_binary_info.c.obj
 .binary_info.keep.__bi_ptr42
                0x100052c4        0x4 CMakeFiles/PicoVSyncSeparator.dir/C_/develop/pico-sdk/src/rp2_common/pico_standard_binary_info/standard_binary_info.c.obj
 .binary_info.keep.__bi_ptr48
                0x100052c8        0x4 CMakeFiles/PicoVSyncSeparator.dir/C_/develop/pico-sdk/src/rp2_common/pico_standard_binary_info/standard_binary_info.c.obj
 .binary_info.keep.__bi_ptr54
                0x100052cc        0x4 CMakeFiles/PicoVSyncSeparator.dir/C_/develop/pico-sdk/src/rp2_common/pico_standard_binary_info/standard_binary_info.c.obj
 .binary_info.keep.__bi_ptr78
                0x100052d0        0x4 CMakeFiles/PicoVSyncSeparator.dir/C_/develop/pico-sdk/src/rp2_common/pico_standard_binary_info/standard_binary_info.c.obj
 .binary_info.keep.__bi_ptr84
                0x100052d4        0x4 CMakeFiles/PicoVSyncSeparator.dir/C_/develop/pico-sdk/src/rp2_common/pico_standard_binary_info/standard_binary_info.c.obj
 *(.binary_info.*)
 .binary_info.__bi_ptr45
                0x100052d8        0x4 CMakeFiles/PicoVSyncSeparator.dir/C_/develop/pico-sdk/src/rp2_common/pico_stdio_uart/stdio_uart.c.obj
 .binary_info.__bi_ptr49
                0x100052dc        0x4 CMakeFiles/PicoVSyncSeparator.dir/C_/develop/pico-sdk/src/rp2_common/pico_stdio_uart/stdio_uart.c.obj
 .binary_info.__bi_ptr50
                0x100052e0        0x4 CMakeFiles/PicoVSyncSeparator.dir/C_/develop/pico-sdk/src/rp2_common/pico_stdio_uart/stdio_uart.c.obj
                0x100052e4                __binary_info_end = .
                0x100052e4                . = ALIGN (0x4)

.ram_vector_table
                0x20000000       0xc0
 *(.ram_vector_table)
 .ram_vector_table
                0x20000000       0xc0 CMakeFiles/PicoVSyncSeparator.dir/C_/develop/pico-sdk/src/rp2_common/pico_runtime_init/runtime_init.c.obj
                0x20000000                ram_vector_table

.uninitialized_data
                0x200000c0        0x0
                0x200000c0                . = ALIGN (0x4)
 *(.uninitialized_data*)

.data           0x200000c0      0x190 load address 0x100052e4
                0x200000c0                __data_start__ = .
 *(vtable)
 *(.time_critical*)
 .time_critical.mutex_try_enter_block_until
                0x200000c0       0x9c CMakeFiles/PicoVSyncSeparator.dir/C_/develop/pico-sdk/src/common/pico_sync/mutex.c.obj
                0x200000c0                mutex_try_enter_block_until
 .time_critical.mutex_exit
                0x2000015c       0x28 CMakeFiles/PicoVSyncSeparator.dir/C_/develop/pico-sdk/src/common/pico_sync/mutex.c.obj
                0x2000015c                mutex_exit
 *(.text*)
 .text          0x20000184        0x4 c:/progra~2/gnuarm~1/102021~1.10/bin/../lib/gcc/arm-none-eabi/10.3.1/thumb/v6-m/nofp\libgcc.a(_dvmd_tls.o)
                0x20000184                __aeabi_idiv0
                0x20000184                __aeabi_ldiv0
 .text.__stub   0x20000188       0x10 linker stubs
                0x20000198                . = ALIGN (0x4)
 *(.rodata*)
                0x20000198                . = ALIGN (0x4)
 *(.data*)
 .data.striped_spin_lock_num
                0x20000198        0x1 CMakeFiles/PicoVSyncSeparator.dir/C_/develop/pico-sdk/src/rp2_common/hardware_sync/sync.c.obj
 *fill*         0x20000199        0x3 
 .data          0x2000019c       0x48 CMakeFiles/PicoVSyncSeparator.dir/C_/develop/pico-sdk/src/rp2_common/hardware_irq/irq_handler_chain.S.obj
                0x2000019c                irq_handler_chain_slots
                0x200001cc                irq_handler_chain_first_slot
                0x200001d6                irq_handler_chain_remove_tail
 .data.default_alarm_pool
                0x200001e4       0x18 CMakeFiles/PicoVSyncSeparator.dir/C_/develop/pico-sdk/src/common/pico_time/time.c.obj
 *fill*         0x200001fc        0x4 
 .data.aeabi_bits_funcs
                0x20000200       0x10 CMakeFiles/PicoVSyncSeparator.dir/C_/develop/pico-sdk/src/rp2_common/pico_bit_ops/bit_ops_aeabi.S.obj
                0x20000200                aeabi_bits_funcs
                0x20000210                aeabi_bits_funcs_end
 .data.aeabi_mem_funcs
                0x20000210       0x10 CMakeFiles/PicoVSyncSeparator.dir/C_/develop/pico-sdk/src/rp2_common/pico_mem_ops/mem_ops_aeabi.S.obj
                0x20000210                aeabi_mem_funcs
                0x20000220                aeabi_mem_funcs_end
 .data.stdio_uart
                0x20000220       0x18 CMakeFiles/PicoVSyncSeparator.dir/C_/develop/pico-sdk/src/rp2_common/pico_stdio_uart/stdio_uart.c.obj
                0x20000220                stdio_uart
 .data.i2c0_inst
                0x20000238        0x8 CMakeFiles/PicoVSyncSeparator.dir/C_/develop/pico-sdk/src/rp2_common/hardware_i2c/i2c.c.obj
                0x20000238                i2c0_inst
                0x20000240                . = ALIGN (0x4)
 *(.after_data.*)
                0x20000240                . = ALIGN (0x4)
                0x20000240                PROVIDE (__mutex_array_start = .)
 *(SORT_BY_NAME(.mutex_array.*))
 *(.mutex_array)
 .mutex_array   0x20000240        0x8 CMakeFiles/PicoVSyncSeparator.dir/C_/develop/pico-sdk/src/rp2_common/pico_malloc/malloc.c.obj
 .mutex_array   0x20000248        0x8 CMakeFiles/PicoVSyncSeparator.dir/C_/develop/pico-sdk/src/rp2_common/pico_stdio/stdio.c.obj
                0x20000250                PROVIDE (__mutex_array_end = .)
                0x20000250                . = ALIGN (0x4)
 *(.jcr)
                0x20000250                . = ALIGN (0x4)

.igot.plt       0x20000250        0x0 load address 0x10005474
 .igot.plt      0x20000250        0x0 c:/progra~2/gnuarm~1/102021~1.10/bin/../lib/gcc/arm-none-eabi/10.3.1/thumb/v6-m/nofp/crtbegin.o

.tdata          0x20000250        0x0 load address 0x10005474
                0x20000250                . = ALIGN (0x4)
 *(.tdata .tdata.* .gnu.linkonce.td.*)
                0x20000250                __tdata_end = .
                0x20000250                PROVIDE (__data_end__ = .)
                0x100052e4                __etext = LOADADDR (.data)

.tbss           0x20000250        0x0 load address 0x10005474
                0x20000250                . = ALIGN (0x4)
                0x20000250                __bss_start__ = .
                0x20000250                __tls_base = .
 *(.tbss .tbss.* .gnu.linkonce.tb.*)
 *(.tcommon)
                0x20000250                __tls_end = .

.bss            0x20000250      0x44c load address 0x10005474
                0x20000250                . = ALIGN (0x4)
                0x20000250                __tbss_end = .
 *(SORT_BY_ALIGNMENT(SORT_BY_NAME(.bss*)))
 .bss.default_alarm_pool_entries
                0x20000250      0x180 CMakeFiles/PicoVSyncSeparator.dir/C_/develop/pico-sdk/src/common/pico_time/time.c.obj
 .bss.sd_table  0x200003d0      0x100 CMakeFiles/PicoVSyncSeparator.dir/C_/develop/pico-sdk/src/rp2_common/pico_double/double_init_rom_rp2040.c.obj
                0x200003d0                sd_table
 .bss.sf_table  0x200004d0      0x100 CMakeFiles/PicoVSyncSeparator.dir/C_/develop/pico-sdk/src/rp2_common/pico_float/float_init_rom_rp2040.c.obj
                0x200004d0                sf_table
 .bss           0x200005d0       0x1c c:/progra~2/gnuarm~1/102021~1.10/bin/../lib/gcc/arm-none-eabi/10.3.1/thumb/v6-m/nofp/crtbegin.o
 .bss._used_instruction_space
                0x200005ec        0x8 CMakeFiles/PicoVSyncSeparator.dir/C_/develop/pico-sdk/src/rp2_common/hardware_pio/pio.c.obj
 .bss.chars_available_callback
                0x200005f4        0x4 CMakeFiles/PicoVSyncSeparator.dir/C_/develop/pico-sdk/src/rp2_common/pico_stdio_uart/stdio_uart.c.obj
 .bss.chars_available_param
                0x200005f8        0x4 CMakeFiles/PicoVSyncSeparator.dir/C_/develop/pico-sdk/src/rp2_common/pico_stdio_uart/stdio_uart.c.obj
 .bss.claimed   0x200005fc        0x1 CMakeFiles/PicoVSyncSeparator.dir/C_/develop/pico-sdk/src/rp2_common/hardware_timer/timer.c.obj
 *fill*         0x200005fd        0x3 
 .bss.configured_freq
                0x20000600       0x28 CMakeFiles/PicoVSyncSeparator.dir/C_/develop/pico-sdk/src/rp2_common/hardware_clocks/clocks.c.obj
 .bss.drivers   0x20000628        0x4 CMakeFiles/PicoVSyncSeparator.dir/C_/develop/pico-sdk/src/rp2_common/pico_stdio/stdio.c.obj
 .bss.equalizing_count
                0x2000062c        0x4 CMakeFiles/PicoVSyncSeparator.dir/vsync_separator.c.obj
 .bss.filter    0x20000630        0x4 CMakeFiles/PicoVSyncSeparator.dir/C_/develop/pico-sdk/src/rp2_common/pico_stdio/stdio.c.obj
 .bss.lazy_vsnprintf
                0x20000634        0x4 CMakeFiles/PicoVSyncSeparator.dir/C_/develop/pico-sdk/src/rp2_common/pico_printf/printf.c.obj
 .bss.output_patterns
                0x20000638       0x10 CMakeFiles/PicoVSyncSeparator.dir/vsync_separator.c.obj
 .bss.output_pins
                0x20000648       0x10 CMakeFiles/PicoVSyncSeparator.dir/vsync_separator.c.obj
 .bss.pools     0x20000658       0x10 CMakeFiles/PicoVSyncSeparator.dir/C_/develop/pico-sdk/src/common/pico_time/time.c.obj
 .bss.serration_count
                0x20000668        0x4 CMakeFiles/PicoVSyncSeparator.dir/vsync_separator.c.obj
 .bss.sf_clz_func
                0x2000066c        0x4 CMakeFiles/PicoVSyncSeparator.dir/C_/develop/pico-sdk/src/rp2_common/pico_double/double_init_rom_rp2040.c.obj
                0x2000066c                sf_clz_func
 .bss.sleep_notifier
                0x20000670        0x4 CMakeFiles/PicoVSyncSeparator.dir/C_/develop/pico-sdk/src/common/pico_time/time.c.obj
 .bss.stats     0x20000674       0x18 CMakeFiles/PicoVSyncSeparator.dir/vsync_separator.c.obj
 .bss.uart_char_to_line_feed
                0x2000068c        0x4 CMakeFiles/PicoVSyncSeparator.dir/C_/develop/pico-sdk/src/rp2_common/hardware_uart/uart.c.obj
                0x2000068c                uart_char_to_line_feed
 .bss.uart_instance
                0x20000690        0x4 CMakeFiles/PicoVSyncSeparator.dir/C_/develop/pico-sdk/src/rp2_common/pico_stdio_uart/stdio_uart.c.obj
 .bss.vsync_counter
                0x20000694        0x4 CMakeFiles/PicoVSyncSeparator.dir/vsync_separator.c.obj
 .bss.current_state
                0x20000698        0x1 CMakeFiles/PicoVSyncSeparator.dir/vsync_separator.c.obj
 .bss.irq_handler_chain_free_slot_head
                0x20000699        0x1 CMakeFiles/PicoVSyncSeparator.dir/C_/develop/pico-sdk/src/rp2_common/hardware_irq/irq.c.obj
 .bss.output_pin_count
                0x2000069a        0x1 CMakeFiles/PicoVSyncSeparator.dir/vsync_separator.c.obj
 *(COMMON)
                0x2000069c                . = ALIGN (0x4)
 *fill*         0x2000069b        0x1 
                0x2000069c                __bss_end__ = .

.heap           0x2000069c      0x800 load address 0x10005474
                0x2000069c                __end__ = .
                0x2000069c                end = __end__
 *(.heap*)
 .heap          0x2000069c      0x800 CMakeFiles/PicoVSyncSeparator.dir/C_/develop/pico-sdk/src/rp2_common/pico_crt0/crt0.S.obj
                0x20040000                __HeapLimit = (ORIGIN (RAM) + LENGTH (RAM))

.scratch_x      0x20040000        0x0 load address 0x10005474
                0x20040000                __scratch_x_start__ = .
 *(.scratch_x.*)
                0x20040000                . = ALIGN (0x4)
                0x20040000                __scratch_x_end__ = .
                0x10005474                __scratch_x_source__ = LOADADDR (.scratch_x)

.scratch_y      0x20041000        0x0 load address 0x10005474
                0x20041000                __scratch_y_start__ = .
 *(.scratch_y.*)
                0x20041000                . = ALIGN (0x4)
                0x20041000                __scratch_y_end__ = .
                0x10005474                __scratch_y_source__ = LOADADDR (.scratch_y)

.stack1_dummy   0x20040000      0x800
 *(.stack1*)
 .stack1        0x20040000      0x800 CMakeFiles/PicoVSyncSeparator.dir/C_/develop/pico-sdk/src/rp2_common/pico_multicore/multicore.c.obj

.stack_dummy    0x20041000      0x800
 *(.stack*)
 .stack         0x20041000      0x800 CMakeFiles/PicoVSyncSeparator.dir/C_/develop/pico-sdk/src/rp2_common/pico_crt0/crt0.S.obj

.rel.dyn        0x20041800        0x0
 .rel.iplt      0x20041800        0x0 c:/progra~2/gnuarm~1/102021~1.10/bin/../lib/gcc/arm-none-eabi/10.3.1/thumb/v6-m/nofp/crtbegin.o

.flash_end      0x10005474        0x0
 *(.embedded_end_block*)
                0x10005474                PROVIDE (__flash_binary_end = .)
                0x20040000                __StackLimit = (ORIGIN (RAM) + LENGTH (RAM))
                0x20041000                __StackOneTop = (ORIGIN (SCRATCH_X) + LENGTH (SCRATCH_X))
                0x20042000                __StackTop = (ORIGIN (SCRATCH_Y) + LENGTH (SCRATCH_Y))
                0x20040800                __StackOneBottom = (__StackOneTop - SIZEOF (.stack1_dummy))
                0x20041800                __StackBottom = (__StackTop - SIZEOF (.stack_dummy))
                0x20042000                PROVIDE (__stack = __StackTop)
                [!provide]                PROVIDE (__heap_start = __end__)
                [!provide]                PROVIDE (__heap_end = __HeapLimit)
                [!provide]                PROVIDE (__tls_align = MAX (ALIGNOF (.tdata), ALIGNOF (.tbss)))
                [!provide]                PROVIDE (__tls_size_align = (((__tls_size + __tls_align) - 0x1) & ~ ((__tls_align - 0x1))))
                [!provide]                PROVIDE (__arm32_tls_tcb_offset = MAX (0x8, __tls_align))
                [!provide]                PROVIDE (_end = __end__)
                [!provide]                PROVIDE (__llvm_libc_heap_limit = __HeapLimit)
                0x00000001                ASSERT ((__StackLimit >= __HeapLimit), region RAM overflowed)
                0x00000001                ASSERT (((__binary_info_header_end - __logical_binary_start) <= 0x100), Binary info must be in first 256 bytes of the binary)
LOAD CMakeFiles/PicoVSyncSeparator.dir/vsync_main.c.obj
LOAD CMakeFiles/PicoVSyncSeparator.dir/vsync_separator.c.obj
LOAD CMakeFiles/PicoVSyncSeparator.dir/C_/develop/pico-sdk/src/rp2_common/pico_stdlib/stdlib.c.obj
LOAD CMakeFiles/PicoVSyncSeparator.dir/C_/develop/pico-sdk/src/rp2_common/hardware_gpio/gpio.c.obj
LOAD CMakeFiles/PicoVSyncSeparator.dir/C_/develop/pico-sdk/src/rp2040/pico_platform/platform.c.obj
LOAD CMakeFiles/PicoVSyncSeparator.dir/C_/develop/pico-sdk/src/rp2_common/pico_platform_common/common.c.obj
LOAD CMakeFiles/PicoVSyncSeparator.dir/C_/develop/pico-sdk/src/rp2_common/pico_platform_panic/panic.c.obj
LOAD CMakeFiles/PicoVSyncSeparator.dir/C_/develop/pico-sdk/src/common/hardware_claim/claim.c.obj
LOAD CMakeFiles/PicoVSyncSeparator.dir/C_/develop/pico-sdk/src/rp2_common/hardware_sync/sync.c.obj
LOAD CMakeFiles/PicoVSyncSeparator.dir/C_/develop/pico-sdk/src/rp2_common/hardware_sync_spin_lock/sync_spin_lock.c.obj
LOAD CMakeFiles/PicoVSyncSeparator.dir/C_/develop/pico-sdk/src/rp2_common/hardware_irq/irq.c.obj
LOAD CMakeFiles/PicoVSyncSeparator.dir/C_/develop/pico-sdk/src/rp2_common/hardware_irq/irq_handler_chain.S.obj
LOAD CMakeFiles/PicoVSyncSeparator.dir/C_/develop/pico-sdk/src/common/pico_sync/sem.c.obj
LOAD CMakeFiles/PicoVSyncSeparator.dir/C_/develop/pico-sdk/src/common/pico_sync/lock_core.c.obj
LOAD CMakeFiles/PicoVSyncSeparator.dir/C_/develop/pico-sdk/src/common/pico_sync/mutex.c.obj
LOAD CMakeFiles/PicoVSyncSeparator.dir/C_/develop/pico-sdk/src/common/pico_sync/critical_section.c.obj
LOAD CMakeFiles/PicoVSyncSeparator.dir/C_/develop/pico-sdk/src/common/pico_time/time.c.obj
LOAD CMakeFiles/PicoVSyncSeparator.dir/C_/develop/pico-sdk/src/common/pico_time/timeout_helper.c.obj
LOAD CMakeFiles/PicoVSyncSeparator.dir/C_/develop/pico-sdk/src/rp2_common/hardware_timer/timer.c.obj
LOAD CMakeFiles/PicoVSyncSeparator.dir/C_/develop/pico-sdk/src/common/pico_util/datetime.c.obj
LOAD CMakeFiles/PicoVSyncSeparator.dir/C_/develop/pico-sdk/src/common/pico_util/pheap.c.obj
LOAD CMakeFiles/PicoVSyncSeparator.dir/C_/develop/pico-sdk/src/common/pico_util/queue.c.obj
LOAD CMakeFiles/PicoVSyncSeparator.dir/C_/develop/pico-sdk/src/rp2_common/hardware_uart/uart.c.obj
LOAD CMakeFiles/PicoVSyncSeparator.dir/C_/develop/pico-sdk/src/rp2_common/hardware_clocks/clocks.c.obj
LOAD CMakeFiles/PicoVSyncSeparator.dir/C_/develop/pico-sdk/src/rp2_common/hardware_pll/pll.c.obj
LOAD CMakeFiles/PicoVSyncSeparator.dir/C_/develop/pico-sdk/src/rp2_common/hardware_vreg/vreg.c.obj
LOAD CMakeFiles/PicoVSyncSeparator.dir/C_/develop/pico-sdk/src/rp2_common/hardware_watchdog/watchdog.c.obj
LOAD CMakeFiles/PicoVSyncSeparator.dir/C_/develop/pico-sdk/src/rp2_common/hardware_ticks/ticks.c.obj
LOAD CMakeFiles/PicoVSyncSeparator.dir/C_/develop/pico-sdk/src/rp2_common/pico_bootrom/bootrom.c.obj
LOAD CMakeFiles/PicoVSyncSeparator.dir/C_/develop/pico-sdk/src/rp2_common/pico_bootrom/bootrom_lock.c.obj
LOAD CMakeFiles/PicoVSyncSeparator.dir/C_/develop/pico-sdk/src/rp2_common/hardware_boot_lock/boot_lock.c.obj
LOAD CMakeFiles/PicoVSyncSeparator.dir/C_/develop/pico-sdk/src/rp2_common/pico_flash/flash.c.obj
LOAD CMakeFiles/PicoVSyncSeparator.dir/C_/develop/pico-sdk/src/rp2_common/hardware_xosc/xosc.c.obj
LOAD CMakeFiles/PicoVSyncSeparator.dir/C_/develop/pico-sdk/src/rp2_common/hardware_divider/divider.S.obj
LOAD CMakeFiles/PicoVSyncSeparator.dir/C_/develop/pico-sdk/src/rp2_common/pico_runtime/runtime.c.obj
LOAD CMakeFiles/PicoVSyncSeparator.dir/C_/develop/pico-sdk/src/rp2_common/pico_runtime_init/runtime_init.c.obj
LOAD CMakeFiles/PicoVSyncSeparator.dir/C_/develop/pico-sdk/src/rp2_common/pico_runtime_init/runtime_init_clocks.c.obj
LOAD CMakeFiles/PicoVSyncSeparator.dir/C_/develop/pico-sdk/src/rp2_common/pico_runtime_init/runtime_init_stack_guard.c.obj
LOAD CMakeFiles/PicoVSyncSeparator.dir/C_/develop/pico-sdk/src/rp2_common/pico_bit_ops/bit_ops_aeabi.S.obj
LOAD CMakeFiles/PicoVSyncSeparator.dir/C_/develop/pico-sdk/src/rp2_common/pico_divider/divider_hardware.S.obj
LOAD CMakeFiles/PicoVSyncSeparator.dir/C_/develop/pico-sdk/src/rp2_common/pico_double/double_aeabi_rp2040.S.obj
LOAD CMakeFiles/PicoVSyncSeparator.dir/C_/develop/pico-sdk/src/rp2_common/pico_double/double_init_rom_rp2040.c.obj
LOAD CMakeFiles/PicoVSyncSeparator.dir/C_/develop/pico-sdk/src/rp2_common/pico_double/double_math.c.obj
LOAD CMakeFiles/PicoVSyncSeparator.dir/C_/develop/pico-sdk/src/rp2_common/pico_double/double_v1_rom_shim_rp2040.S.obj
LOAD CMakeFiles/PicoVSyncSeparator.dir/C_/develop/pico-sdk/src/rp2_common/pico_int64_ops/pico_int64_ops_aeabi.S.obj
LOAD CMakeFiles/PicoVSyncSeparator.dir/C_/develop/pico-sdk/src/rp2_common/pico_float/float_aeabi_rp2040.S.obj
LOAD CMakeFiles/PicoVSyncSeparator.dir/C_/develop/pico-sdk/src/rp2_common/pico_float/float_init_rom_rp2040.c.obj
LOAD CMakeFiles/PicoVSyncSeparator.dir/C_/develop/pico-sdk/src/rp2_common/pico_float/float_math.c.obj
LOAD CMakeFiles/PicoVSyncSeparator.dir/C_/develop/pico-sdk/src/rp2_common/pico_float/float_v1_rom_shim_rp2040.S.obj
LOAD CMakeFiles/PicoVSyncSeparator.dir/C_/develop/pico-sdk/src/rp2_common/pico_malloc/malloc.c.obj
LOAD CMakeFiles/PicoVSyncSeparator.dir/C_/develop/pico-sdk/src/rp2_common/pico_mem_ops/mem_ops_aeabi.S.obj
LOAD CMakeFiles/PicoVSyncSeparator.dir/C_/develop/pico-sdk/src/rp2_common/pico_atomic/atomic.c.obj
LOAD CMakeFiles/PicoVSyncSeparator.dir/C_/develop/pico-sdk/src/rp2_common/pico_cxx_options/new_delete.cpp.obj
LOAD CMakeFiles/PicoVSyncSeparator.dir/C_/develop/pico-sdk/src/rp2_common/pico_standard_binary_info/standard_binary_info.c.obj
LOAD CMakeFiles/PicoVSyncSeparator.dir/C_/develop/pico-sdk/src/rp2_common/pico_printf/printf.c.obj
LOAD CMakeFiles/PicoVSyncSeparator.dir/C_/develop/pico-sdk/src/rp2_common/pico_crt0/crt0.S.obj
LOAD CMakeFiles/PicoVSyncSeparator.dir/C_/develop/pico-sdk/src/rp2_common/pico_clib_interface/newlib_interface.c.obj
LOAD CMakeFiles/PicoVSyncSeparator.dir/C_/develop/pico-sdk/src/rp2_common/pico_stdio/stdio.c.obj
LOAD CMakeFiles/PicoVSyncSeparator.dir/C_/develop/pico-sdk/src/rp2_common/pico_stdio_uart/stdio_uart.c.obj
LOAD CMakeFiles/PicoVSyncSeparator.dir/C_/develop/pico-sdk/src/rp2_common/hardware_flash/flash.c.obj
LOAD CMakeFiles/PicoVSyncSeparator.dir/C_/develop/pico-sdk/src/rp2_common/hardware_xip_cache/xip_cache.c.obj
LOAD CMakeFiles/PicoVSyncSeparator.dir/C_/develop/pico-sdk/src/rp2_common/hardware_pio/pio.c.obj
LOAD CMakeFiles/PicoVSyncSeparator.dir/C_/develop/pico-sdk/src/rp2_common/pico_multicore/multicore.c.obj
LOAD CMakeFiles/PicoVSyncSeparator.dir/C_/develop/pico-sdk/src/rp2_common/hardware_i2c/i2c.c.obj
LOAD pico-sdk/src/rp2040/boot_stage2/CMakeFiles/bs2_default_library.dir/./bs2_default_padded_checksummed.S.obj
LOAD c:/progra~2/gnuarm~1/102021~1.10/bin/../lib/gcc/arm-none-eabi/10.3.1/../../../../arm-none-eabi/lib/thumb/v6-m/nofp\libstdc++.a
LOAD c:/progra~2/gnuarm~1/102021~1.10/bin/../lib/gcc/arm-none-eabi/10.3.1/../../../../arm-none-eabi/lib/thumb/v6-m/nofp\libm.a
START GROUP
LOAD c:/progra~2/gnuarm~1/102021~1.10/bin/../lib/gcc/arm-none-eabi/10.3.1/thumb/v6-m/nofp\libgcc.a
LOAD c:/progra~2/gnuarm~1/102021~1.10/bin/../lib/gcc/arm-none-eabi/10.3.1/../../../../arm-none-eabi/lib/thumb/v6-m/nofp\libg.a
LOAD c:/progra~2/gnuarm~1/102021~1.10/bin/../lib/gcc/arm-none-eabi/10.3.1/../../../../arm-none-eabi/lib/thumb/v6-m/nofp\libc.a
END GROUP
START GROUP
LOAD c:/progra~2/gnuarm~1/102021~1.10/bin/../lib/gcc/arm-none-eabi/10.3.1/thumb/v6-m/nofp\libgcc.a
LOAD c:/progra~2/gnuarm~1/102021~1.10/bin/../lib/gcc/arm-none-eabi/10.3.1/../../../../arm-none-eabi/lib/thumb/v6-m/nofp\libc.a
LOAD c:/progra~2/gnuarm~1/102021~1.10/bin/../lib/gcc/arm-none-eabi/10.3.1/../../../../arm-none-eabi/lib/thumb/v6-m/nofp\libnosys.a
END GROUP
LOAD c:/progra~2/gnuarm~1/102021~1.10/bin/../lib/gcc/arm-none-eabi/10.3.1/thumb/v6-m/nofp/crtend.o
LOAD c:/progra~2/gnuarm~1/102021~1.10/bin/../lib/gcc/arm-none-eabi/10.3.1/thumb/v6-m/nofp/crtn.o
OUTPUT(PicoVSyncSeparator.elf elf32-littlearm)
LOAD linker stubs

.ARM.attributes
                0x00000000       0x28
 .ARM.attributes
                0x00000000       0x1e c:/progra~2/gnuarm~1/102021~1.10/bin/../lib/gcc/arm-none-eabi/10.3.1/thumb/v6-m/nofp/crti.o
 .ARM.attributes
                0x0000001e       0x2c c:/progra~2/gnuarm~1/102021~1.10/bin/../lib/gcc/arm-none-eabi/10.3.1/thumb/v6-m/nofp/crtbegin.o
 .ARM.attributes
                0x0000004a       0x2c CMakeFiles/PicoVSyncSeparator.dir/vsync_main.c.obj
 .ARM.attributes
                0x00000076       0x2c CMakeFiles/PicoVSyncSeparator.dir/vsync_separator.c.obj
 .ARM.attributes
                0x000000a2       0x2c CMakeFiles/PicoVSyncSeparator.dir/C_/develop/pico-sdk/src/rp2_common/hardware_gpio/gpio.c.obj
 .ARM.attributes
                0x000000ce       0x2c CMakeFiles/PicoVSyncSeparator.dir/C_/develop/pico-sdk/src/rp2_common/pico_platform_panic/panic.c.obj
 .ARM.attributes
                0x000000fa       0x2c CMakeFiles/PicoVSyncSeparator.dir/C_/develop/pico-sdk/src/common/hardware_claim/claim.c.obj
 .ARM.attributes
                0x00000126       0x2c CMakeFiles/PicoVSyncSeparator.dir/C_/develop/pico-sdk/src/rp2_common/hardware_sync/sync.c.obj
 .ARM.attributes
                0x00000152       0x2c CMakeFiles/PicoVSyncSeparator.dir/C_/develop/pico-sdk/src/rp2_common/hardware_sync_spin_lock/sync_spin_lock.c.obj
 .ARM.attributes
                0x0000017e       0x2c CMakeFiles/PicoVSyncSeparator.dir/C_/develop/pico-sdk/src/rp2_common/hardware_irq/irq.c.obj
 .ARM.attributes
                0x000001aa       0x22 CMakeFiles/PicoVSyncSeparator.dir/C_/develop/pico-sdk/src/rp2_common/hardware_irq/irq_handler_chain.S.obj
 .ARM.attributes
                0x000001cc       0x2c CMakeFiles/PicoVSyncSeparator.dir/C_/develop/pico-sdk/src/common/pico_sync/lock_core.c.obj
 .ARM.attributes
                0x000001f8       0x2c CMakeFiles/PicoVSyncSeparator.dir/C_/develop/pico-sdk/src/common/pico_sync/mutex.c.obj
 .ARM.attributes
                0x00000224       0x2c CMakeFiles/PicoVSyncSeparator.dir/C_/develop/pico-sdk/src/common/pico_time/time.c.obj
 .ARM.attributes
                0x00000250       0x2c CMakeFiles/PicoVSyncSeparator.dir/C_/develop/pico-sdk/src/rp2_common/hardware_timer/timer.c.obj
 .ARM.attributes
                0x0000027c       0x2c CMakeFiles/PicoVSyncSeparator.dir/C_/develop/pico-sdk/src/rp2_common/hardware_uart/uart.c.obj
 .ARM.attributes
                0x000002a8       0x2c CMakeFiles/PicoVSyncSeparator.dir/C_/develop/pico-sdk/src/rp2_common/hardware_clocks/clocks.c.obj
 .ARM.attributes
                0x000002d4       0x2c CMakeFiles/PicoVSyncSeparator.dir/C_/develop/pico-sdk/src/rp2_common/hardware_pll/pll.c.obj
 .ARM.attributes
                0x00000300       0x2c CMakeFiles/PicoVSyncSeparator.dir/C_/develop/pico-sdk/src/rp2_common/hardware_ticks/ticks.c.obj
 .ARM.attributes
                0x0000032c       0x2c CMakeFiles/PicoVSyncSeparator.dir/C_/develop/pico-sdk/src/rp2_common/pico_bootrom/bootrom.c.obj
 .ARM.attributes
                0x00000358       0x2c CMakeFiles/PicoVSyncSeparator.dir/C_/develop/pico-sdk/src/rp2_common/hardware_xosc/xosc.c.obj
 .ARM.attributes
                0x00000384       0x2c CMakeFiles/PicoVSyncSeparator.dir/C_/develop/pico-sdk/src/rp2_common/pico_runtime/runtime.c.obj
 .ARM.attributes
                0x000003b0       0x2c CMakeFiles/PicoVSyncSeparator.dir/C_/develop/pico-sdk/src/rp2_common/pico_runtime_init/runtime_init.c.obj
 .ARM.attributes
                0x000003dc       0x2c CMakeFiles/PicoVSyncSeparator.dir/C_/develop/pico-sdk/src/rp2_common/pico_runtime_init/runtime_init_clocks.c.obj
 .ARM.attributes
                0x00000408       0x22 CMakeFiles/PicoVSyncSeparator.dir/C_/develop/pico-sdk/src/rp2_common/pico_bit_ops/bit_ops_aeabi.S.obj
 .ARM.attributes
                0x0000042a       0x22 CMakeFiles/PicoVSyncSeparator.dir/C_/develop/pico-sdk/src/rp2_common/pico_divider/divider_hardware.S.obj
 .ARM.attributes
                0x0000044c       0x22 CMakeFiles/PicoVSyncSeparator.dir/C_/develop/pico-sdk/src/rp2_common/pico_double/double_aeabi_rp2040.S.obj
 .ARM.attributes
                0x0000046e       0x2c CMakeFiles/PicoVSyncSeparator.dir/C_/develop/pico-sdk/src/rp2_common/pico_double/double_init_rom_rp2040.c.obj
 .ARM.attributes
                0x0000049a       0x22 CMakeFiles/PicoVSyncSeparator.dir/C_/develop/pico-sdk/src/rp2_common/pico_double/double_v1_rom_shim_rp2040.S.obj
 .ARM.attributes
                0x000004bc       0x22 CMakeFiles/PicoVSyncSeparator.dir/C_/develop/pico-sdk/src/rp2_common/pico_int64_ops/pico_int64_ops_aeabi.S.obj
 .ARM.attributes
                0x000004de       0x22 CMakeFiles/PicoVSyncSeparator.dir/C_/develop/pico-sdk/src/rp2_common/pico_float/float_aeabi_rp2040.S.obj
 .ARM.attributes
                0x00000500       0x2c CMakeFiles/PicoVSyncSeparator.dir/C_/develop/pico-sdk/src/rp2_common/pico_float/float_init_rom_rp2040.c.obj
 .ARM.attributes
                0x0000052c       0x22 CMakeFiles/PicoVSyncSeparator.dir/C_/develop/pico-sdk/src/rp2_common/pico_float/float_v1_rom_shim_rp2040.S.obj
 .ARM.attributes
                0x0000054e       0x2c CMakeFiles/PicoVSyncSeparator.dir/C_/develop/pico-sdk/src/rp2_common/pico_malloc/malloc.c.obj
 .ARM.attributes
                0x0000057a       0x22 CMakeFiles/PicoVSyncSeparator.dir/C_/develop/pico-sdk/src/rp2_common/pico_mem_ops/mem_ops_aeabi.S.obj
 .ARM.attributes
                0x0000059c       0x2c CMakeFiles/PicoVSyncSeparator.dir/C_/develop/pico-sdk/src/rp2_common/pico_standard_binary_info/standard_binary_info.c.obj
 .ARM.attributes
                0x000005c8       0x2c CMakeFiles/PicoVSyncSeparator.dir/C_/develop/pico-sdk/src/rp2_common/pico_printf/printf.c.obj
 .ARM.attributes
                0x000005f4       0x22 CMakeFiles/PicoVSyncSeparator.dir/C_/develop/pico-sdk/src/rp2_common/pico_crt0/crt0.S.obj
 .ARM.attributes
                0x00000616       0x2c CMakeFiles/PicoVSyncSeparator.dir/C_/develop/pico-sdk/src/rp2_common/pico_clib_interface/newlib_interface.c.obj
 .ARM.attributes
                0x00000642       0x2c CMakeFiles/PicoVSyncSeparator.dir/C_/develop/pico-sdk/src/rp2_common/pico_stdio/stdio.c.obj
 .ARM.attributes
                0x0000066e       0x2c CMakeFiles/PicoVSyncSeparator.dir/C_/develop/pico-sdk/src/rp2_common/pico_stdio_uart/stdio_uart.c.obj
 .ARM.attributes
                0x0000069a       0x2c CMakeFiles/PicoVSyncSeparator.dir/C_/develop/pico-sdk/src/rp2_common/hardware_pio/pio.c.obj
 .ARM.attributes
                0x000006c6       0x2c CMakeFiles/PicoVSyncSeparator.dir/C_/develop/pico-sdk/src/rp2_common/pico_multicore/multicore.c.obj
 .ARM.attributes
                0x000006f2       0x2c CMakeFiles/PicoVSyncSeparator.dir/C_/develop/pico-sdk/src/rp2_common/hardware_i2c/i2c.c.obj
 .ARM.attributes
                0x0000071e       0x22 pico-sdk/src/rp2040/boot_stage2/CMakeFiles/bs2_default_library.dir/./bs2_default_padded_checksummed.S.obj
 .ARM.attributes
                0x00000740       0x1e c:/progra~2/gnuarm~1/102021~1.10/bin/../lib/gcc/arm-none-eabi/10.3.1/thumb/v6-m/nofp\libgcc.a(_dvmd_tls.o)
 .ARM.attributes
                0x0000075e       0x2c c:/progra~2/gnuarm~1/102021~1.10/bin/../lib/gcc/arm-none-eabi/10.3.1/../../../../arm-none-eabi/lib/thumb/v6-m/nofp\libg.a(lib_a-strlen-stub.o)

.comment        0x00000000       0x49
 .comment       0x00000000       0x49 CMakeFiles/PicoVSyncSeparator.dir/vsync_main.c.obj
                                 0x4a (size before relaxing)
 .comment       0x00000049       0x4a CMakeFiles/PicoVSyncSeparator.dir/vsync_separator.c.obj
 .comment       0x00000049       0x4a CMakeFiles/PicoVSyncSeparator.dir/C_/develop/pico-sdk/src/rp2_common/hardware_gpio/gpio.c.obj
 .comment       0x00000049       0x4a CMakeFiles/PicoVSyncSeparator.dir/C_/develop/pico-sdk/src/rp2_common/pico_platform_panic/panic.c.obj
 .comment       0x00000049       0x4a CMakeFiles/PicoVSyncSeparator.dir/C_/develop/pico-sdk/src/common/hardware_claim/claim.c.obj
 .comment       0x00000049       0x4a CMakeFiles/PicoVSyncSeparator.dir/C_/develop/pico-sdk/src/rp2_common/hardware_sync/sync.c.obj
 .comment       0x00000049       0x4a CMakeFiles/PicoVSyncSeparator.dir/C_/develop/pico-sdk/src/rp2_common/hardware_sync_spin_lock/sync_spin_lock.c.obj
 .comment       0x00000049       0x4a CMakeFiles/PicoVSyncSeparator.dir/C_/develop/pico-sdk/src/rp2_common/hardware_irq/irq.c.obj
 .comment       0x00000049       0x4a CMakeFiles/PicoVSyncSeparator.dir/C_/develop/pico-sdk/src/common/pico_sync/lock_core.c.obj
 .comment       0x00000049       0x4a CMakeFiles/PicoVSyncSeparator.dir/C_/develop/pico-sdk/src/common/pico_sync/mutex.c.obj
 .comment       0x00000049       0x4a CMakeFiles/PicoVSyncSeparator.dir/C_/develop/pico-sdk/src/common/pico_time/time.c.obj
 .comment       0x00000049       0x4a CMakeFiles/PicoVSyncSeparator.dir/C_/develop/pico-sdk/src/rp2_common/hardware_timer/timer.c.obj
 .comment       0x00000049       0x4a CMakeFiles/PicoVSyncSeparator.dir/C_/develop/pico-sdk/src/rp2_common/hardware_uart/uart.c.obj
 .comment       0x00000049       0x4a CMakeFiles/PicoVSyncSeparator.dir/C_/develop/pico-sdk/src/rp2_common/hardware_clocks/clocks.c.obj
 .comment       0x00000049       0x4a CMakeFiles/PicoVSyncSeparator.dir/C_/develop/pico-sdk/src/rp2_common/hardware_pll/pll.c.obj
 .comment       0x00000049       0x4a CMakeFiles/PicoVSyncSeparator.dir/C_/develop/pico-sdk/src/rp2_common/hardware_ticks/ticks.c.obj
 .comment       0x00000049       0x4a CMakeFiles/PicoVSyncSeparator.dir/C_/develop/pico-sdk/src/rp2_common/pico_bootrom/bootrom.c.obj
 .comment       0x00000049       0x4a CMakeFiles/PicoVSyncSeparator.dir/C_/develop/pico-sdk/src/rp2_common/hardware_xosc/xosc.c.obj
 .comment       0x00000049       0x4a CMakeFiles/PicoVSyncSeparator.dir/C_/develop/pico-sdk/src/rp2_common/pico_runtime/runtime.c.obj
 .comment       0x00000049       0x4a CMakeFiles/PicoVSyncSeparator.dir/C_/develop/pico-sdk/src/rp2_common/pico_runtime_init/runtime_init.c.obj
 .comment       0x00000049       0x4a CMakeFiles/PicoVSyncSeparator.dir/C_/develop/pico-sdk/src/rp2_common/pico_runtime_init/runtime_init_clocks.c.obj
 .comment       0x00000049       0x4a CMakeFiles/PicoVSyncSeparator.dir/C_/develop/pico-sdk/src/rp2_common/pico_double/double_init_rom_rp2040.c.obj
 .comment       0x00000049       0x4a CMakeFiles/PicoVSyncSeparator.dir/C_/develop/pico-sdk/src/rp2_common/pico_float/float_init_rom_rp2040.c.obj
 .comment       0x00000049       0x4a CMakeFiles/PicoVSyncSeparator.dir/C_/develop/pico-sdk/src/rp2_common/pico_malloc/malloc.c.obj
 .comment       0x00000049       0x4a CMakeFiles/PicoVSyncSeparator.dir/C_/develop/pico-sdk/src/rp2_common/pico_standard_binary_info/standard_binary_info.c.obj
 .comment       0x00000049       0x4a CMakeFiles/PicoVSyncSeparator.dir/C_/develop/pico-sdk/src/rp2_common/pico_printf/printf.c.obj
 .comment       0x00000049       0x4a CMakeFiles/PicoVSyncSeparator.dir/C_/develop/pico-sdk/src/rp2_common/pico_clib_interface/newlib_interface.c.obj
 .comment       0x00000049       0x4a CMakeFiles/PicoVSyncSeparator.dir/C_/develop/pico-sdk/src/rp2_common/pico_stdio/stdio.c.obj
 .comment       0x00000049       0x4a CMakeFiles/PicoVSyncSeparator.dir/C_/develop/pico-sdk/src/rp2_common/pico_stdio_uart/stdio_uart.c.obj
 .comment       0x00000049       0x4a CMakeFiles/PicoVSyncSeparator.dir/C_/develop/pico-sdk/src/rp2_common/hardware_pio/pio.c.obj
 .comment       0x00000049       0x4a CMakeFiles/PicoVSyncSeparator.dir/C_/develop/pico-sdk/src/rp2_common/pico_multicore/multicore.c.obj
 .comment       0x00000049       0x4a CMakeFiles/PicoVSyncSeparator.dir/C_/develop/pico-sdk/src/rp2_common/hardware_i2c/i2c.c.obj

.debug_info     0x00000000    0x26943
 .debug_info    0x00000000      0x945 CMakeFiles/PicoVSyncSeparator.dir/vsync_main.c.obj
 .debug_info    0x00000945     0x2146 CMakeFiles/PicoVSyncSeparator.dir/vsync_separator.c.obj
 .debug_info    0x00002a8b     0x24fa CMakeFiles/PicoVSyncSeparator.dir/C_/develop/pico-sdk/src/rp2_common/hardware_gpio/gpio.c.obj
 .debug_info    0x00004f85      0x19c CMakeFiles/PicoVSyncSeparator.dir/C_/develop/pico-sdk/src/rp2_common/pico_platform_panic/panic.c.obj
 .debug_info    0x00005121      0xa53 CMakeFiles/PicoVSyncSeparator.dir/C_/develop/pico-sdk/src/common/hardware_claim/claim.c.obj
 .debug_info    0x00005b74      0x3f5 CMakeFiles/PicoVSyncSeparator.dir/C_/develop/pico-sdk/src/rp2_common/hardware_sync/sync.c.obj
 .debug_info    0x00005f69      0x24e CMakeFiles/PicoVSyncSeparator.dir/C_/develop/pico-sdk/src/rp2_common/hardware_sync_spin_lock/sync_spin_lock.c.obj
 .debug_info    0x000061b7     0x22d3 CMakeFiles/PicoVSyncSeparator.dir/C_/develop/pico-sdk/src/rp2_common/hardware_irq/irq.c.obj
 .debug_info    0x0000848a      0x160 CMakeFiles/PicoVSyncSeparator.dir/C_/develop/pico-sdk/src/common/pico_sync/lock_core.c.obj
 .debug_info    0x000085ea     0x2b05 CMakeFiles/PicoVSyncSeparator.dir/C_/develop/pico-sdk/src/common/pico_sync/mutex.c.obj
 .debug_info    0x0000b0ef     0x4a13 CMakeFiles/PicoVSyncSeparator.dir/C_/develop/pico-sdk/src/common/pico_time/time.c.obj
 .debug_info    0x0000fb02     0x2b24 CMakeFiles/PicoVSyncSeparator.dir/C_/develop/pico-sdk/src/rp2_common/hardware_timer/timer.c.obj
 .debug_info    0x00012626     0x1a01 CMakeFiles/PicoVSyncSeparator.dir/C_/develop/pico-sdk/src/rp2_common/hardware_uart/uart.c.obj
 .debug_info    0x00014027     0x29cd CMakeFiles/PicoVSyncSeparator.dir/C_/develop/pico-sdk/src/rp2_common/hardware_clocks/clocks.c.obj
 .debug_info    0x000169f4      0x511 CMakeFiles/PicoVSyncSeparator.dir/C_/develop/pico-sdk/src/rp2_common/hardware_pll/pll.c.obj
 .debug_info    0x00016f05      0x25a CMakeFiles/PicoVSyncSeparator.dir/C_/develop/pico-sdk/src/rp2_common/hardware_ticks/ticks.c.obj
 .debug_info    0x0001715f      0x516 CMakeFiles/PicoVSyncSeparator.dir/C_/develop/pico-sdk/src/rp2_common/pico_bootrom/bootrom.c.obj
 .debug_info    0x00017675      0x1e1 CMakeFiles/PicoVSyncSeparator.dir/C_/develop/pico-sdk/src/rp2_common/hardware_xosc/xosc.c.obj
 .debug_info    0x00017856      0x214 CMakeFiles/PicoVSyncSeparator.dir/C_/develop/pico-sdk/src/rp2_common/pico_runtime/runtime.c.obj
 .debug_info    0x00017a6a      0x82a CMakeFiles/PicoVSyncSeparator.dir/C_/develop/pico-sdk/src/rp2_common/pico_runtime_init/runtime_init.c.obj
 .debug_info    0x00018294      0x719 CMakeFiles/PicoVSyncSeparator.dir/C_/develop/pico-sdk/src/rp2_common/pico_runtime_init/runtime_init_clocks.c.obj
 .debug_info    0x000189ad       0x22 CMakeFiles/PicoVSyncSeparator.dir/C_/develop/pico-sdk/src/rp2_common/pico_bit_ops/bit_ops_aeabi.S.obj
 .debug_info    0x000189cf       0x22 CMakeFiles/PicoVSyncSeparator.dir/C_/develop/pico-sdk/src/rp2_common/pico_divider/divider_hardware.S.obj
 .debug_info    0x000189f1       0x22 CMakeFiles/PicoVSyncSeparator.dir/C_/develop/pico-sdk/src/rp2_common/pico_double/double_aeabi_rp2040.S.obj
 .debug_info    0x00018a13      0x23c CMakeFiles/PicoVSyncSeparator.dir/C_/develop/pico-sdk/src/rp2_common/pico_double/double_init_rom_rp2040.c.obj
 .debug_info    0x00018c4f       0x22 CMakeFiles/PicoVSyncSeparator.dir/C_/develop/pico-sdk/src/rp2_common/pico_double/double_v1_rom_shim_rp2040.S.obj
 .debug_info    0x00018c71       0x26 CMakeFiles/PicoVSyncSeparator.dir/C_/develop/pico-sdk/src/rp2_common/pico_int64_ops/pico_int64_ops_aeabi.S.obj
 .debug_info    0x00018c97       0x22 CMakeFiles/PicoVSyncSeparator.dir/C_/develop/pico-sdk/src/rp2_common/pico_float/float_aeabi_rp2040.S.obj
 .debug_info    0x00018cb9      0x246 CMakeFiles/PicoVSyncSeparator.dir/C_/develop/pico-sdk/src/rp2_common/pico_float/float_init_rom_rp2040.c.obj
 .debug_info    0x00018eff       0x22 CMakeFiles/PicoVSyncSeparator.dir/C_/develop/pico-sdk/src/rp2_common/pico_float/float_v1_rom_shim_rp2040.S.obj
 .debug_info    0x00018f21      0x588 CMakeFiles/PicoVSyncSeparator.dir/C_/develop/pico-sdk/src/rp2_common/pico_malloc/malloc.c.obj
 .debug_info    0x000194a9       0x22 CMakeFiles/PicoVSyncSeparator.dir/C_/develop/pico-sdk/src/rp2_common/pico_mem_ops/mem_ops_aeabi.S.obj
 .debug_info    0x000194cb      0x2fb CMakeFiles/PicoVSyncSeparator.dir/C_/develop/pico-sdk/src/rp2_common/pico_standard_binary_info/standard_binary_info.c.obj
 .debug_info    0x000197c6     0x21c9 CMakeFiles/PicoVSyncSeparator.dir/C_/develop/pico-sdk/src/rp2_common/pico_printf/printf.c.obj
 .debug_info    0x0001b98f       0x22 CMakeFiles/PicoVSyncSeparator.dir/C_/develop/pico-sdk/src/rp2_common/pico_crt0/crt0.S.obj
 .debug_info    0x0001b9b1      0xbbb CMakeFiles/PicoVSyncSeparator.dir/C_/develop/pico-sdk/src/rp2_common/pico_clib_interface/newlib_interface.c.obj
 .debug_info    0x0001c56c     0x1cef CMakeFiles/PicoVSyncSeparator.dir/C_/develop/pico-sdk/src/rp2_common/pico_stdio/stdio.c.obj
 .debug_info    0x0001e25b     0x1534 CMakeFiles/PicoVSyncSeparator.dir/C_/develop/pico-sdk/src/rp2_common/pico_stdio_uart/stdio_uart.c.obj
 .debug_info    0x0001f78f     0x34a8 CMakeFiles/PicoVSyncSeparator.dir/C_/develop/pico-sdk/src/rp2_common/hardware_pio/pio.c.obj
 .debug_info    0x00022c37     0x2025 CMakeFiles/PicoVSyncSeparator.dir/C_/develop/pico-sdk/src/rp2_common/pico_multicore/multicore.c.obj
 .debug_info    0x00024c5c     0x1ce7 CMakeFiles/PicoVSyncSeparator.dir/C_/develop/pico-sdk/src/rp2_common/hardware_i2c/i2c.c.obj

.debug_abbrev   0x00000000     0x62fc
 .debug_abbrev  0x00000000      0x2b8 CMakeFiles/PicoVSyncSeparator.dir/vsync_main.c.obj
 .debug_abbrev  0x000002b8      0x4fd CMakeFiles/PicoVSyncSeparator.dir/vsync_separator.c.obj
 .debug_abbrev  0x000007b5      0x4a1 CMakeFiles/PicoVSyncSeparator.dir/C_/develop/pico-sdk/src/rp2_common/hardware_gpio/gpio.c.obj
 .debug_abbrev  0x00000c56       0xf4 CMakeFiles/PicoVSyncSeparator.dir/C_/develop/pico-sdk/src/rp2_common/pico_platform_panic/panic.c.obj
 .debug_abbrev  0x00000d4a      0x2d3 CMakeFiles/PicoVSyncSeparator.dir/C_/develop/pico-sdk/src/common/hardware_claim/claim.c.obj
 .debug_abbrev  0x0000101d      0x1de CMakeFiles/PicoVSyncSeparator.dir/C_/develop/pico-sdk/src/rp2_common/hardware_sync/sync.c.obj
 .debug_abbrev  0x000011fb      0x1b2 CMakeFiles/PicoVSyncSeparator.dir/C_/develop/pico-sdk/src/rp2_common/hardware_sync_spin_lock/sync_spin_lock.c.obj
 .debug_abbrev  0x000013ad      0x588 CMakeFiles/PicoVSyncSeparator.dir/C_/develop/pico-sdk/src/rp2_common/hardware_irq/irq.c.obj
 .debug_abbrev  0x00001935       0xee CMakeFiles/PicoVSyncSeparator.dir/C_/develop/pico-sdk/src/common/pico_sync/lock_core.c.obj
 .debug_abbrev  0x00001a23      0x413 CMakeFiles/PicoVSyncSeparator.dir/C_/develop/pico-sdk/src/common/pico_sync/mutex.c.obj
 .debug_abbrev  0x00001e36      0x606 CMakeFiles/PicoVSyncSeparator.dir/C_/develop/pico-sdk/src/common/pico_time/time.c.obj
 .debug_abbrev  0x0000243c      0x49d CMakeFiles/PicoVSyncSeparator.dir/C_/develop/pico-sdk/src/rp2_common/hardware_timer/timer.c.obj
 .debug_abbrev  0x000028d9      0x315 CMakeFiles/PicoVSyncSeparator.dir/C_/develop/pico-sdk/src/rp2_common/hardware_uart/uart.c.obj
 .debug_abbrev  0x00002bee      0x4c3 CMakeFiles/PicoVSyncSeparator.dir/C_/develop/pico-sdk/src/rp2_common/hardware_clocks/clocks.c.obj
 .debug_abbrev  0x000030b1      0x1c6 CMakeFiles/PicoVSyncSeparator.dir/C_/develop/pico-sdk/src/rp2_common/hardware_pll/pll.c.obj
 .debug_abbrev  0x00003277      0x141 CMakeFiles/PicoVSyncSeparator.dir/C_/develop/pico-sdk/src/rp2_common/hardware_ticks/ticks.c.obj
 .debug_abbrev  0x000033b8      0x1ba CMakeFiles/PicoVSyncSeparator.dir/C_/develop/pico-sdk/src/rp2_common/pico_bootrom/bootrom.c.obj
 .debug_abbrev  0x00003572      0x11a CMakeFiles/PicoVSyncSeparator.dir/C_/develop/pico-sdk/src/rp2_common/hardware_xosc/xosc.c.obj
 .debug_abbrev  0x0000368c      0x16c CMakeFiles/PicoVSyncSeparator.dir/C_/develop/pico-sdk/src/rp2_common/pico_runtime/runtime.c.obj
 .debug_abbrev  0x000037f8      0x250 CMakeFiles/PicoVSyncSeparator.dir/C_/develop/pico-sdk/src/rp2_common/pico_runtime_init/runtime_init.c.obj
 .debug_abbrev  0x00003a48      0x246 CMakeFiles/PicoVSyncSeparator.dir/C_/develop/pico-sdk/src/rp2_common/pico_runtime_init/runtime_init_clocks.c.obj
 .debug_abbrev  0x00003c8e       0x12 CMakeFiles/PicoVSyncSeparator.dir/C_/develop/pico-sdk/src/rp2_common/pico_bit_ops/bit_ops_aeabi.S.obj
 .debug_abbrev  0x00003ca0       0x12 CMakeFiles/PicoVSyncSeparator.dir/C_/develop/pico-sdk/src/rp2_common/pico_divider/divider_hardware.S.obj
 .debug_abbrev  0x00003cb2       0x12 CMakeFiles/PicoVSyncSeparator.dir/C_/develop/pico-sdk/src/rp2_common/pico_double/double_aeabi_rp2040.S.obj
 .debug_abbrev  0x00003cc4      0x15c CMakeFiles/PicoVSyncSeparator.dir/C_/develop/pico-sdk/src/rp2_common/pico_double/double_init_rom_rp2040.c.obj
 .debug_abbrev  0x00003e20       0x12 CMakeFiles/PicoVSyncSeparator.dir/C_/develop/pico-sdk/src/rp2_common/pico_double/double_v1_rom_shim_rp2040.S.obj
 .debug_abbrev  0x00003e32       0x14 CMakeFiles/PicoVSyncSeparator.dir/C_/develop/pico-sdk/src/rp2_common/pico_int64_ops/pico_int64_ops_aeabi.S.obj
 .debug_abbrev  0x00003e46       0x12 CMakeFiles/PicoVSyncSeparator.dir/C_/develop/pico-sdk/src/rp2_common/pico_float/float_aeabi_rp2040.S.obj
 .debug_abbrev  0x00003e58      0x15c CMakeFiles/PicoVSyncSeparator.dir/C_/develop/pico-sdk/src/rp2_common/pico_float/float_init_rom_rp2040.c.obj
 .debug_abbrev  0x00003fb4       0x12 CMakeFiles/PicoVSyncSeparator.dir/C_/develop/pico-sdk/src/rp2_common/pico_float/float_v1_rom_shim_rp2040.S.obj
 .debug_abbrev  0x00003fc6      0x1b4 CMakeFiles/PicoVSyncSeparator.dir/C_/develop/pico-sdk/src/rp2_common/pico_malloc/malloc.c.obj
 .debug_abbrev  0x0000417a       0x12 CMakeFiles/PicoVSyncSeparator.dir/C_/develop/pico-sdk/src/rp2_common/pico_mem_ops/mem_ops_aeabi.S.obj
 .debug_abbrev  0x0000418c       0xad CMakeFiles/PicoVSyncSeparator.dir/C_/develop/pico-sdk/src/rp2_common/pico_standard_binary_info/standard_binary_info.c.obj
 .debug_abbrev  0x00004239      0x517 CMakeFiles/PicoVSyncSeparator.dir/C_/develop/pico-sdk/src/rp2_common/pico_printf/printf.c.obj
 .debug_abbrev  0x00004750       0x12 CMakeFiles/PicoVSyncSeparator.dir/C_/develop/pico-sdk/src/rp2_common/pico_crt0/crt0.S.obj
 .debug_abbrev  0x00004762      0x315 CMakeFiles/PicoVSyncSeparator.dir/C_/develop/pico-sdk/src/rp2_common/pico_clib_interface/newlib_interface.c.obj
 .debug_abbrev  0x00004a77      0x58d CMakeFiles/PicoVSyncSeparator.dir/C_/develop/pico-sdk/src/rp2_common/pico_stdio/stdio.c.obj
 .debug_abbrev  0x00005004      0x43b CMakeFiles/PicoVSyncSeparator.dir/C_/develop/pico-sdk/src/rp2_common/pico_stdio_uart/stdio_uart.c.obj
 .debug_abbrev  0x0000543f      0x4c3 CMakeFiles/PicoVSyncSeparator.dir/C_/develop/pico-sdk/src/rp2_common/hardware_pio/pio.c.obj
 .debug_abbrev  0x00005902      0x5aa CMakeFiles/PicoVSyncSeparator.dir/C_/develop/pico-sdk/src/rp2_common/pico_multicore/multicore.c.obj
 .debug_abbrev  0x00005eac      0x450 CMakeFiles/PicoVSyncSeparator.dir/C_/develop/pico-sdk/src/rp2_common/hardware_i2c/i2c.c.obj

.debug_loc      0x00000000    0x20603
 .debug_loc     0x00000000      0x13e CMakeFiles/PicoVSyncSeparator.dir/vsync_main.c.obj
 .debug_loc     0x0000013e     0x1477 CMakeFiles/PicoVSyncSeparator.dir/vsync_separator.c.obj
 .debug_loc     0x000015b5     0x291b CMakeFiles/PicoVSyncSeparator.dir/C_/develop/pico-sdk/src/rp2_common/hardware_gpio/gpio.c.obj
 .debug_loc     0x00003ed0      0x6c7 CMakeFiles/PicoVSyncSeparator.dir/C_/develop/pico-sdk/src/common/hardware_claim/claim.c.obj
 .debug_loc     0x00004597      0x154 CMakeFiles/PicoVSyncSeparator.dir/C_/develop/pico-sdk/src/rp2_common/hardware_sync/sync.c.obj
 .debug_loc     0x000046eb       0xb5 CMakeFiles/PicoVSyncSeparator.dir/C_/develop/pico-sdk/src/rp2_common/hardware_sync_spin_lock/sync_spin_lock.c.obj
 .debug_loc     0x000047a0     0x1ba4 CMakeFiles/PicoVSyncSeparator.dir/C_/develop/pico-sdk/src/rp2_common/hardware_irq/irq.c.obj
 .debug_loc     0x00006344       0x4d CMakeFiles/PicoVSyncSeparator.dir/C_/develop/pico-sdk/src/common/pico_sync/lock_core.c.obj
 .debug_loc     0x00006391     0x1b8e CMakeFiles/PicoVSyncSeparator.dir/C_/develop/pico-sdk/src/common/pico_sync/mutex.c.obj
 .debug_loc     0x00007f1f     0x3f7a CMakeFiles/PicoVSyncSeparator.dir/C_/develop/pico-sdk/src/common/pico_time/time.c.obj
 .debug_loc     0x0000be99     0x2542 CMakeFiles/PicoVSyncSeparator.dir/C_/develop/pico-sdk/src/rp2_common/hardware_timer/timer.c.obj
 .debug_loc     0x0000e3db     0x1476 CMakeFiles/PicoVSyncSeparator.dir/C_/develop/pico-sdk/src/rp2_common/hardware_uart/uart.c.obj
 .debug_loc     0x0000f851     0x348b CMakeFiles/PicoVSyncSeparator.dir/C_/develop/pico-sdk/src/rp2_common/hardware_clocks/clocks.c.obj
 .debug_loc     0x00012cdc      0x28f CMakeFiles/PicoVSyncSeparator.dir/C_/develop/pico-sdk/src/rp2_common/hardware_pll/pll.c.obj
 .debug_loc     0x00012f6b       0x57 CMakeFiles/PicoVSyncSeparator.dir/C_/develop/pico-sdk/src/rp2_common/hardware_ticks/ticks.c.obj
 .debug_loc     0x00012fc2      0x4bb CMakeFiles/PicoVSyncSeparator.dir/C_/develop/pico-sdk/src/rp2_common/pico_bootrom/bootrom.c.obj
 .debug_loc     0x0001347d       0x71 CMakeFiles/PicoVSyncSeparator.dir/C_/develop/pico-sdk/src/rp2_common/hardware_xosc/xosc.c.obj
 .debug_loc     0x000134ee       0xbc CMakeFiles/PicoVSyncSeparator.dir/C_/develop/pico-sdk/src/rp2_common/pico_runtime/runtime.c.obj
 .debug_loc     0x000135aa      0x206 CMakeFiles/PicoVSyncSeparator.dir/C_/develop/pico-sdk/src/rp2_common/pico_runtime_init/runtime_init.c.obj
 .debug_loc     0x000137b0       0xa7 CMakeFiles/PicoVSyncSeparator.dir/C_/develop/pico-sdk/src/rp2_common/pico_runtime_init/runtime_init_clocks.c.obj
 .debug_loc     0x00013857       0x44 CMakeFiles/PicoVSyncSeparator.dir/C_/develop/pico-sdk/src/rp2_common/pico_double/double_init_rom_rp2040.c.obj
 .debug_loc     0x0001389b       0x82 CMakeFiles/PicoVSyncSeparator.dir/C_/develop/pico-sdk/src/rp2_common/pico_float/float_init_rom_rp2040.c.obj
 .debug_loc     0x0001391d      0x313 CMakeFiles/PicoVSyncSeparator.dir/C_/develop/pico-sdk/src/rp2_common/pico_malloc/malloc.c.obj
 .debug_loc     0x00013c30     0x3c08 CMakeFiles/PicoVSyncSeparator.dir/C_/develop/pico-sdk/src/rp2_common/pico_printf/printf.c.obj
 .debug_loc     0x00017838      0x5d6 CMakeFiles/PicoVSyncSeparator.dir/C_/develop/pico-sdk/src/rp2_common/pico_clib_interface/newlib_interface.c.obj
 .debug_loc     0x00017e0e     0x1565 CMakeFiles/PicoVSyncSeparator.dir/C_/develop/pico-sdk/src/rp2_common/pico_stdio/stdio.c.obj
 .debug_loc     0x00019373      0xa4e CMakeFiles/PicoVSyncSeparator.dir/C_/develop/pico-sdk/src/rp2_common/pico_stdio_uart/stdio_uart.c.obj
 .debug_loc     0x00019dc1     0x378f CMakeFiles/PicoVSyncSeparator.dir/C_/develop/pico-sdk/src/rp2_common/hardware_pio/pio.c.obj
 .debug_loc     0x0001d550     0x118a CMakeFiles/PicoVSyncSeparator.dir/C_/develop/pico-sdk/src/rp2_common/pico_multicore/multicore.c.obj
 .debug_loc     0x0001e6da     0x1f29 CMakeFiles/PicoVSyncSeparator.dir/C_/develop/pico-sdk/src/rp2_common/hardware_i2c/i2c.c.obj

.debug_aranges  0x00000000     0x11d0
 .debug_aranges
                0x00000000       0x20 CMakeFiles/PicoVSyncSeparator.dir/vsync_main.c.obj
 .debug_aranges
                0x00000020       0x48 CMakeFiles/PicoVSyncSeparator.dir/vsync_separator.c.obj
 .debug_aranges
                0x00000068      0x118 CMakeFiles/PicoVSyncSeparator.dir/C_/develop/pico-sdk/src/rp2_common/hardware_gpio/gpio.c.obj
 .debug_aranges
                0x00000180       0x28 CMakeFiles/PicoVSyncSeparator.dir/C_/develop/pico-sdk/src/rp2_common/pico_platform_panic/panic.c.obj
 .debug_aranges
                0x000001a8       0x48 CMakeFiles/PicoVSyncSeparator.dir/C_/develop/pico-sdk/src/common/hardware_claim/claim.c.obj
 .debug_aranges
                0x000001f0       0x48 CMakeFiles/PicoVSyncSeparator.dir/C_/develop/pico-sdk/src/rp2_common/hardware_sync/sync.c.obj
 .debug_aranges
                0x00000238       0x28 CMakeFiles/PicoVSyncSeparator.dir/C_/develop/pico-sdk/src/rp2_common/hardware_sync_spin_lock/sync_spin_lock.c.obj
 .debug_aranges
                0x00000260       0xb8 CMakeFiles/PicoVSyncSeparator.dir/C_/develop/pico-sdk/src/rp2_common/hardware_irq/irq.c.obj
 .debug_aranges
                0x00000318       0x20 CMakeFiles/PicoVSyncSeparator.dir/C_/develop/pico-sdk/src/common/pico_sync/lock_core.c.obj
 .debug_aranges
                0x00000338       0x98 CMakeFiles/PicoVSyncSeparator.dir/C_/develop/pico-sdk/src/common/pico_sync/mutex.c.obj
 .debug_aranges
                0x000003d0       0xe0 CMakeFiles/PicoVSyncSeparator.dir/C_/develop/pico-sdk/src/common/pico_time/time.c.obj
 .debug_aranges
                0x000004b0       0xf0 CMakeFiles/PicoVSyncSeparator.dir/C_/develop/pico-sdk/src/rp2_common/hardware_timer/timer.c.obj
 .debug_aranges
                0x000005a0       0x58 CMakeFiles/PicoVSyncSeparator.dir/C_/develop/pico-sdk/src/rp2_common/hardware_uart/uart.c.obj
 .debug_aranges
                0x000005f8       0x90 CMakeFiles/PicoVSyncSeparator.dir/C_/develop/pico-sdk/src/rp2_common/hardware_clocks/clocks.c.obj
 .debug_aranges