Archive member included to satisfy reference by file (symbol)

c:/progra~2/gnuarm~1/102021~1.10/bin/../lib/gcc/arm-none-eabi/10.3.1/thumb/v6-m/nofp\libgcc.a(_dvmd_tls.o)
                              CMakeFiles/PicoRapidX2.dir/C_/develop/pico-sdk/src/rp2_common/pico_divider/divider_hardware.S.obj (__aeabi_idiv0)
c:/progra~2/gnuarm~1/102021~1.10/bin/../lib/gcc/arm-none-eabi/10.3.1/../../../../arm-none-eabi/lib/thumb/v6-m/nofp\libg.a(lib_a-atoi.o)
                              CMakeFiles/PicoRapidX2.dir/usb_msc_device.c.obj (atoi)
c:/progra~2/gnuarm~1/102021~1.10/bin/../lib/gcc/arm-none-eabi/10.3.1/../../../../arm-none-eabi/lib/thumb/v6-m/nofp\libg.a(lib_a-calloc.o)
                              CMakeFiles/PicoRapidX2.dir/C_/develop/pico-sdk/src/rp2_common/pico_malloc/malloc.c.obj (calloc)
c:/progra~2/gnuarm~1/102021~1.10/bin/../lib/gcc/arm-none-eabi/10.3.1/../../../../arm-none-eabi/lib/thumb/v6-m/nofp\libg.a(lib_a-callocr.o)
                              c:/progra~2/gnuarm~1/102021~1.10/bin/../lib/gcc/arm-none-eabi/10.3.1/../../../../arm-none-eabi/lib/thumb/v6-m/nofp\libg.a(lib_a-calloc.o) (_calloc_r)
c:/progra~2/gnuarm~1/102021~1.10/bin/../lib/gcc/arm-none-eabi/10.3.1/../../../../arm-none-eabi/lib/thumb/v6-m/nofp\libg.a(lib_a-errno.o)
                              c:/progra~2/gnuarm~1/102021~1.10/bin/../lib/gcc/arm-none-eabi/10.3.1/../../../../arm-none-eabi/lib/thumb/v6-m/nofp\libg.a(lib_a-callocr.o) (__errno)
c:/progra~2/gnuarm~1/102021~1.10/bin/../lib/gcc/arm-none-eabi/10.3.1/../../../../arm-none-eabi/lib/thumb/v6-m/nofp\libg.a(lib_a-impure.o)
                              c:/progra~2/gnuarm~1/102021~1.10/bin/../lib/gcc/arm-none-eabi/10.3.1/../../../../arm-none-eabi/lib/thumb/v6-m/nofp\libg.a(lib_a-calloc.o) (_impure_ptr)
c:/progra~2/gnuarm~1/102021~1.10/bin/../lib/gcc/arm-none-eabi/10.3.1/../../../../arm-none-eabi/lib/thumb/v6-m/nofp\libg.a(lib_a-init.o)
                              c:/progra~2/gnuarm~1/102021~1.10/bin/../lib/gcc/arm-none-eabi/10.3.1/../../../../arm-none-eabi/lib/thumb/v6-m/nofp/crt0.o (__libc_init_array)
c:/progra~2/gnuarm~1/102021~1.10/bin/../lib/gcc/arm-none-eabi/10.3.1/../../../../arm-none-eabi/lib/thumb/v6-m/nofp\libg.a(lib_a-lcltime_r.o)
                              CMakeFiles/PicoRapidX2.dir/C_/develop/pico-sdk/src/common/pico_util/datetime.c.obj (localtime_r)
c:/progra~2/gnuarm~1/102021~1.10/bin/../lib/gcc/arm-none-eabi/10.3.1/../../../../arm-none-eabi/lib/thumb/v6-m/nofp\libg.a(lib_a-malloc.o)
                              CMakeFiles/PicoRapidX2.dir/C_/develop/pico-sdk/src/rp2_common/pico_malloc/malloc.c.obj (malloc)
c:/progra~2/gnuarm~1/102021~1.10/bin/../lib/gcc/arm-none-eabi/10.3.1/../../../../arm-none-eabi/lib/thumb/v6-m/nofp\libg.a(lib_a-mallocr.o)
                              c:/progra~2/gnuarm~1/102021~1.10/bin/../lib/gcc/arm-none-eabi/10.3.1/../../../../arm-none-eabi/lib/thumb/v6-m/nofp\libg.a(lib_a-callocr.o) (_malloc_r)
c:/progra~2/gnuarm~1/102021~1.10/bin/../lib/gcc/arm-none-eabi/10.3.1/../../../../arm-none-eabi/lib/thumb/v6-m/nofp\libg.a(lib_a-memcmp.o)
                              CMakeFiles/PicoRapidX2.dir/C_/develop/pico-sdk/src/rp2_common/pico_atomic/atomic.c.obj (memcmp)
c:/progra~2/gnuarm~1/102021~1.10/bin/../lib/gcc/arm-none-eabi/10.3.1/../../../../arm-none-eabi/lib/thumb/v6-m/nofp\libg.a(lib_a-memmove.o)
                              CMakeFiles/PicoRapidX2.dir/PicoRapidX.c.obj (memmove)
c:/progra~2/gnuarm~1/102021~1.10/bin/../lib/gcc/arm-none-eabi/10.3.1/../../../../arm-none-eabi/lib/thumb/v6-m/nofp\libg.a(lib_a-mktime.o)
                              CMakeFiles/PicoRapidX2.dir/C_/develop/pico-sdk/src/common/pico_util/datetime.c.obj (mktime)
c:/progra~2/gnuarm~1/102021~1.10/bin/../lib/gcc/arm-none-eabi/10.3.1/../../../../arm-none-eabi/lib/thumb/v6-m/nofp\libg.a(lib_a-mlock.o)
                              c:/progra~2/gnuarm~1/102021~1.10/bin/../lib/gcc/arm-none-eabi/10.3.1/../../../../arm-none-eabi/lib/thumb/v6-m/nofp\libg.a(lib_a-mallocr.o) (__malloc_lock)
c:/progra~2/gnuarm~1/102021~1.10/bin/../lib/gcc/arm-none-eabi/10.3.1/../../../../arm-none-eabi/lib/thumb/v6-m/nofp\libg.a(lib_a-month_lengths.o)
                              c:/progra~2/gnuarm~1/102021~1.10/bin/../lib/gcc/arm-none-eabi/10.3.1/../../../../arm-none-eabi/lib/thumb/v6-m/nofp\libg.a(lib_a-lcltime_r.o) (__month_lengths)
c:/progra~2/gnuarm~1/102021~1.10/bin/../lib/gcc/arm-none-eabi/10.3.1/../../../../arm-none-eabi/lib/thumb/v6-m/nofp\libg.a(lib_a-realloc.o)
                              CMakeFiles/PicoRapidX2.dir/C_/develop/pico-sdk/src/rp2_common/pico_malloc/malloc.c.obj (realloc)
c:/progra~2/gnuarm~1/102021~1.10/bin/../lib/gcc/arm-none-eabi/10.3.1/../../../../arm-none-eabi/lib/thumb/v6-m/nofp\libg.a(lib_a-reallocr.o)
                              c:/progra~2/gnuarm~1/102021~1.10/bin/../lib/gcc/arm-none-eabi/10.3.1/../../../../arm-none-eabi/lib/thumb/v6-m/nofp\libg.a(lib_a-realloc.o) (_realloc_r)
[...]
Memory Configuration

Name             Origin             Length             Attributes
FLASH            0x10000000         0x00200000         xr
RAM              0x20000000         0x00040000         xrw
SCRATCH_X        0x20040000         0x00001000         xrw
SCRATCH_Y        0x20041000         0x00001000         xrw
*default*        0x00000000         0xffffffff

Linker script and memory map

LOAD c:/progra~2/gnuarm~1/102021~1.10/bin/../lib/gcc/arm-none-eabi/10.3.1/thumb/v6-m/nofp/crti.o
LOAD c:/progra~2/gnuarm~1/102021~1.10/bin/../lib/gcc/arm-none-eabi/10.3.1/thumb/v6-m/nofp/crtbegin.o
LOAD c:/progra~2/gnuarm~1/102021~1.10/bin/../lib/gcc/arm-none-eabi/10.3.1/../../../../arm-none-eabi/lib/thumb/v6-m/nofp/crt0.o

.flash_begin    0x10000000        0x0
                0x10000000                __flash_binary_start = .

.boot2          0x10000000      0x100
                0x10000000                __boot2_start__ = .
 *(.boot2)
 .boot2         0x10000000      0x100 pico-sdk/src/rp2040/boot_stage2/CMakeFiles/bs2_default_library.dir/./bs2_default_padded_checksummed.S.obj
                0x10000100                __boot2_end__ = .
                0x00000001                ASSERT (((__boot2_end__ - __boot2_start__) == 0x100), ERROR: Pico second stage bootloader must be 256 bytes in size)

.text           0x10000100    0x1234c
                0x10000100                __logical_binary_start = .
 *(.vectors)
 .vectors       0x10000100       0xd4 CMakeFiles/PicoRapidX2.dir/C_/develop/pico-sdk/src/rp2_common/pico_crt0/crt0.S.obj
                0x10000100                __VECTOR_TABLE
                0x10000100                __vectors
                0x100001c0                isr_irq13
                0x100001c0                isr_irq27
                0x100001c0                isr_irq31
                0x100001c0                isr_irq12
                0x100001c0                isr_irq5
                0x100001c0                isr_irq11
                0x100001c0                isr_irq3
                0x100001c0                isr_irq23
                0x100001c0                __unhandled_user_irq
                0x100001c0                isr_irq26
                0x100001c0                isr_irq28
                0x100001c0                isr_irq19
                0x100001c0                isr_irq0
                0x100001c0                isr_irq6
                0x100001c0                isr_irq29
                0x100001c0                isr_irq16
                0x100001c0                isr_irq22
                0x100001c0                isr_irq18
                0x100001c0                isr_irq17
                0x100001c0                isr_irq14
                0x100001c0                __vectors_end
                0x100001c0                __default_isrs_start
                0x100001c0                isr_irq2
                0x100001c0                isr_irq10
                0x100001c0                isr_irq8
                0x100001c0                isr_irq24
                0x100001c0                isr_irq1
                0x100001c0                isr_irq7
                0x100001c0                isr_irq21
                0x100001c0                isr_irq20
                0x100001c0                isr_irq15
                0x100001c0                isr_irq25
                0x100001c0                isr_irq4
                0x100001c0                isr_irq30
                0x100001c0                isr_irq9
                0x100001c6                unhandled_user_irq_num_in_r0
                0x100001c8                isr_invalid
                0x100001ca                isr_nmi
                0x100001cc                isr_hardfault
                0x100001ce                isr_svcall
                0x100001d0                isr_pendsv
                0x100001d2                isr_systick
                0x100001d4                __default_isrs_end
 *(.binary_info_header)
 .binary_info_header
                0x100001d4       0x14 CMakeFiles/PicoRapidX2.dir/C_/develop/pico-sdk/src/rp2_common/pico_crt0/crt0.S.obj
                0x100001e8                __binary_info_header_end = .
 *(.embedded_block)
                0x100001e8                __embedded_block_end = .
 *(.reset)
 .reset         0x100001e8       0x9c CMakeFiles/PicoRapidX2.dir/C_/develop/pico-sdk/src/rp2_common/pico_crt0/crt0.S.obj
                0x100001e8                _entry_point
 *(.init)
 .init          0x10000284        0x4 c:/progra~2/gnuarm~1/102021~1.10/bin/../lib/gcc/arm-none-eabi/10.3.1/thumb/v6-m/nofp/crti.o
                0x10000284                _init
 *(EXCLUDE_FILE(*libm.a: *libc.a:*lib_a-mem*.o *libgcc.a:) .text*)
 .text          0x10000288       0x48 c:/progra~2/gnuarm~1/102021~1.10/bin/../lib/gcc/arm-none-eabi/10.3.1/thumb/v6-m/nofp/crtbegin.o
 .text.save_io_setting_to_flash
                0x100002d0       0x9c CMakeFiles/PicoRapidX2.dir/PicoRapidX.c.obj
 .text.DispConfirm.constprop.0
                0x1000036c      0x6fc CMakeFiles/PicoRapidX2.dir/PicoRapidX.c.obj
 .text.DrawMessage.constprop.0
                0x10000a68      0x490 CMakeFiles/PicoRapidX2.dir/PicoRapidX.c.obj
 .text.DrawMessage.constprop.1
                0x10000ef8      0x498 CMakeFiles/PicoRapidX2.dir/PicoRapidX.c.obj
 .text.SetBoardMode
                0x10001390       0xdc CMakeFiles/PicoRapidX2.dir/PicoRapidX.c.obj
                0x10001390                SetBoardMode
 .text.InitGPIO
                0x1000146c       0xac CMakeFiles/PicoRapidX2.dir/PicoRapidX.c.obj
                0x1000146c                InitGPIO
 .text.SetCommandData
                0x10001518      0x200 CMakeFiles/PicoRapidX2.dir/PicoRapidX.c.obj
                0x10001518                SetCommandData
 .text.SetIOSetting
                0x10001718      0x434 CMakeFiles/PicoRapidX2.dir/PicoRapidX.c.obj
                0x10001718                SetIOSetting
 .text.InputNormal
                0x10001b4c      0xb40 CMakeFiles/PicoRapidX2.dir/PicoRapidX.c.obj
                0x10001b4c                InputNormal
 .text.InputCommand
                0x1000268c      0x508 CMakeFiles/PicoRapidX2.dir/PicoRapidX.c.obj
                0x1000268c                InputCommand
 .text.InputExecute
                0x10002b94      0x3f4 CMakeFiles/PicoRapidX2.dir/PicoRapidX.c.obj
                0x10002b94                InputExecute
 .text.vsync_callback
                0x10002f88      0x1e8 CMakeFiles/PicoRapidX2.dir/PicoRapidX.c.obj
 .text.InitGPIO_Macro
                0x10003170       0xb4 CMakeFiles/PicoRapidX2.dir/PicoRapidX.c.obj
                0x10003170                InitGPIO_Macro
 .text.SetIOData
                0x10003224       0xbc CMakeFiles/PicoRapidX2.dir/PicoRapidX.c.obj
                0x10003224                SetIOData
 .text.DispRapidMessage
                0x100032e0       0xa0 CMakeFiles/PicoRapidX2.dir/PicoRapidX.c.obj
                0x100032e0                DispRapidMessage
 .text.InitSetting
                0x10003380      0x118 CMakeFiles/PicoRapidX2.dir/PicoRapidX.c.obj
                0x10003380                InitSetting
 .text.SetBoardSetting
                0x10003498       0x30 CMakeFiles/PicoRapidX2.dir/PicoRapidX.c.obj
                0x10003498                SetBoardSetting
 .text.SetRapidMode
                0x100034c8      0x134 CMakeFiles/PicoRapidX2.dir/PicoRapidX.c.obj
                0x100034c8                SetRapidMode
 .text.SaveMacro
                0x100035fc      0x154 CMakeFiles/PicoRapidX2.dir/PicoRapidX.c.obj
                0x100035fc                SaveMacro
 .text.DispConfirm
                0x10003750      0xae0 CMakeFiles/PicoRapidX2.dir/PicoRapidX.c.obj
                0x10003750                DispConfirm
 .text.DispChange
                0x10004230      0x3cc CMakeFiles/PicoRapidX2.dir/PicoRapidX.c.obj
                0x10004230                DispChange
 .text.Ssd1306_Init
                0x100045fc       0x98 CMakeFiles/PicoRapidX2.dir/PicoRapidX.c.obj
                0x100045fc                Ssd1306_Init
 .text.DrawControlPanel
                0x10004694      0xd84 CMakeFiles/PicoRapidX2.dir/PicoRapidX.c.obj
                0x10004694                DrawControlPanel
 .text.StartSetting
                0x10005418      0x398 CMakeFiles/PicoRapidX2.dir/PicoRapidX.c.obj
                0x10005418                StartSetting
 .text.SaveSetting
                0x100057b0      0x2c8 CMakeFiles/PicoRapidX2.dir/PicoRapidX.c.obj
                0x100057b0                SaveSetting
 .text.Input_SW_Push
                0x10005a78      0x5f8 CMakeFiles/PicoRapidX2.dir/PicoRapidX.c.obj
                0x10005a78                Input_SW_Push
 .text.ModeSelect.part.0
                0x10006070      0x1f0 CMakeFiles/PicoRapidX2.dir/PicoRapidX.c.obj
 .text.Setting_SW_UR
                0x10006260      0x1f0 CMakeFiles/PicoRapidX2.dir/PicoRapidX.c.obj
                0x10006260                Setting_SW_UR
 .text.Setting_SW_UL
                0x10006450      0x1f0 CMakeFiles/PicoRapidX2.dir/PicoRapidX.c.obj
                0x10006450                Setting_SW_UL
 .text.Setting_SW_DL
                0x10006640      0x240 CMakeFiles/PicoRapidX2.dir/PicoRapidX.c.obj
                0x10006640                Setting_SW_DL
 .text.Setting_SW_DR
                0x10006880      0x248 CMakeFiles/PicoRapidX2.dir/PicoRapidX.c.obj
                0x10006880                Setting_SW_DR
 .text.EnterPush.part.0
                0x10006ac8      0x430 CMakeFiles/PicoRapidX2.dir/PicoRapidX.c.obj
 .text.callback_check
                0x10006ef8       0x6c CMakeFiles/PicoRapidX2.dir/PicoRapidX.c.obj
                0x10006ef8                callback_check
 .text.SetCharPattern_Number
                0x10006f64      0x280 CMakeFiles/PicoRapidX2.dir/PicoRapidX.c.obj
                0x10006f64                SetCharPattern_Number
 .text.SetCharPattern_ALPHABET
                0x100071e4      0x8f8 CMakeFiles/PicoRapidX2.dir/PicoRapidX.c.obj
                0x100071e4                SetCharPattern_ALPHABET
 .text.SetCharPattern_alphabet
                0x10007adc      0x994 CMakeFiles/PicoRapidX2.dir/PicoRapidX.c.obj
                0x10007adc                SetCharPattern_alphabet
 .text.SetCharPattern_symbol
                0x10008470      0x794 CMakeFiles/PicoRapidX2.dir/PicoRapidX.c.obj
                0x10008470                SetCharPattern_symbol
 .text.SetCharPattern
                0x10008c04       0x14 CMakeFiles/PicoRapidX2.dir/PicoRapidX.c.obj
                0x10008c04                SetCharPattern
 .text.startup.main
                0x10008c18      0x8e4 CMakeFiles/PicoRapidX2.dir/PicoRapidX.c.obj
                0x10008c18                main
 .text.StartSettingMode.part.0
                0x100094fc      0x8fc CMakeFiles/PicoRapidX2.dir/PicoRapidX.c.obj
 .text.callback_sync
                0x10009df8       0x9c CMakeFiles/PicoRapidX2.dir/PicoRapidX.c.obj
                0x10009df8                callback_sync
 .text.tud_hid_get_report_cb
                0x10009e94        0x4 CMakeFiles/PicoRapidX2.dir/PicoRapidX.c.obj
                0x10009e94                tud_hid_get_report_cb
 .text.tud_hid_set_report_cb
                0x10009e98        0x4 CMakeFiles/PicoRapidX2.dir/PicoRapidX.c.obj
                0x10009e98                tud_hid_set_report_cb
 .text.parse_macro_csv_n.part.0.constprop.0
                0x10009e9c      0x2ac CMakeFiles/PicoRapidX2.dir/usb_msc_device.c.obj
 .text.parse_settings_csv_n.constprop.0
                0x1000a148      0x1f0 CMakeFiles/PicoRapidX2.dir/usb_msc_device.c.obj
 .text.tud_msc_inquiry_cb
                0x1000a338       0x50 CMakeFiles/PicoRapidX2.dir/usb_msc_device.c.obj
                0x1000a338                tud_msc_inquiry_cb
 .text.tud_msc_test_unit_ready_cb
                0x1000a388        0x4 CMakeFiles/PicoRapidX2.dir/usb_msc_device.c.obj
                0x1000a388                tud_msc_test_unit_ready_cb
 .text.tud_msc_capacity_cb
                0x1000a38c        0xc CMakeFiles/PicoRapidX2.dir/usb_msc_device.c.obj
                0x1000a38c                tud_msc_capacity_cb
 .text.tud_msc_start_stop_cb
                0x1000a398        0x4 CMakeFiles/PicoRapidX2.dir/usb_msc_device.c.obj
                0x1000a398                tud_msc_start_stop_cb
 .text.tud_msc_read10_cb
                0x1000a39c       0x34 CMakeFiles/PicoRapidX2.dir/usb_msc_device.c.obj
                0x1000a39c                tud_msc_read10_cb
 .text.tud_msc_write10_cb
                0x1000a3d0      0x55c CMakeFiles/PicoRapidX2.dir/usb_msc_device.c.obj
                0x1000a3d0                tud_msc_write10_cb
 .text.tud_msc_write10_complete_cb
                0x1000a92c      0x21c CMakeFiles/PicoRapidX2.dir/usb_msc_device.c.obj
                0x1000a92c                tud_msc_write10_complete_cb
 .text.tud_msc_is_writable_cb
                0x1000ab48        0x4 CMakeFiles/PicoRapidX2.dir/usb_msc_device.c.obj
                0x1000ab48                tud_msc_is_writable_cb
 .text.tud_msc_scsi_cb
                0x1000ab4c        0x4 CMakeFiles/PicoRapidX2.dir/usb_msc_device.c.obj
                0x1000ab4c                tud_msc_scsi_cb
 .text.usb_msc_start
                0x1000ab50      0x610 CMakeFiles/PicoRapidX2.dir/usb_msc_device.c.obj
                0x1000ab50                usb_msc_start
 .text.usb_msc_task
                0x1000b160      0x188 CMakeFiles/PicoRapidX2.dir/usb_msc_device.c.obj
                0x1000b160                usb_msc_task
 .text.tud_mount_cb
                0x1000b2e8       0x6c CMakeFiles/PicoRapidX2.dir/usb_msc_device.c.obj
                0x1000b2e8                tud_mount_cb
 .text.tud_umount_cb
                0x1000b354       0x64 CMakeFiles/PicoRapidX2.dir/usb_msc_device.c.obj
                0x1000b354                tud_umount_cb
 .text.tud_hid_descriptor_report_cb
                0x1000b3b8        0x8 CMakeFiles/PicoRapidX2.dir/usb_descriptors.c.obj
                0x1000b3b8                tud_hid_descriptor_report_cb
 .text.tud_descriptor_device_cb
                0x1000b3c0        0x8 CMakeFiles/PicoRapidX2.dir/usb_descriptors.c.obj
                0x1000b3c0                tud_descriptor_device_cb
 .text.tud_descriptor_configuration_cb
                0x1000b3c8        0x8 CMakeFiles/PicoRapidX2.dir/usb_descriptors.c.obj
                0x1000b3c8                tud_descriptor_configuration_cb
 .text.tud_descriptor_string_cb
                0x1000b3d0       0x6c CMakeFiles/PicoRapidX2.dir/usb_descriptors.c.obj
                0x1000b3d0                tud_descriptor_string_cb
 .text.vsync_separator_init_with_callback
                0x1000b43c      0x148 CMakeFiles/PicoRapidX2.dir/vsync_separator.c.obj
                0x1000b43c                vsync_separator_init_with_callback
 .text.vsync_separator_task
                0x1000b584      0x1a4 CMakeFiles/PicoRapidX2.dir/vsync_separator.c.obj
                0x1000b584                vsync_separator_task
 .text.setup_default_uart
                0x1000b728       0x2c CMakeFiles/PicoRapidX2.dir/C_/develop/pico-sdk/src/rp2_common/pico_stdlib/stdlib.c.obj
                0x1000b728                setup_default_uart
 .text.gpio_default_irq_handler
                0x1000b754      0x270 CMakeFiles/PicoRapidX2.dir/C_/develop/pico-sdk/src/rp2_common/hardware_gpio/gpio.c.obj
 .text.gpio_set_function
                0x1000b9c4       0x34 CMakeFiles/PicoRapidX2.dir/C_/develop/pico-sdk/src/rp2_common/hardware_gpio/gpio.c.obj
                0x1000b9c4                gpio_set_function
 .text.gpio_set_pulls
                0x1000b9f8       0x34 CMakeFiles/PicoRapidX2.dir/C_/develop/pico-sdk/src/rp2_common/hardware_gpio/gpio.c.obj
                0x1000b9f8                gpio_set_pulls
 .text.gpio_set_input_hysteresis_enabled
                0x1000ba2c       0x28 CMakeFiles/PicoRapidX2.dir/C_/develop/pico-sdk/src/rp2_common/hardware_gpio/gpio.c.obj
                0x1000ba2c                gpio_set_input_hysteresis_enabled
 .text.gpio_set_drive_strength
                0x1000ba54       0x24 CMakeFiles/PicoRapidX2.dir/C_/develop/pico-sdk/src/rp2_common/hardware_gpio/gpio.c.obj
                0x1000ba54                gpio_set_drive_strength
 .text.gpio_set_irq_enabled
                0x1000ba78       0x58 CMakeFiles/PicoRapidX2.dir/C_/develop/pico-sdk/src/rp2_common/hardware_gpio/gpio.c.obj
                0x1000ba78                gpio_set_irq_enabled
 .text.gpio_set_irq_enabled_with_callback
                0x1000bad0       0xd0 CMakeFiles/PicoRapidX2.dir/C_/develop/pico-sdk/src/rp2_common/hardware_gpio/gpio.c.obj
                0x1000bad0                gpio_set_irq_enabled_with_callback
 .text.gpio_init
                0x1000bba0       0x40 CMakeFiles/PicoRapidX2.dir/C_/develop/pico-sdk/src/rp2_common/hardware_gpio/gpio.c.obj
                0x1000bba0                gpio_init
 .text.gpio_init_mask
                0x1000bbe0       0x64 CMakeFiles/PicoRapidX2.dir/C_/develop/pico-sdk/src/rp2_common/hardware_gpio/gpio.c.obj
                0x1000bbe0                gpio_init_mask
 .text.rp2040_chip_version
                0x1000bc44        0xc CMakeFiles/PicoRapidX2.dir/C_/develop/pico-sdk/src/rp2040/pico_platform/platform.c.obj
                0x1000bc44                rp2040_chip_version
 .text.panic    0x1000bc50       0x30 CMakeFiles/PicoRapidX2.dir/C_/develop/pico-sdk/src/rp2_common/pico_platform_panic/panic.c.obj
                0x1000bc50                panic
 .text.hw_claim_lock
                0x1000bc80       0x18 CMakeFiles/PicoRapidX2.dir/C_/develop/pico-sdk/src/common/hardware_claim/claim.c.obj
                0x1000bc80                hw_claim_lock
 .text.hw_claim_unlock
                0x1000bc98       0x14 CMakeFiles/PicoRapidX2.dir/C_/develop/pico-sdk/src/common/hardware_claim/claim.c.obj
                0x1000bc98                hw_claim_unlock
 .text.hw_claim_or_assert
                0x1000bcac       0x44 CMakeFiles/PicoRapidX2.dir/C_/develop/pico-sdk/src/common/hardware_claim/claim.c.obj
                0x1000bcac                hw_claim_or_assert
 .text.hw_claim_unused_from_range
                0x1000bcf0       0x9c CMakeFiles/PicoRapidX2.dir/C_/develop/pico-sdk/src/common/hardware_claim/claim.c.obj
                0x1000bcf0                hw_claim_unused_from_range
 .text.next_striped_spin_lock_num
                0x1000bd8c       0x18 CMakeFiles/PicoRapidX2.dir/C_/develop/pico-sdk/src/rp2_common/hardware_sync/sync.c.obj
                0x1000bd8c                next_striped_spin_lock_num
 .text.spin_lock_claim_unused
                0x1000bda4       0x20 CMakeFiles/PicoRapidX2.dir/C_/develop/pico-sdk/src/rp2_common/hardware_sync/sync.c.obj
                0x1000bda4                spin_lock_claim_unused
 .text.spin_locks_reset
                0x1000bdc4       0x1c CMakeFiles/PicoRapidX2.dir/C_/develop/pico-sdk/src/rp2_common/hardware_sync_spin_lock/sync_spin_lock.c.obj
                0x1000bdc4                spin_locks_reset
 .text.runtime_init_per_core_irq_priorities
                0x1000bde0       0x24 CMakeFiles/PicoRapidX2.dir/C_/develop/pico-sdk/src/rp2_common/hardware_irq/irq.c.obj
                0x1000bde0                runtime_init_per_core_irq_priorities
 .text.irq_set_enabled
                0x1000be04       0x24 CMakeFiles/PicoRapidX2.dir/C_/develop/pico-sdk/src/rp2_common/hardware_irq/irq.c.obj
                0x1000be04                irq_set_enabled
 .text.irq_is_enabled
                0x1000be28       0x18 CMakeFiles/PicoRapidX2.dir/C_/develop/pico-sdk/src/rp2_common/hardware_irq/irq.c.obj
                0x1000be28                irq_is_enabled
 .text.irq_set_exclusive_handler
                0x1000be40       0x54 CMakeFiles/PicoRapidX2.dir/C_/develop/pico-sdk/src/rp2_common/hardware_irq/irq.c.obj
                0x1000be40                irq_set_exclusive_handler
 .text.irq_add_shared_handler
                0x1000be94      0x1e8 CMakeFiles/PicoRapidX2.dir/C_/develop/pico-sdk/src/rp2_common/hardware_irq/irq.c.obj
                0x1000be94                irq_add_shared_handler
 .text.irq_remove_handler
                0x1000c07c      0x1c4 CMakeFiles/PicoRapidX2.dir/C_/develop/pico-sdk/src/rp2_common/hardware_irq/irq.c.obj
                0x1000c07c                irq_remove_handler
 .text.irq_add_tail_to_free_list
                0x1000c240       0xb4 CMakeFiles/PicoRapidX2.dir/C_/develop/pico-sdk/src/rp2_common/hardware_irq/irq.c.obj
                0x1000c240                irq_add_tail_to_free_list
 .text.lock_init
                0x1000c2f4       0x10 CMakeFiles/PicoRapidX2.dir/C_/develop/pico-sdk/src/common/pico_sync/lock_core.c.obj
                0x1000c2f4                lock_init
 .text.runtime_init_mutex
                0x1000c304       0x58 CMakeFiles/PicoRapidX2.dir/C_/develop/pico-sdk/src/common/pico_sync/mutex.c.obj
                0x1000c304                runtime_init_mutex
 .text.mutex_init
                0x1000c35c       0x1c CMakeFiles/PicoRapidX2.dir/C_/develop/pico-sdk/src/common/pico_sync/mutex.c.obj
                0x1000c35c                mutex_init
 .text.critical_section_init
                0x1000c378       0x20 CMakeFiles/PicoRapidX2.dir/C_/develop/pico-sdk/src/common/pico_sync/critical_section.c.obj
                0x1000c378                critical_section_init
 .text.sleep_until_callback
                0x1000c398       0x30 CMakeFiles/PicoRapidX2.dir/C_/develop/pico-sdk/src/common/pico_time/time.c.obj
 .text.alarm_pool_irq_handler
                0x1000c3c8      0x308 CMakeFiles/PicoRapidX2.dir/C_/develop/pico-sdk/src/common/pico_time/time.c.obj
 .text.runtime_init_default_alarm_pool
                0x1000c6d0       0xdc CMakeFiles/PicoRapidX2.dir/C_/develop/pico-sdk/src/common/pico_time/time.c.obj
                0x1000c6d0                runtime_init_default_alarm_pool
 .text.alarm_pool_add_alarm_at_force_in_context
                0x1000c7ac       0xb0 CMakeFiles/PicoRapidX2.dir/C_/develop/pico-sdk/src/common/pico_time/time.c.obj
                0x1000c7ac                alarm_pool_add_alarm_at_force_in_context
 .text.alarm_pool_cancel_alarm
                0x1000c85c       0x7c CMakeFiles/PicoRapidX2.dir/C_/develop/pico-sdk/src/common/pico_time/time.c.obj
                0x1000c85c                alarm_pool_cancel_alarm
 .text.sleep_until
                0x1000c8d8       0xd0 CMakeFiles/PicoRapidX2.dir/C_/develop/pico-sdk/src/common/pico_time/time.c.obj
                0x1000c8d8                sleep_until
 .text.sleep_us
                0x1000c9a8       0x24 CMakeFiles/PicoRapidX2.dir/C_/develop/pico-sdk/src/common/pico_time/time.c.obj
                0x1000c9a8                sleep_us
 .text.sleep_ms
                0x1000c9cc       0x34 CMakeFiles/PicoRapidX2.dir/C_/develop/pico-sdk/src/common/pico_time/time.c.obj
                0x1000c9cc                sleep_ms
 .text.best_effort_wfe_or_timeout
                0x1000ca00       0xfc CMakeFiles/PicoRapidX2.dir/C_/develop/pico-sdk/src/common/pico_time/time.c.obj
                0x1000ca00                best_effort_wfe_or_timeout
 .text.timer_hardware_alarm_claim
                0x1000cafc       0x14 CMakeFiles/PicoRapidX2.dir/C_/develop/pico-sdk/src/rp2_common/hardware_timer/timer.c.obj
                0x1000cafc                timer_hardware_alarm_claim
 .text.timer_time_us_64
                0x1000cb10       0x10 CMakeFiles/PicoRapidX2.dir/C_/develop/pico-sdk/src/rp2_common/hardware_timer/timer.c.obj
                0x1000cb10                timer_time_us_64
 .text.time_us_64
                0x1000cb20       0x14 CMakeFiles/PicoRapidX2.dir/C_/develop/pico-sdk/src/rp2_common/hardware_timer/timer.c.obj
                0x1000cb20                time_us_64
 .text.busy_wait_us
                0x1000cb34       0x54 CMakeFiles/PicoRapidX2.dir/C_/develop/pico-sdk/src/rp2_common/hardware_timer/timer.c.obj
                0x1000cb34                busy_wait_us
 .text.busy_wait_ms
                0x1000cb88       0x88 CMakeFiles/PicoRapidX2.dir/C_/develop/pico-sdk/src/rp2_common/hardware_timer/timer.c.obj
                0x1000cb88                busy_wait_ms
 .text.busy_wait_until
                0x1000cc10       0x20 CMakeFiles/PicoRapidX2.dir/C_/develop/pico-sdk/src/rp2_common/hardware_timer/timer.c.obj
                0x1000cc10                busy_wait_until
 .text.uart_init
                0x1000cc30      0x11c CMakeFiles/PicoRapidX2.dir/C_/develop/pico-sdk/src/rp2_common/hardware_uart/uart.c.obj
                0x1000cc30                uart_init
 .text.clock_configure_int_divider
                0x1000cd4c       0xf4 CMakeFiles/PicoRapidX2.dir/C_/develop/pico-sdk/src/rp2_common/hardware_clocks/clocks.c.obj
                0x1000cd4c                clock_configure_int_divider
 .text.clock_configure_undivided
                0x1000ce40       0xe8 CMakeFiles/PicoRapidX2.dir/C_/develop/pico-sdk/src/rp2_common/hardware_clocks/clocks.c.obj
                0x1000ce40                clock_configure_undivided
 .text.clock_get_hz
                0x1000cf28        0xc CMakeFiles/PicoRapidX2.dir/C_/develop/pico-sdk/src/rp2_common/hardware_clocks/clocks.c.obj
                0x1000cf28                clock_get_hz
 .text.pll_init
                0x1000cf34       0xa0 CMakeFiles/PicoRapidX2.dir/C_/develop/pico-sdk/src/rp2_common/hardware_pll/pll.c.obj
                0x1000cf34                pll_init
 .text.tick_start
                0x1000cfd4       0x10 CMakeFiles/PicoRapidX2.dir/C_/develop/pico-sdk/src/rp2_common/hardware_ticks/ticks.c.obj
                0x1000cfd4                tick_start
 .text.rom_func_lookup
                0x1000cfe4       0x10 CMakeFiles/PicoRapidX2.dir/C_/develop/pico-sdk/src/rp2_common/pico_bootrom/bootrom.c.obj
                0x1000cfe4                rom_func_lookup
 .text.rom_data_lookup
                0x1000cff4       0x10 CMakeFiles/PicoRapidX2.dir/C_/develop/pico-sdk/src/rp2_common/pico_bootrom/bootrom.c.obj
                0x1000cff4                rom_data_lookup
 .text.rom_funcs_lookup
                0x1000d004       0x44 CMakeFiles/PicoRapidX2.dir/C_/develop/pico-sdk/src/rp2_common/pico_bootrom/bootrom.c.obj
                0x1000d004                rom_funcs_lookup
 .text.xosc_init
                0x1000d048       0x28 CMakeFiles/PicoRapidX2.dir/C_/develop/pico-sdk/src/rp2_common/hardware_xosc/xosc.c.obj
                0x1000d048                xosc_init
 .text.first_per_core_initializer
                0x1000d070        0x4 CMakeFiles/PicoRapidX2.dir/C_/develop/pico-sdk/src/rp2_common/pico_runtime/runtime.c.obj
 .text.hard_assertion_failure
                0x1000d074        0xc CMakeFiles/PicoRapidX2.dir/C_/develop/pico-sdk/src/rp2_common/pico_runtime/runtime.c.obj
                0x1000d074                hard_assertion_failure
 .text.runtime_run_initializers
                0x1000d080       0x28 CMakeFiles/PicoRapidX2.dir/C_/develop/pico-sdk/src/rp2_common/pico_runtime/runtime.c.obj
                0x1000d080                runtime_run_initializers
 .text.runtime_init_early_resets
                0x1000d0a8       0x2c CMakeFiles/PicoRapidX2.dir/C_/develop/pico-sdk/src/rp2_common/pico_runtime_init/runtime_init.c.obj
                0x1000d0a8                runtime_init_early_resets
 .text.runtime_init_usb_power_down
                0x1000d0d4       0x1c CMakeFiles/PicoRapidX2.dir/C_/develop/pico-sdk/src/rp2_common/pico_runtime_init/runtime_init.c.obj
                0x1000d0d4                runtime_init_usb_power_down
 .text.runtime_init_post_clock_resets
                0x1000d0f0       0x20 CMakeFiles/PicoRapidX2.dir/C_/develop/pico-sdk/src/rp2_common/pico_runtime_init/runtime_init.c.obj
                0x1000d0f0                runtime_init_post_clock_resets
 .text.runtime_init_rp2040_gpio_ie_disable
                0x1000d110       0x14 CMakeFiles/PicoRapidX2.dir/C_/develop/pico-sdk/src/rp2_common/pico_runtime_init/runtime_init.c.obj
                0x1000d110                runtime_init_rp2040_gpio_ie_disable
 .text.runtime_init_spin_locks_reset
                0x1000d124        0x8 CMakeFiles/PicoRapidX2.dir/C_/develop/pico-sdk/src/rp2_common/pico_runtime_init/runtime_init.c.obj
                0x1000d124                runtime_init_spin_locks_reset
 .text.runtime_init_install_ram_vector_table
                0x1000d12c       0xcc CMakeFiles/PicoRapidX2.dir/C_/develop/pico-sdk/src/rp2_common/pico_runtime_init/runtime_init.c.obj
                0x1000d12c                runtime_init_install_ram_vector_table
 .text.runtime_init_clocks
                0x1000d1f8       0xd8 CMakeFiles/PicoRapidX2.dir/C_/develop/pico-sdk/src/rp2_common/pico_runtime_init/runtime_init_clocks.c.obj
                0x1000d1f8                runtime_init_clocks
 .text          0x1000d2d0       0x10 CMakeFiles/PicoRapidX2.dir/C_/develop/pico-sdk/src/rp2_common/pico_bit_ops/bit_ops_aeabi.S.obj
 .text.__wrap___aeabi_idiv
                0x1000d2e0       0x50 CMakeFiles/PicoRapidX2.dir/C_/develop/pico-sdk/src/rp2_common/pico_divider/divider_hardware.S.obj
                0x1000d2e0                __wrap___aeabi_idivmod
                0x1000d2e0                divmod_s32s32
                0x1000d2e0                div_s32s32
                0x1000d2e0                __wrap___aeabi_idiv
                0x1000d2e8                divmod_s32s32_unsafe
                0x1000d314                divmod_s32s32_savestate
 .text.__wrap___aeabi_uidiv
                0x1000d330       0x4c CMakeFiles/PicoRapidX2.dir/C_/develop/pico-sdk/src/rp2_common/pico_divider/divider_hardware.S.obj
                0x1000d330                __wrap___aeabi_uidiv
                0x1000d330                __wrap___aeabi_uidivmod
                0x1000d330                div_u32u32
                0x1000d330                divmod_u32u32
                0x1000d338                divmod_u32u32_unsafe
                0x1000d360                divmod_u32u32_savestate
 .text.__wrap___aeabi_ldiv
                0x1000d37c      0x424 CMakeFiles/PicoRapidX2.dir/C_/develop/pico-sdk/src/rp2_common/pico_divider/divider_hardware.S.obj
                0x1000d37c                div_s64s64
                0x1000d37c                divmod_s64s64
                0x1000d37c                __wrap___aeabi_ldivmod
                0x1000d3ac                divmod_u64u64
                0x1000d3ac                div_u64u64
                0x1000d3ac                __wrap___aeabi_uldivmod
                0x1000d3bc                divmod_u64u64_savestate
                0x1000d3dc                divmod_s64s64_unsafe
                0x1000d464                divmod_u64u64_unsafe
 .text.__wrap___aeabi_darithmetic
                0x1000d7a0       0x80 CMakeFiles/PicoRapidX2.dir/C_/develop/pico-sdk/src/rp2_common/pico_double/double_aeabi_rp2040.S.obj
                0x1000d7a0                __wrap___aeabi_drsub
                0x1000d7a6                __wrap___aeabi_dsub
                0x1000d7b8                __wrap___aeabi_dadd
                0x1000d7ca                __wrap___aeabi_ddiv
                0x1000d806                __wrap___aeabi_dmul
 .text.__wrap___aeabi_cdcmple
                0x1000d820       0x6c CMakeFiles/PicoRapidX2.dir/C_/develop/pico-sdk/src/rp2_common/pico_double/double_aeabi_rp2040.S.obj
                0x1000d820                __wrap___aeabi_cdrcmple
                0x1000d830                __wrap___aeabi_cdcmpeq
                0x1000d830                __wrap___aeabi_cdcmple
 .text.__wrap___aeabi_dcmplt
                0x1000d88c        0xc CMakeFiles/PicoRapidX2.dir/C_/develop/pico-sdk/src/rp2_common/pico_double/double_aeabi_rp2040.S.obj
                0x1000d88c                __wrap___aeabi_dcmplt
 .text.__wrap___aeabi_dcmple
                0x1000d898       0x10 CMakeFiles/PicoRapidX2.dir/C_/develop/pico-sdk/src/rp2_common/pico_double/double_aeabi_rp2040.S.obj
                0x1000d898                __wrap___aeabi_dcmple
 .text.__wrap___aeabi_dcmpge
                0x1000d8a8       0x10 CMakeFiles/PicoRapidX2.dir/C_/develop/pico-sdk/src/rp2_common/pico_double/double_aeabi_rp2040.S.obj
                0x1000d8a8                __wrap___aeabi_dcmpge
 .text.__wrap___aeabi_dcmpgt
                0x1000d8b8        0xa CMakeFiles/PicoRapidX2.dir/C_/develop/pico-sdk/src/rp2_common/pico_double/double_aeabi_rp2040.S.obj
                0x1000d8b8                __wrap___aeabi_dcmpgt
 .text.__wrap___aeabi_dcmpun
                0x1000d8c2       0x18 CMakeFiles/PicoRapidX2.dir/C_/develop/pico-sdk/src/rp2_common/pico_double/double_aeabi_rp2040.S.obj
                0x1000d8c2                __wrap___aeabi_dcmpun
 *fill*         0x1000d8da        0x2 
 .text.__wrap___aeabi_i2d
                0x1000d8dc       0x38 CMakeFiles/PicoRapidX2.dir/C_/develop/pico-sdk/src/rp2_common/pico_double/double_aeabi_rp2040.S.obj
                0x1000d8dc                uint2double
                0x1000d8dc                __wrap___aeabi_ui2d
                0x1000d8e4                int2double
                0x1000d8e4                __wrap___aeabi_i2d
 .text.__wrap___aeabi_d2iz
                0x1000d914       0x48 CMakeFiles/PicoRapidX2.dir/C_/develop/pico-sdk/src/rp2_common/pico_double/double_aeabi_rp2040.S.obj
                0x1000d914                double2int_z
                0x1000d914                __wrap___aeabi_d2iz
 .text.__wrap___aeabi_d2uiz
                0x1000d95c       0x18 CMakeFiles/PicoRapidX2.dir/C_/develop/pico-sdk/src/rp2_common/pico_double/double_aeabi_rp2040.S.obj
                0x1000d95c                double2uint
                0x1000d95c                __wrap___aeabi_d2uiz
                0x1000d95c                double2uint_z
 .text.__aeabi_double_init
                0x1000d974       0xa0 CMakeFiles/PicoRapidX2.dir/C_/develop/pico-sdk/src/rp2_common/pico_double/double_init_rom_rp2040.c.obj
                0x1000d974                __aeabi_double_init
 .text.double_table_shim_on_use_helper
                0x1000da14       0x2c CMakeFiles/PicoRapidX2.dir/C_/develop/pico-sdk/src/rp2_common/pico_double/double_v1_rom_shim_rp2040.S.obj
                0x1000da14                double_table_shim_on_use_helper
 .text.__wrap___aeabi_dsub
                0x1000da40       0x10 CMakeFiles/PicoRapidX2.dir/C_/develop/pico-sdk/src/rp2_common/pico_double/double_v1_rom_shim_rp2040.S.obj
                0x1000da40                drsub_shim
                0x1000da46                dsub_shim
 .text.dadd_shim
                0x1000da50      0x15c CMakeFiles/PicoRapidX2.dir/C_/develop/pico-sdk/src/rp2_common/pico_double/double_v1_rom_shim_rp2040.S.obj
                0x1000da50                dadd_shim
 .text.dmul_shim
                0x1000dbac      0x15c CMakeFiles/PicoRapidX2.dir/C_/develop/pico-sdk/src/rp2_common/pico_double/double_v1_rom_shim_rp2040.S.obj
                0x1000dbac                dmul_shim
 .text.ddiv_shim
                0x1000dd08      0x1b0 CMakeFiles/PicoRapidX2.dir/C_/develop/pico-sdk/src/rp2_common/pico_double/double_v1_rom_shim_rp2040.S.obj
                0x1000dd08                ddiv_shim
 .text.double2uint_shim
                0x1000deb8        0xe CMakeFiles/PicoRapidX2.dir/C_/develop/pico-sdk/src/rp2_common/pico_double/double_v1_rom_shim_rp2040.S.obj
                0x1000deb8                double2uint_shim
                0x1000deba                double2ufix_shim
 *fill*         0x1000dec6        0x2 
 .text.double2uint64_shim
                0x1000dec8       0x70 CMakeFiles/PicoRapidX2.dir/C_/develop/pico-sdk/src/rp2_common/pico_double/double_v1_rom_shim_rp2040.S.obj
                0x1000dec8                double2uint64_shim
                0x1000deca                double2ufix64_shim
                0x1000deea                d2fix_a
 .text.dunpacks
                0x1000df38       0x3c CMakeFiles/PicoRapidX2.dir/C_/develop/pico-sdk/src/rp2_common/pico_double/double_v1_rom_shim_rp2040.S.obj
                0x1000df38                dunpacks
 .text.__aeabi_lmul
                0x1000df74       0x32 CMakeFiles/PicoRapidX2.dir/C_/develop/pico-sdk/src/rp2_common/pico_int64_ops/pico_int64_ops_aeabi.S.obj
                0x1000df74                __wrap___aeabi_lmul
 *fill*         0x1000dfa6        0x2 
 .text.__aeabi_float_init
                0x1000dfa8       0x64 CMakeFiles/PicoRapidX2.dir/C_/develop/pico-sdk/src/rp2_common/pico_float/float_init_rom_rp2040.c.obj
                0x1000dfa8                __aeabi_float_init
 .text.float_table_shim_on_use_helper
                0x1000e00c       0x2c CMakeFiles/PicoRapidX2.dir/C_/develop/pico-sdk/src/rp2_common/pico_float/float_v1_rom_shim_rp2040.S.obj
                0x1000e00c                float_table_shim_on_use_helper
 .text          0x1000e038       0x10 CMakeFiles/PicoRapidX2.dir/C_/develop/pico-sdk/src/rp2_common/pico_mem_ops/mem_ops_aeabi.S.obj
                0x1000e038                __aeabi_mem_init
 .text.memset   0x1000e048        0xc CMakeFiles/PicoRapidX2.dir/C_/develop/pico-sdk/src/rp2_common/pico_mem_ops/mem_ops_aeabi.S.obj
                0x1000e048                __wrap_memset
 .text.memcpy   0x1000e054        0xc CMakeFiles/PicoRapidX2.dir/C_/develop/pico-sdk/src/rp2_common/pico_mem_ops/mem_ops_aeabi.S.obj
                0x1000e054                __wrap_memcpy
                0x1000e054                __wrap___aeabi_memcpy
 .text._out_buffer
                0x1000e060        0x8 CMakeFiles/PicoRapidX2.dir/C_/develop/pico-sdk/src/rp2_common/pico_printf/printf.c.obj
 .text._out_null
                0x1000e068        0x4 CMakeFiles/PicoRapidX2.dir/C_/develop/pico-sdk/src/rp2_common/pico_printf/printf.c.obj
 .text._out_rev
                0x1000e06c       0x9c CMakeFiles/PicoRapidX2.dir/C_/develop/pico-sdk/src/rp2_common/pico_printf/printf.c.obj
 .text._ntoa_format
                0x1000e108      0x1cc CMakeFiles/PicoRapidX2.dir/C_/develop/pico-sdk/src/rp2_common/pico_printf/printf.c.obj
 .text._out_char
                0x1000e2d4       0x10 CMakeFiles/PicoRapidX2.dir/C_/develop/pico-sdk/src/rp2_common/pico_printf/printf.c.obj
 .text._out_fct
                0x1000e2e4       0x10 CMakeFiles/PicoRapidX2.dir/C_/develop/pico-sdk/src/rp2_common/pico_printf/printf.c.obj
 .text._etoa    0x1000e2f4      0x44c CMakeFiles/PicoRapidX2.dir/C_/develop/pico-sdk/src/rp2_common/pico_printf/printf.c.obj
 .text._ftoa    0x1000e740      0x398 CMakeFiles/PicoRapidX2.dir/C_/develop/pico-sdk/src/rp2_common/pico_printf/printf.c.obj
 .text._vsnprintf
                0x1000ead8      0xb04 CMakeFiles/PicoRapidX2.dir/C_/develop/pico-sdk/src/rp2_common/pico_printf/printf.c.obj
 .text.__wrap_sprintf
                0x1000f5dc       0x28 CMakeFiles/PicoRapidX2.dir/C_/develop/pico-sdk/src/rp2_common/pico_printf/printf.c.obj
                0x1000f5dc                __wrap_sprintf
 .text.__wrap_snprintf
                0x1000f604       0x28 CMakeFiles/PicoRapidX2.dir/C_/develop/pico-sdk/src/rp2_common/pico_printf/printf.c.obj
                0x1000f604                __wrap_snprintf
 .text.vfctprintf
                0x1000f62c       0x20 CMakeFiles/PicoRapidX2.dir/C_/develop/pico-sdk/src/rp2_common/pico_printf/printf.c.obj
                0x1000f62c                vfctprintf
 .text.weak_raw_vprintf
                0x1000f64c       0x30 CMakeFiles/PicoRapidX2.dir/C_/develop/pico-sdk/src/rp2_common/pico_printf/printf.c.obj
                0x1000f64c                weak_raw_vprintf
 .text._exit    0x1000f67c        0x4 CMakeFiles/PicoRapidX2.dir/C_/develop/pico-sdk/src/rp2_common/pico_clib_interface/newlib_interface.c.obj
                0x1000f67c                _exit
 .text.exit     0x1000f680        0x8 CMakeFiles/PicoRapidX2.dir/C_/develop/pico-sdk/src/rp2_common/pico_clib_interface/newlib_interface.c.obj
                0x1000f680                exit
 .text.runtime_init
                0x1000f688       0x2c CMakeFiles/PicoRapidX2.dir/C_/develop/pico-sdk/src/rp2_common/pico_clib_interface/newlib_interface.c.obj
                0x1000f688                runtime_init
 .text.stdio_out_chars_no_crlf
                0x1000f6b4       0x10 CMakeFiles/PicoRapidX2.dir/C_/develop/pico-sdk/src/rp2_common/pico_stdio/stdio.c.obj
 .text.stdio_out_chars_crlf
                0x1000f6c4       0xb4 CMakeFiles/PicoRapidX2.dir/C_/develop/pico-sdk/src/rp2_common/pico_stdio/stdio.c.obj
 .text.stdio_buffered_printer
                0x1000f778       0x64 CMakeFiles/PicoRapidX2.dir/C_/develop/pico-sdk/src/rp2_common/pico_stdio/stdio.c.obj
 .text.stdio_put_string
                0x1000f7dc      0x100 CMakeFiles/PicoRapidX2.dir/C_/develop/pico-sdk/src/rp2_common/pico_stdio/stdio.c.obj
                0x1000f7dc                stdio_put_string
 .text.stdio_init_all
                0x1000f8dc        0x4 CMakeFiles/PicoRapidX2.dir/C_/develop/pico-sdk/src/rp2_common/pico_stdio/stdio.c.obj
                0x1000f8dc                stdio_init_all
 .text.__wrap_putchar
                0x1000f8e0       0x98 CMakeFiles/PicoRapidX2.dir/C_/develop/pico-sdk/src/rp2_common/pico_stdio/stdio.c.obj
                0x1000f8e0                __wrap_putchar
                0x1000f8e0                stdio_putchar
 .text.__wrap_puts
                0x1000f978       0x3c CMakeFiles/PicoRapidX2.dir/C_/develop/pico-sdk/src/rp2_common/pico_stdio/stdio.c.obj
                0x1000f978                stdio_puts
                0x1000f978                __wrap_puts
 .text.__wrap_vprintf
                0x1000f9b4       0xd8 CMakeFiles/PicoRapidX2.dir/C_/develop/pico-sdk/src/rp2_common/pico_stdio/stdio.c.obj
                0x1000f9b4                stdio_vprintf
                0x1000f9b4                __wrap_vprintf
 .text.__wrap_printf
                0x1000fa8c       0x18 CMakeFiles/PicoRapidX2.dir/C_/develop/pico-sdk/src/rp2_common/pico_stdio/stdio.c.obj
                0x1000fa8c                __wrap_printf
                0x1000fa8c                stdio_printf
 .text.flash_get_unique_id
                0x1000faa4       0x40 CMakeFiles/PicoRapidX2.dir/C_/develop/pico-sdk/src/rp2_common/hardware_flash/flash.c.obj
                0x1000faa4                flash_get_unique_id
 .text.pio_add_program
                0x1000fae4       0xf4 CMakeFiles/PicoRapidX2.dir/C_/develop/pico-sdk/src/rp2_common/hardware_pio/pio.c.obj
                0x1000fae4                pio_add_program
 .text.pio_sm_init
                0x1000fbd8       0x94 CMakeFiles/PicoRapidX2.dir/C_/develop/pico-sdk/src/rp2_common/hardware_pio/pio.c.obj
                0x1000fbd8                pio_sm_init
 .text.multicore_reset_core1
                0x1000fc6c       0x60 CMakeFiles/PicoRapidX2.dir/C_/develop/pico-sdk/src/rp2_common/pico_multicore/multicore.c.obj
                0x1000fc6c                multicore_reset_core1
 .text.i2c_write_blocking_internal.constprop.0
                0x1000fccc       0xd0 CMakeFiles/PicoRapidX2.dir/C_/develop/pico-sdk/src/rp2_common/hardware_i2c/i2c.c.obj
 .text.i2c_set_baudrate
                0x1000fd9c       0xc0 CMakeFiles/PicoRapidX2.dir/C_/develop/pico-sdk/src/rp2_common/hardware_i2c/i2c.c.obj
                0x1000fd9c                i2c_set_baudrate
 .text.i2c_init
                0x1000fe5c       0x54 CMakeFiles/PicoRapidX2.dir/C_/develop/pico-sdk/src/rp2_common/hardware_i2c/i2c.c.obj
                0x1000fe5c                i2c_init
 .text.i2c_write_blocking
                0x1000feb0       0x14 CMakeFiles/PicoRapidX2.dir/C_/develop/pico-sdk/src/rp2_common/hardware_i2c/i2c.c.obj
                0x1000feb0                i2c_write_blocking
 .text.dcd_init
                0x1000fec4       0x90 CMakeFiles/PicoRapidX2.dir/C_/develop/pico-sdk/lib/tinyusb/src/portable/raspberrypi/rp2040/dcd_rp2040.c.obj
                0x1000fec4                dcd_init
 .text.dcd_int_enable
                0x1000ff54        0xc CMakeFiles/PicoRapidX2.dir/C_/develop/pico-sdk/lib/tinyusb/src/portable/raspberrypi/rp2040/dcd_rp2040.c.obj
                0x1000ff54                dcd_int_enable
 .text.dcd_set_address
                0x1000ff60       0x14 CMakeFiles/PicoRapidX2.dir/C_/develop/pico-sdk/lib/tinyusb/src/portable/raspberrypi/rp2040/dcd_rp2040.c.obj
                0x1000ff60                dcd_set_address
 .text.dcd_disconnect
                0x1000ff74       0x10 CMakeFiles/PicoRapidX2.dir/C_/develop/pico-sdk/lib/tinyusb/src/portable/raspberrypi/rp2040/dcd_rp2040.c.obj
                0x1000ff74                dcd_disconnect
 .text.dcd_connect
                0x1000ff84       0x10 CMakeFiles/PicoRapidX2.dir/C_/develop/pico-sdk/lib/tinyusb/src/portable/raspberrypi/rp2040/dcd_rp2040.c.obj
                0x1000ff84                dcd_connect
 .text.dcd_sof_enable
                0x1000ff94       0x1c CMakeFiles/PicoRapidX2.dir/C_/develop/pico-sdk/lib/tinyusb/src/portable/raspberrypi/rp2040/dcd_rp2040.c.obj
                0x1000ff94                dcd_sof_enable
 .text.dcd_edpt0_status_complete
                0x1000ffb0       0x1c CMakeFiles/PicoRapidX2.dir/C_/develop/pico-sdk/lib/tinyusb/src/portable/raspberrypi/rp2040/dcd_rp2040.c.obj
                0x1000ffb0                dcd_edpt0_status_complete
 .text.dcd_edpt_open
                0x1000ffcc      0x114 CMakeFiles/PicoRapidX2.dir/C_/develop/pico-sdk/lib/tinyusb/src/portable/raspberrypi/rp2040/dcd_rp2040.c.obj
                0x1000ffcc                dcd_edpt_open
 .text.dcd_edpt_close_all
                0x100100e0        0x8 CMakeFiles/PicoRapidX2.dir/C_/develop/pico-sdk/lib/tinyusb/src/portable/raspberrypi/rp2040/dcd_rp2040.c.obj
                0x100100e0                dcd_edpt_close_all
 .text.dcd_edpt_xfer
                0x100100e8       0x24 CMakeFiles/PicoRapidX2.dir/C_/develop/pico-sdk/lib/tinyusb/src/portable/raspberrypi/rp2040/dcd_rp2040.c.obj
                0x100100e8                dcd_edpt_xfer
 .text.dcd_edpt_stall
                0x1001010c       0x38 CMakeFiles/PicoRapidX2.dir/C_/develop/pico-sdk/lib/tinyusb/src/portable/raspberrypi/rp2040/dcd_rp2040.c.obj
                0x1001010c                dcd_edpt_stall
 .text.dcd_edpt_clear_stall
                0x10010144       0x30 CMakeFiles/PicoRapidX2.dir/C_/develop/pico-sdk/lib/tinyusb/src/portable/raspberrypi/rp2040/dcd_rp2040.c.obj
                0x10010144                dcd_edpt_clear_stall
 .text.rp2040_usb_init
                0x10010174       0x40 CMakeFiles/PicoRapidX2.dir/C_/develop/pico-sdk/lib/tinyusb/src/portable/raspberrypi/rp2040/rp2040_usb.c.obj
                0x10010174                rp2040_usb_init
 .text.hw_endpoint_xfer_start
                0x100101b4       0x50 CMakeFiles/PicoRapidX2.dir/C_/develop/pico-sdk/lib/tinyusb/src/portable/raspberrypi/rp2040/rp2040_usb.c.obj
                0x100101b4                hw_endpoint_xfer_start
 .text.tud_vendor_control_xfer_cb
                0x10010204        0x4 CMakeFiles/PicoRapidX2.dir/C_/develop/pico-sdk/lib/tinyusb/src/device/usbd.c.obj
                0x10010204                tud_vendor_control_xfer_cb
 .text.tud_event_hook_cb
                0x10010208        0x4 CMakeFiles/PicoRapidX2.dir/C_/develop/pico-sdk/lib/tinyusb/src/device/usbd.c.obj
                0x10010208                tud_event_hook_cb
 .text.tud_sof_cb
                0x1001020c        0x4 CMakeFiles/PicoRapidX2.dir/C_/develop/pico-sdk/lib/tinyusb/src/device/usbd.c.obj
                0x1001020c                tud_sof_cb
 .text.tud_descriptor_bos_cb
                0x10010210        0x4 CMakeFiles/PicoRapidX2.dir/C_/develop/pico-sdk/lib/tinyusb/src/device/usbd.c.obj
                0x10010210                tud_descriptor_bos_cb
 .text.tud_descriptor_device_qualifier_cb
                0x10010214        0x4 CMakeFiles/PicoRapidX2.dir/C_/develop/pico-sdk/lib/tinyusb/src/device/usbd.c.obj
                0x10010214                tud_descriptor_device_qualifier_cb
 .text.tud_descriptor_other_speed_configuration_cb
                0x10010218        0x4 CMakeFiles/PicoRapidX2.dir/C_/develop/pico-sdk/lib/tinyusb/src/device/usbd.c.obj
                0x10010218                tud_descriptor_other_speed_configuration_cb
 .text.tud_suspend_cb
                0x1001021c        0x4 CMakeFiles/PicoRapidX2.dir/C_/develop/pico-sdk/lib/tinyusb/src/device/usbd.c.obj
                0x1001021c                tud_suspend_cb
 .text.tud_resume_cb
                0x10010220        0x4 CMakeFiles/PicoRapidX2.dir/C_/develop/pico-sdk/lib/tinyusb/src/device/usbd.c.obj
                0x10010220                tud_resume_cb
 .text.tud_mounted
                0x10010224       0x10 CMakeFiles/PicoRapidX2.dir/C_/develop/pico-sdk/lib/tinyusb/src/device/usbd.c.obj
                0x10010224                tud_mounted
 .text.tud_suspended
                0x10010234       0x10 CMakeFiles/PicoRapidX2.dir/C_/develop/pico-sdk/lib/tinyusb/src/device/usbd.c.obj
                0x10010234                tud_suspended
 .text.tud_disconnect
                0x10010244       0x14 CMakeFiles/PicoRapidX2.dir/C_/develop/pico-sdk/lib/tinyusb/src/device/usbd.c.obj
                0x10010244                tud_disconnect
 .text.tud_connect
                0x10010258       0x14 CMakeFiles/PicoRapidX2.dir/C_/develop/pico-sdk/lib/tinyusb/src/device/usbd.c.obj
                0x10010258                tud_connect
 .text.tud_rhport_init
                0x1001026c       0xf4 CMakeFiles/PicoRapidX2.dir/C_/develop/pico-sdk/lib/tinyusb/src/device/usbd.c.obj
                0x1001026c                tud_rhport_init
 .text.tud_task_ext
                0x10010360      0x7c8 CMakeFiles/PicoRapidX2.dir/C_/develop/pico-sdk/lib/tinyusb/src/device/usbd.c.obj
                0x10010360                tud_task_ext
 .text.usbd_open_edpt_pair
                0x10010b28       0x9c CMakeFiles/PicoRapidX2.dir/C_/develop/pico-sdk/lib/tinyusb/src/device/usbd.c.obj
                0x10010b28                usbd_open_edpt_pair
 .text.usbd_edpt_claim
                0x10010bc4       0x28 CMakeFiles/PicoRapidX2.dir/C_/develop/pico-sdk/lib/tinyusb/src/device/usbd.c.obj
                0x10010bc4                usbd_edpt_claim
 .text.usbd_edpt_xfer
                0x10010bec       0x4c CMakeFiles/PicoRapidX2.dir/C_/develop/pico-sdk/lib/tinyusb/src/device/usbd.c.obj
                0x10010bec                usbd_edpt_xfer
 .text.usbd_edpt_busy
                0x10010c38       0x1c CMakeFiles/PicoRapidX2.dir/C_/develop/pico-sdk/lib/tinyusb/src/device/usbd.c.obj
                0x10010c38                usbd_edpt_busy
 .text.usbd_edpt_stall
                0x10010c54       0x38 CMakeFiles/PicoRapidX2.dir/C_/develop/pico-sdk/lib/tinyusb/src/device/usbd.c.obj
                0x10010c54                usbd_edpt_stall
 .text.usbd_edpt_stalled
                0x10010c8c       0x1c CMakeFiles/PicoRapidX2.dir/C_/develop/pico-sdk/lib/tinyusb/src/device/usbd.c.obj
                0x10010c8c                usbd_edpt_stalled
 .text.tud_control_status
                0x10010ca8       0x30 CMakeFiles/PicoRapidX2.dir/C_/develop/pico-sdk/lib/tinyusb/src/device/usbd_control.c.obj
                0x10010ca8                tud_control_status
 .text.tud_control_xfer
                0x10010cd8       0xbc CMakeFiles/PicoRapidX2.dir/C_/develop/pico-sdk/lib/tinyusb/src/device/usbd_control.c.obj
                0x10010cd8                tud_control_xfer
 .text.usbd_control_reset
                0x10010d94       0x14 CMakeFiles/PicoRapidX2.dir/C_/develop/pico-sdk/lib/tinyusb/src/device/usbd_control.c.obj
                0x10010d94                usbd_control_reset
 .text.usbd_control_set_complete_callback
                0x10010da8        0xc CMakeFiles/PicoRapidX2.dir/C_/develop/pico-sdk/lib/tinyusb/src/device/usbd_control.c.obj
                0x10010da8                usbd_control_set_complete_callback
 .text.usbd_control_set_request
                0x10010db4       0x1c CMakeFiles/PicoRapidX2.dir/C_/develop/pico-sdk/lib/tinyusb/src/device/usbd_control.c.obj
                0x10010db4                usbd_control_set_request
 .text.usbd_control_xfer_cb
                0x10010dd0       0xf0 CMakeFiles/PicoRapidX2.dir/C_/develop/pico-sdk/lib/tinyusb/src/device/usbd_control.c.obj
                0x10010dd0                usbd_control_xfer_cb
 .text.tud_hid_set_protocol_cb
                0x10010ec0        0x4 CMakeFiles/PicoRapidX2.dir/C_/develop/pico-sdk/lib/tinyusb/src/class/hid/hid_device.c.obj
                0x10010ec0                tud_hid_set_protocol_cb
 .text.tud_hid_set_idle_cb
                0x10010ec4        0x4 CMakeFiles/PicoRapidX2.dir/C_/develop/pico-sdk/lib/tinyusb/src/class/hid/hid_device.c.obj
                0x10010ec4                tud_hid_set_idle_cb
 .text.tud_hid_report_complete_cb
                0x10010ec8        0x4 CMakeFiles/PicoRapidX2.dir/C_/develop/pico-sdk/lib/tinyusb/src/class/hid/hid_device.c.obj
                0x10010ec8                tud_hid_report_complete_cb
 .text.tud_hid_report_failed_cb
                0x10010ecc        0x4 CMakeFiles/PicoRapidX2.dir/C_/develop/pico-sdk/lib/tinyusb/src/class/hid/hid_device.c.obj
                0x10010ecc                tud_hid_report_failed_cb
 .text.tud_hid_n_ready
                0x10010ed0       0x3c CMakeFiles/PicoRapidX2.dir/C_/develop/pico-sdk/lib/tinyusb/src/class/hid/hid_device.c.obj
                0x10010ed0                tud_hid_n_ready
 .text.tud_hid_n_report
                0x10010f0c       0x78 CMakeFiles/PicoRapidX2.dir/C_/develop/pico-sdk/lib/tinyusb/src/class/hid/hid_device.c.obj
                0x10010f0c                tud_hid_n_report
 .text.hidd_init
                0x10010f84       0x14 CMakeFiles/PicoRapidX2.dir/C_/develop/pico-sdk/lib/tinyusb/src/class/hid/hid_device.c.obj
                0x10010f84                hidd_init
 .text.hidd_deinit
                0x10010f98        0x4 CMakeFiles/PicoRapidX2.dir/C_/develop/pico-sdk/lib/tinyusb/src/class/hid/hid_device.c.obj
                0x10010f98                hidd_deinit
 .text.hidd_reset
                0x10010f9c       0x14 CMakeFiles/PicoRapidX2.dir/C_/develop/pico-sdk/lib/tinyusb/src/class/hid/hid_device.c.obj
                0x10010f9c                hidd_reset
 .text.hidd_open
                0x10010fb0       0x8c CMakeFiles/PicoRapidX2.dir/C_/develop/pico-sdk/lib/tinyusb/src/class/hid/hid_device.c.obj
                0x10010fb0                hidd_open
 .text.hidd_control_xfer_cb
                0x1001103c      0x1a8 CMakeFiles/PicoRapidX2.dir/C_/develop/pico-sdk/lib/tinyusb/src/class/hid/hid_device.c.obj
                0x1001103c                hidd_control_xfer_cb
 .text.hidd_xfer_cb
                0x100111e4       0x80 CMakeFiles/PicoRapidX2.dir/C_/develop/pico-sdk/lib/tinyusb/src/class/hid/hid_device.c.obj
                0x100111e4                hidd_xfer_cb
 .text.proc_read10_cmd.constprop.0
                0x10011264       0xe8 CMakeFiles/PicoRapidX2.dir/C_/develop/pico-sdk/lib/tinyusb/src/class/msc/msc_device.c.obj
 .text.proc_write10_cmd.constprop.0
                0x1001134c       0x8c CMakeFiles/PicoRapidX2.dir/C_/develop/pico-sdk/lib/tinyusb/src/class/msc/msc_device.c.obj
 .text.mscd_init
                0x100113d8       0x14 CMakeFiles/PicoRapidX2.dir/C_/develop/pico-sdk/lib/tinyusb/src/class/msc/msc_device.c.obj
                0x100113d8                mscd_init
 .text.mscd_reset
                0x100113ec       0x14 CMakeFiles/PicoRapidX2.dir/C_/develop/pico-sdk/lib/tinyusb/src/class/msc/msc_device.c.obj
                0x100113ec                mscd_reset
 .text.mscd_open
                0x10011400       0x68 CMakeFiles/PicoRapidX2.dir/C_/develop/pico-sdk/lib/tinyusb/src/class/msc/msc_device.c.obj
                0x10011400                mscd_open
 .text.mscd_control_xfer_cb
                0x10011468      0x148 CMakeFiles/PicoRapidX2.dir/C_/develop/pico-sdk/lib/tinyusb/src/class/msc/msc_device.c.obj
                0x10011468                mscd_control_xfer_cb
 .text.mscd_xfer_cb
                0x100115b0      0x788 CMakeFiles/PicoRapidX2.dir/C_/develop/pico-sdk/lib/tinyusb/src/class/msc/msc_device.c.obj
                0x100115b0                mscd_xfer_cb
 .text.tu_edpt_claim
                0x10011d38       0x50 CMakeFiles/PicoRapidX2.dir/C_/develop/pico-sdk/lib/tinyusb/src/tusb.c.obj
                0x10011d38                tu_edpt_claim
 .text.tu_edpt_validate
                0x10011d88       0x78 CMakeFiles/PicoRapidX2.dir/C_/develop/pico-sdk/lib/tinyusb/src/tusb.c.obj
                0x10011d88                tu_edpt_validate
 .text.tu_edpt_bind_driver
                0x10011e00       0x34 CMakeFiles/PicoRapidX2.dir/C_/develop/pico-sdk/lib/tinyusb/src/tusb.c.obj
                0x10011e00                tu_edpt_bind_driver
 .text.tu_fifo_read
                0x10011e34       0xa0 CMakeFiles/PicoRapidX2.dir/C_/develop/pico-sdk/lib/tinyusb/src/common/tusb_fifo.c.obj
                0x10011e34                tu_fifo_read
 .text.tu_fifo_write
                0x10011ed4       0x88 CMakeFiles/PicoRapidX2.dir/C_/develop/pico-sdk/lib/tinyusb/src/common/tusb_fifo.c.obj
                0x10011ed4                tu_fifo_write
 .text.tu_fifo_clear
                0x10011f5c       0x40 CMakeFiles/PicoRapidX2.dir/C_/develop/pico-sdk/lib/tinyusb/src/common/tusb_fifo.c.obj
                0x10011f5c                tu_fifo_clear
 .text.board_init
                0x10011f9c       0x14 CMakeFiles/PicoRapidX2.dir/C_/develop/pico-sdk/lib/tinyusb/hw/bsp/rp2040/family.c.obj
                0x10011f9c                board_init
 .text.startup._retrieve_unique_id_on_boot
                0x10011fb0       0x10 CMakeFiles/PicoRapidX2.dir/C_/develop/pico-sdk/src/rp2_common/pico_unique_id/unique_id.c.obj
 .text.atoi     0x10011fc0        0xc c:/progra~2/gnuarm~1/102021~1.10/bin/../lib/gcc/arm-none-eabi/10.3.1/../../../../arm-none-eabi/lib/thumb/v6-m/nofp\libg.a(lib_a-atoi.o)
                0x10011fc0                atoi
 .text.__errno  0x10011fcc        0xc c:/progra~2/gnuarm~1/102021~1.10/bin/../lib/gcc/arm-none-eabi/10.3.1/../../../../arm-none-eabi/lib/thumb/v6-m/nofp\libg.a(lib_a-errno.o)
                0x10011fcc                __errno
 .text.memmove  0x10011fd8       0xac c:/progra~2/gnuarm~1/102021~1.10/bin/../lib/gcc/arm-none-eabi/10.3.1/../../../../arm-none-eabi/lib/thumb/v6-m/nofp\libg.a(lib_a-memmove.o)
                0x10011fd8                memmove
 .text.strchr   0x10012084       0xc0 c:/progra~2/gnuarm~1/102021~1.10/bin/../lib/gcc/arm-none-eabi/10.3.1/../../../../arm-none-eabi/lib/thumb/v6-m/nofp\libg.a(lib_a-strchr.o)
                0x10012084                strchr
 .text.strlen   0x10012144       0x5c c:/progra~2/gnuarm~1/102021~1.10/bin/../lib/gcc/arm-none-eabi/10.3.1/../../../../arm-none-eabi/lib/thumb/v6-m/nofp\libg.a(lib_a-strlen-stub.o)
                0x10012144                strlen
 .text._strtol_l.part.0
                0x100121a0      0x144 c:/progra~2/gnuarm~1/102021~1.10/bin/../lib/gcc/arm-none-eabi/10.3.1/../../../../arm-none-eabi/lib/thumb/v6-m/nofp\libg.a(lib_a-strtol.o)
 .text.strtol   0x100122e4       0x2c c:/progra~2/gnuarm~1/102021~1.10/bin/../lib/gcc/arm-none-eabi/10.3.1/../../../../arm-none-eabi/lib/thumb/v6-m/nofp\libg.a(lib_a-strtol.o)
                0x100122e4                strtol
 *(.fini)
 .fini          0x10012310        0x4 c:/progra~2/gnuarm~1/102021~1.10/bin/../lib/gcc/arm-none-eabi/10.3.1/thumb/v6-m/nofp/crti.o
                0x10012310                _fini
 *fill*         0x10012314        0x4 
 .fini.__stub   0x10012318       0xf0 linker stubs
 *crtbegin.o(.ctors)
 *crtbegin?.o(.ctors)
 *(EXCLUDE_FILE(*crtend.o *crtend?.o) .ctors)
 *(SORT_BY_NAME(.ctors.*))
 *(.ctors)
 *crtbegin.o(.dtors)
 *crtbegin?.o(.dtors)
 *(EXCLUDE_FILE(*crtend.o *crtend?.o) .dtors)
 *(SORT_BY_NAME(.dtors.*))
 *(.dtors)
                0x10012408                . = ALIGN (0x4)
                0x10012408                PROVIDE (__preinit_array_start = .)
 *(SORT_BY_NAME(.preinit_array.*))
 .preinit_array.00100
                0x10012408        0x4 CMakeFiles/PicoRapidX2.dir/C_/develop/pico-sdk/src/rp2_common/pico_runtime_init/runtime_init.c.obj
                0x10012408                __pre_init_runtime_init_early_resets
 .preinit_array.00101
                0x1001240c        0x4 CMakeFiles/PicoRapidX2.dir/C_/develop/pico-sdk/src/rp2_common/pico_runtime_init/runtime_init.c.obj
                0x1001240c                __pre_init_runtime_init_usb_power_down
 .preinit_array.00275
                0x10012410        0x4 CMakeFiles/PicoRapidX2.dir/C_/develop/pico-sdk/src/rp2_common/pico_bit_ops/bit_ops_aeabi.S.obj
 .preinit_array.00300
                0x10012414        0x4 CMakeFiles/PicoRapidX2.dir/C_/develop/pico-sdk/src/rp2_common/pico_mem_ops/mem_ops_aeabi.S.obj
 .preinit_array.00350
                0x10012418        0x4 CMakeFiles/PicoRapidX2.dir/C_/develop/pico-sdk/src/rp2_common/pico_double/double_aeabi_rp2040.S.obj
 .preinit_array.00350
                0x1001241c        0x4 CMakeFiles/PicoRapidX2.dir/C_/develop/pico-sdk/src/rp2_common/pico_float/float_aeabi_rp2040.S.obj
 .preinit_array.00500
                0x10012420        0x4 CMakeFiles/PicoRapidX2.dir/C_/develop/pico-sdk/src/rp2_common/pico_runtime_init/runtime_init.c.obj
                0x10012420                __pre_init_runtime_init_clocks
 .preinit_array.00600
                0x10012424        0x4 CMakeFiles/PicoRapidX2.dir/C_/develop/pico-sdk/src/rp2_common/pico_runtime_init/runtime_init.c.obj
                0x10012424                __pre_init_runtime_init_post_clock_resets
 .preinit_array.00700
                0x10012428        0x4 CMakeFiles/PicoRapidX2.dir/C_/develop/pico-sdk/src/rp2_common/pico_runtime_init/runtime_init.c.obj
                0x10012428                __pre_init_runtime_init_rp2040_gpio_ie_disable
 .preinit_array.01000
                0x1001242c        0x4 CMakeFiles/PicoRapidX2.dir/C_/develop/pico-sdk/src/rp2_common/pico_runtime_init/runtime_init.c.obj
                0x1001242c                __pre_init_runtime_init_spin_locks_reset
 .preinit_array.01100
                0x10012430        0x4 CMakeFiles/PicoRapidX2.dir/C_/develop/pico-sdk/src/common/pico_sync/mutex.c.obj
                0x10012430                __pre_init_runtime_init_mutex
 .preinit_array.10080
                0x10012434        0x4 CMakeFiles/PicoRapidX2.dir/C_/develop/pico-sdk/src/rp2_common/pico_runtime_init/runtime_init.c.obj
                0x10012434                __pre_init_runtime_init_install_ram_vector_table
 .preinit_array.11000
                0x10012438        0x4 CMakeFiles/PicoRapidX2.dir/C_/develop/pico-sdk/src/common/pico_time/time.c.obj
                0x10012438                __pre_init_runtime_init_default_alarm_pool
 .preinit_array.YYYYY
                0x1001243c        0x4 CMakeFiles/PicoRapidX2.dir/C_/develop/pico-sdk/src/rp2_common/pico_runtime/runtime.c.obj
                0x1001243c                __pre_init_first_per_core_initializer
 .preinit_array.ZZZZZ.01200
                0x10012440        0x4 CMakeFiles/PicoRapidX2.dir/C_/develop/pico-sdk/src/rp2_common/hardware_irq/irq.c.obj
                0x10012440                __pre_init_runtime_init_per_core_irq_priorities
 *(.preinit_array)
                0x10012444                PROVIDE (__preinit_array_end = .)
                0x10012444                . = ALIGN (0x4)
                0x10012444                PROVIDE (__init_array_start = .)
 *(SORT_BY_NAME(.init_array.*))
 .init_array.01000
                0x10012444        0x4 CMakeFiles/PicoRapidX2.dir/C_/develop/pico-sdk/src/rp2_common/pico_unique_id/unique_id.c.obj
 *(.init_array)
 .init_array    0x10012448        0x4 c:/progra~2/gnuarm~1/102021~1.10/bin/../lib/gcc/arm-none-eabi/10.3.1/thumb/v6-m/nofp/crtbegin.o
                0x1001244c                PROVIDE (__init_array_end = .)
                0x1001244c                . = ALIGN (0x4)
                [!provide]                PROVIDE (__fini_array_start = .)
 *(SORT_BY_NAME(.fini_array.*))
 *(.fini_array)
                [!provide]                PROVIDE (__fini_array_end = .)
 *(.eh_frame*)
 .eh_frame      0x1001244c        0x0 c:/progra~2/gnuarm~1/102021~1.10/bin/../lib/gcc/arm-none-eabi/10.3.1/thumb/v6-m/nofp/crtbegin.o
                0x1001244c                . = ALIGN (0x4)

.glue_7         0x1001244c        0x0
 .glue_7        0x1001244c        0x0 linker stubs

.glue_7t        0x1001244c        0x0
 .glue_7t       0x1001244c        0x0 linker stubs

.vfp11_veneer   0x1001244c        0x0
 .vfp11_veneer  0x1001244c        0x0 linker stubs

.v4_bx          0x1001244c        0x0
 .v4_bx         0x1001244c        0x0 linker stubs

.iplt           0x1001244c        0x0
 .iplt          0x1001244c        0x0 c:/progra~2/gnuarm~1/102021~1.10/bin/../lib/gcc/arm-none-eabi/10.3.1/thumb/v6-m/nofp/crtbegin.o

.rodata         0x10012450      0xdf4
 *(EXCLUDE_FILE(*libm.a: *libc.a:*lib_a-mem*.o *libgcc.a:) .rodata*)
 .rodata.save_io_setting_to_flash.str1.4
                0x10012450       0x5b CMakeFiles/PicoRapidX2.dir/PicoRapidX.c.obj
 *fill*         0x100124ab        0x1 
 .rodata.DispConfirm.constprop.0.str1.4
                0x100124ac        0x7 CMakeFiles/PicoRapidX2.dir/PicoRapidX.c.obj
 *fill*         0x100124b3        0x1 
 .rodata.SetIOData.str1.4
                0x100124b4        0x3 CMakeFiles/PicoRapidX2.dir/PicoRapidX.c.obj
 *fill*         0x100124b7        0x1 
 .rodata.DispRapidMessage.str1.4
                0x100124b8       0x40 CMakeFiles/PicoRapidX2.dir/PicoRapidX.c.obj
                                 0x44 (size before relaxing)
 .rodata.DispRapidMessage
                0x100124f8       0x2c CMakeFiles/PicoRapidX2.dir/PicoRapidX.c.obj
 .rodata.InitSetting.str1.4
                0x10012524        0xb CMakeFiles/PicoRapidX2.dir/PicoRapidX.c.obj
 *fill*         0x1001252f        0x1 
 .rodata.SetRapidMode.str1.4
                0x10012530        0xd CMakeFiles/PicoRapidX2.dir/PicoRapidX.c.obj
 *fill*         0x1001253d        0x3 
 .rodata.SetRapidMode
                0x10012540       0x6c CMakeFiles/PicoRapidX2.dir/PicoRapidX.c.obj
 .rodata.DispChange.str1.4
                0x100125ac       0x11 CMakeFiles/PicoRapidX2.dir/PicoRapidX.c.obj
 *fill*         0x100125bd        0x3 
 .rodata.StartSetting.str1.4
                0x100125c0       0x13 CMakeFiles/PicoRapidX2.dir/PicoRapidX.c.obj
 *fill*         0x100125d3        0x1 
 .rodata.SaveSetting.str1.4
                0x100125d4        0xf CMakeFiles/PicoRapidX2.dir/PicoRapidX.c.obj
 *fill*         0x100125e3        0x1 
 .rodata.SaveSetting
                0x100125e4       0x2c CMakeFiles/PicoRapidX2.dir/PicoRapidX.c.obj
 .rodata.Input_SW_Push.str1.4
                0x10012610       0x1e CMakeFiles/PicoRapidX2.dir/PicoRapidX.c.obj
 *fill*         0x1001262e        0x2 
 .rodata.ModeSelect.part.0.str1.4
                0x10012630       0x3a CMakeFiles/PicoRapidX2.dir/PicoRapidX.c.obj
 *fill*         0x1001266a        0x2 
 .rodata.ModeSelect.part.0
                0x1001266c       0x20 CMakeFiles/PicoRapidX2.dir/PicoRapidX.c.obj
 .rodata.Setting_SW_UR.str1.4
                0x1001268c       0x20 CMakeFiles/PicoRapidX2.dir/PicoRapidX.c.obj
                                 0x24 (size before relaxing)
 .rodata.Setting_SW_UL.str1.4
                0x100126ac       0x10 CMakeFiles/PicoRapidX2.dir/PicoRapidX.c.obj
 .rodata.Setting_SW_DL.str1.4
                0x100126bc        0x8 CMakeFiles/PicoRapidX2.dir/PicoRapidX.c.obj
 .rodata.Setting_SW_DL
                0x100126c4       0x20 CMakeFiles/PicoRapidX2.dir/PicoRapidX.c.obj
 .rodata.Setting_SW_DR
                0x100126e4       0x20 CMakeFiles/PicoRapidX2.dir/PicoRapidX.c.obj
 .rodata.EnterPush.part.0.str1.4
                0x10012704       0x1e CMakeFiles/PicoRapidX2.dir/PicoRapidX.c.obj
 *fill*         0x10012722        0x2 
 .rodata.EnterPush.part.0
                0x10012724       0x20 CMakeFiles/PicoRapidX2.dir/PicoRapidX.c.obj
 .rodata.callback_check
                0x10012744       0x30 CMakeFiles/PicoRapidX2.dir/PicoRapidX.c.obj
 .rodata.main.str1.4
                0x10012774       0x27 CMakeFiles/PicoRapidX2.dir/PicoRapidX.c.obj
 *fill*         0x1001279b        0x1 
 .rodata.StartSettingMode.part.0.str1.4
                0x1001279c       0x20 CMakeFiles/PicoRapidX2.dir/PicoRapidX.c.obj
 .rodata        0x100127bc       0x17 CMakeFiles/PicoRapidX2.dir/PicoRapidX.c.obj
 *fill*         0x100127d3        0x1 
 .rodata.GPIO_InputNo_Macro
                0x100127d4        0xc CMakeFiles/PicoRapidX2.dir/PicoRapidX.c.obj
                0x100127d4                GPIO_InputNo_Macro
 .rodata.Input_Pin_GamePad
                0x100127e0        0xc CMakeFiles/PicoRapidX2.dir/PicoRapidX.c.obj
                0x100127e0                Input_Pin_GamePad
 .rodata.Input_Pin_Macro
                0x100127ec       0x12 CMakeFiles/PicoRapidX2.dir/PicoRapidX.c.obj
                0x100127ec                Input_Pin_Macro
 *fill*         0x100127fe        0x2 
 .rodata.tud_msc_inquiry_cb.str1.4
                0x10012800       0x19 CMakeFiles/PicoRapidX2.dir/usb_msc_device.c.obj
 *fill*         0x10012819        0x3 
 .rodata.tud_msc_write10_cb.str1.4
                0x1001281c       0x1a CMakeFiles/PicoRapidX2.dir/usb_msc_device.c.obj
 *fill*         0x10012836        0x2 
 .rodata.usb_msc_start.str1.4
                0x10012838      0x14c CMakeFiles/PicoRapidX2.dir/usb_msc_device.c.obj
                                0x154 (size before relaxing)
 .rodata        0x10012984       0x30 CMakeFiles/PicoRapidX2.dir/usb_msc_device.c.obj
 .rodata.str1.4
                0x100129b4       0x1b CMakeFiles/PicoRapidX2.dir/usb_descriptors.c.obj
                                 0x23 (size before relaxing)
 *fill*         0x100129cf        0x1 
 .rodata.__compound_literal.0
                0x100129d0        0x2 CMakeFiles/PicoRapidX2.dir/usb_descriptors.c.obj
 *fill*         0x100129d2        0x2 
 .rodata.desc_device
                0x100129d4       0x12 CMakeFiles/PicoRapidX2.dir/usb_descriptors.c.obj
 *fill*         0x100129e6        0x2 
 .rodata.desc_fs_configuration
                0x100129e8       0x39 CMakeFiles/PicoRapidX2.dir/usb_descriptors.c.obj
 *fill*         0x10012a21        0x3 
 .rodata.desc_hid_report
                0x10012a24       0x2a CMakeFiles/PicoRapidX2.dir/usb_descriptors.c.obj
 *fill*         0x10012a4e        0x2 
 .rodata.string_desc
                0x10012a50       0x10 CMakeFiles/PicoRapidX2.dir/usb_descriptors.c.obj
 .rodata.vsync_separator_init_with_callback.str1.4
                0x10012a60       0x90 CMakeFiles/PicoRapidX2.dir/vsync_separator.c.obj
 .rodata.str1.4
                0x10012af0       0xb0 CMakeFiles/PicoRapidX2.dir/vsync_separator.c.obj
 .rodata.CSWTCH.84
                0x10012ba0       0x2c CMakeFiles/PicoRapidX2.dir/vsync_separator.c.obj
 .rodata.csync_measure_program
                0x10012bcc        0x8 CMakeFiles/PicoRapidX2.dir/vsync_separator.c.obj
 .rodata.csync_measure_program_instructions
                0x10012bd4        0x4 CMakeFiles/PicoRapidX2.dir/vsync_separator.c.obj
 .rodata.__bi_24.0
                0x10012bd8        0x8 CMakeFiles/PicoRapidX2.dir/C_/develop/pico-sdk/src/rp2_common/pico_stdlib/stdlib.c.obj
 .rodata.panic.str1.4
                0x10012be0       0x12 CMakeFiles/PicoRapidX2.dir/C_/develop/pico-sdk/src/rp2_common/pico_platform_panic/panic.c.obj
 *fill*         0x10012bf2        0x2 
 .rodata.spin_lock_claim_unused.str1.4
                0x10012bf4       0x1b CMakeFiles/PicoRapidX2.dir/C_/develop/pico-sdk/src/rp2_common/hardware_sync/sync.c.obj
 *fill*         0x10012c0f        0x1 
 .rodata.timer_hardware_alarm_claim.str1.4
                0x10012c10       0x22 CMakeFiles/PicoRapidX2.dir/C_/develop/pico-sdk/src/rp2_common/hardware_timer/timer.c.obj
 *fill*         0x10012c32        0x2 
 .rodata.hard_assertion_failure.str1.4
                0x10012c34        0xc CMakeFiles/PicoRapidX2.dir/C_/develop/pico-sdk/src/rp2_common/pico_runtime/runtime.c.obj
 .rodata.str1.4
                0x10012c40       0x40 CMakeFiles/PicoRapidX2.dir/C_/develop/pico-sdk/src/rp2_common/pico_standard_binary_info/standard_binary_info.c.obj
 .rodata.__bi_26
                0x10012c80        0xc CMakeFiles/PicoRapidX2.dir/C_/develop/pico-sdk/src/rp2_common/pico_standard_binary_info/standard_binary_info.c.obj
 .rodata.__bi_34
                0x10012c8c        0xc CMakeFiles/PicoRapidX2.dir/C_/develop/pico-sdk/src/rp2_common/pico_standard_binary_info/standard_binary_info.c.obj
 .rodata.__bi_42
                0x10012c98        0xc CMakeFiles/PicoRapidX2.dir/C_/develop/pico-sdk/src/rp2_common/pico_standard_binary_info/standard_binary_info.c.obj
 .rodata.__bi_48
                0x10012ca4        0xc CMakeFiles/PicoRapidX2.dir/C_/develop/pico-sdk/src/rp2_common/pico_standard_binary_info/standard_binary_info.c.obj
 .rodata.__bi_54
                0x10012cb0        0xc CMakeFiles/PicoRapidX2.dir/C_/develop/pico-sdk/src/rp2_common/pico_standard_binary_info/standard_binary_info.c.obj
 .rodata.__bi_78
                0x10012cbc        0xc CMakeFiles/PicoRapidX2.dir/C_/develop/pico-sdk/src/rp2_common/pico_standard_binary_info/standard_binary_info.c.obj
 .rodata.__bi_84
                0x10012cc8        0xc CMakeFiles/PicoRapidX2.dir/C_/develop/pico-sdk/src/rp2_common/pico_standard_binary_info/standard_binary_info.c.obj
 .rodata._ftoa.str1.4
                0x10012cd4       0x15 CMakeFiles/PicoRapidX2.dir/C_/develop/pico-sdk/src/rp2_common/pico_printf/printf.c.obj
 *fill*         0x10012ce9        0x3 
 .rodata._vsnprintf
                0x10012cec      0x1e0 CMakeFiles/PicoRapidX2.dir/C_/develop/pico-sdk/src/rp2_common/pico_printf/printf.c.obj
 *fill*         0x10012ecc        0x4 
 .rodata.pow10.0
                0x10012ed0       0x50 CMakeFiles/PicoRapidX2.dir/C_/develop/pico-sdk/src/rp2_common/pico_printf/printf.c.obj
 .rodata.crlf_str.0
                0x10012f20        0x2 CMakeFiles/PicoRapidX2.dir/C_/develop/pico-sdk/src/rp2_common/pico_stdio/stdio.c.obj
 *fill*         0x10012f22        0x2 
 .rodata.str1.4
                0x10012f24       0x14 CMakeFiles/PicoRapidX2.dir/C_/develop/pico-sdk/lib/tinyusb/src/portable/raspberrypi/rp2040/dcd_rp2040.c.obj
 .rodata.str1.4
                0x10012f38       0x48 CMakeFiles/PicoRapidX2.dir/C_/develop/pico-sdk/lib/tinyusb/src/portable/raspberrypi/rp2040/rp2040_usb.c.obj
 .rodata.tud_task_ext
                0x10012f80       0x8c CMakeFiles/PicoRapidX2.dir/C_/develop/pico-sdk/lib/tinyusb/src/device/usbd.c.obj
 .rodata        0x1001300c       0x1c CMakeFiles/PicoRapidX2.dir/C_/develop/pico-sdk/lib/tinyusb/src/device/usbd.c.obj
 .rodata._usbd_driver
                0x10013028       0x40 CMakeFiles/PicoRapidX2.dir/C_/develop/pico-sdk/lib/tinyusb/src/device/usbd.c.obj
 .rodata.hidd_control_xfer_cb
                0x10013068       0x30 CMakeFiles/PicoRapidX2.dir/C_/develop/pico-sdk/lib/tinyusb/src/class/hid/hid_device.c.obj
 .rodata.mscd_xfer_cb
                0x10013098       0x98 CMakeFiles/PicoRapidX2.dir/C_/develop/pico-sdk/lib/tinyusb/src/class/msc/msc_device.c.obj
 .rodata.str1.4
                0x10013130        0x4 CMakeFiles/PicoRapidX2.dir/C_/develop/pico-sdk/lib/tinyusb/hw/bsp/rp2040/family.c.obj
 .rodata.__bi_153.0
                0x10013134        0xc CMakeFiles/PicoRapidX2.dir/C_/develop/pico-sdk/lib/tinyusb/hw/bsp/rp2040/family.c.obj
 .rodata._ctype_
                0x10013140      0x101 c:/progra~2/gnuarm~1/102021~1.10/bin/../lib/gcc/arm-none-eabi/10.3.1/../../../../arm-none-eabi/lib/thumb/v6-m/nofp\libg.a(lib_a-ctype_.o)
                0x10013140                _ctype_
                0x10013244                . = ALIGN (0x4)
 *fill*         0x10013241        0x3 
 *(SORT_BY_ALIGNMENT(SORT_BY_NAME(.flashdata*)))
                0x10013244                . = ALIGN (0x4)

.ARM.extab
 *(.ARM.extab* .gnu.linkonce.armextab.*)
                0x10013244                __exidx_start = .

.ARM.exidx
 *(.ARM.exidx* .gnu.linkonce.armexidx.*)
                0x10013244                __exidx_end = .
                0x10013244                . = ALIGN (0x4)
                0x10013244                __binary_info_start = .

.binary_info    0x10013244       0x24
 *(.binary_info.keep.*)
 .binary_info.keep.__bi_ptr26
                0x10013244        0x4 CMakeFiles/PicoRapidX2.dir/C_/develop/pico-sdk/src/rp2_common/pico_standard_binary_info/standard_binary_info.c.obj
 .binary_info.keep.__bi_ptr34
                0x10013248        0x4 CMakeFiles/PicoRapidX2.dir/C_/develop/pico-sdk/src/rp2_common/pico_standard_binary_info/standard_binary_info.c.obj
 .binary_info.keep.__bi_ptr42
                0x1001324c        0x4 CMakeFiles/PicoRapidX2.dir/C_/develop/pico-sdk/src/rp2_common/pico_standard_binary_info/standard_binary_info.c.obj
 .binary_info.keep.__bi_ptr48
                0x10013250        0x4 CMakeFiles/PicoRapidX2.dir/C_/develop/pico-sdk/src/rp2_common/pico_standard_binary_info/standard_binary_info.c.obj
 .binary_info.keep.__bi_ptr54
                0x10013254        0x4 CMakeFiles/PicoRapidX2.dir/C_/develop/pico-sdk/src/rp2_common/pico_standard_binary_info/standard_binary_info.c.obj
 .binary_info.keep.__bi_ptr78
                0x10013258        0x4 CMakeFiles/PicoRapidX2.dir/C_/develop/pico-sdk/src/rp2_common/pico_standard_binary_info/standard_binary_info.c.obj
 .binary_info.keep.__bi_ptr84
                0x1001325c        0x4 CMakeFiles/PicoRapidX2.dir/C_/develop/pico-sdk/src/rp2_common/pico_standard_binary_info/standard_binary_info.c.obj
 .binary_info.keep.__bi_ptr153
                0x10013260        0x4 CMakeFiles/PicoRapidX2.dir/C_/develop/pico-sdk/lib/tinyusb/hw/bsp/rp2040/family.c.obj
 *(.binary_info.*)
 .binary_info.__bi_ptr24
                0x10013264        0x4 CMakeFiles/PicoRapidX2.dir/C_/develop/pico-sdk/src/rp2_common/pico_stdlib/stdlib.c.obj
                0x10013268                __binary_info_end = .
                0x10013268                . = ALIGN (0x4)

.ram_vector_table
                0x20000000       0xc0
 *(.ram_vector_table)
 .ram_vector_table
                0x20000000       0xc0 CMakeFiles/PicoRapidX2.dir/C_/develop/pico-sdk/src/rp2_common/pico_runtime_init/runtime_init.c.obj
                0x20000000                ram_vector_table

.uninitialized_data
                0x200000c0        0x0
                0x200000c0                . = ALIGN (0x4)
 *(.uninitialized_data*)

.data           0x200000c0     0x15c8 load address 0x10013268
                0x200000c0                __data_start__ = .
 *(vtable)
 *(.time_critical*)
 .time_critical.mutex_try_enter_block_until
                0x200000c0       0x9c CMakeFiles/PicoRapidX2.dir/C_/develop/pico-sdk/src/common/pico_sync/mutex.c.obj
                0x200000c0                mutex_try_enter_block_until
 .time_critical.mutex_enter_timeout_ms
                0x2000015c       0x90 CMakeFiles/PicoRapidX2.dir/C_/develop/pico-sdk/src/common/pico_sync/mutex.c.obj
                0x2000015c                mutex_enter_timeout_ms
 .time_critical.mutex_exit
                0x200001ec       0x28 CMakeFiles/PicoRapidX2.dir/C_/develop/pico-sdk/src/common/pico_sync/mutex.c.obj
                0x200001ec                mutex_exit
 .time_critical.flash_init_boot2_copyout
                0x20000214       0x30 CMakeFiles/PicoRapidX2.dir/C_/develop/pico-sdk/src/rp2_common/hardware_flash/flash.c.obj
 .time_critical.flash_enable_xip_via_boot2
                0x20000244       0x10 CMakeFiles/PicoRapidX2.dir/C_/develop/pico-sdk/src/rp2_common/hardware_flash/flash.c.obj
 .time_critical.flash_save_hardware_state
                0x20000254       0x28 CMakeFiles/PicoRapidX2.dir/C_/develop/pico-sdk/src/rp2_common/hardware_flash/flash.c.obj
 .time_critical.flash_restore_hardware_state
                0x2000027c       0x28 CMakeFiles/PicoRapidX2.dir/C_/develop/pico-sdk/src/rp2_common/hardware_flash/flash.c.obj
 .time_critical.flash_cs_force
                0x200002a4       0x38 CMakeFiles/PicoRapidX2.dir/C_/develop/pico-sdk/src/rp2_common/hardware_flash/flash.c.obj
 .time_critical.flash_range_erase
                0x200002dc       0x90 CMakeFiles/PicoRapidX2.dir/C_/develop/pico-sdk/src/rp2_common/hardware_flash/flash.c.obj
                0x200002dc                flash_range_erase
 .time_critical.flash_range_program
                0x2000036c       0x90 CMakeFiles/PicoRapidX2.dir/C_/develop/pico-sdk/src/rp2_common/hardware_flash/flash.c.obj
                0x2000036c                flash_range_program
 .time_critical.flash_do_cmd
                0x200003fc       0xd4 CMakeFiles/PicoRapidX2.dir/C_/develop/pico-sdk/src/rp2_common/hardware_flash/flash.c.obj
                0x200003fc                flash_do_cmd
 .time_critical.reset_non_control_endpoints
                0x200004d0       0xbc CMakeFiles/PicoRapidX2.dir/C_/develop/pico-sdk/lib/tinyusb/src/portable/raspberrypi/rp2040/dcd_rp2040.c.obj
 .time_critical.hw_handle_buff_status
                0x2000058c       0x98 CMakeFiles/PicoRapidX2.dir/C_/develop/pico-sdk/lib/tinyusb/src/portable/raspberrypi/rp2040/dcd_rp2040.c.obj
 .time_critical.dcd_rp2040_irq
                0x20000624      0x530 CMakeFiles/PicoRapidX2.dir/C_/develop/pico-sdk/lib/tinyusb/src/portable/raspberrypi/rp2040/dcd_rp2040.c.obj
 .time_critical.prepare_ep_buffer
                0x20000b54       0xf4 CMakeFiles/PicoRapidX2.dir/C_/develop/pico-sdk/lib/tinyusb/src/portable/raspberrypi/rp2040/rp2040_usb.c.obj
 .time_critical.sync_ep_buffer
                0x20000c48       0xb4 CMakeFiles/PicoRapidX2.dir/C_/develop/pico-sdk/lib/tinyusb/src/portable/raspberrypi/rp2040/rp2040_usb.c.obj
 .time_critical._hw_endpoint_xfer_sync
                0x20000cfc       0x28 CMakeFiles/PicoRapidX2.dir/C_/develop/pico-sdk/lib/tinyusb/src/portable/raspberrypi/rp2040/rp2040_usb.c.obj
 .time_critical.e15_is_bulkin_ep
                0x20000d24       0x28 CMakeFiles/PicoRapidX2.dir/C_/develop/pico-sdk/lib/tinyusb/src/portable/raspberrypi/rp2040/rp2040_usb.c.obj
 .time_critical.e15_is_critical_frame_period
                0x20000d4c       0x34 CMakeFiles/PicoRapidX2.dir/C_/develop/pico-sdk/lib/tinyusb/src/portable/raspberrypi/rp2040/rp2040_usb.c.obj
 .time_critical.hw_endpoint_reset_transfer
                0x20000d80        0xc CMakeFiles/PicoRapidX2.dir/C_/develop/pico-sdk/lib/tinyusb/src/portable/raspberrypi/rp2040/rp2040_usb.c.obj
                0x20000d80                hw_endpoint_reset_transfer
 .time_critical._hw_endpoint_buffer_control_update32
                0x20000d8c       0x50 CMakeFiles/PicoRapidX2.dir/C_/develop/pico-sdk/lib/tinyusb/src/portable/raspberrypi/rp2040/rp2040_usb.c.obj
                0x20000d8c                _hw_endpoint_buffer_control_update32
 .time_critical.hw_endpoint_start_next_buffer
                0x20000ddc       0x6c CMakeFiles/PicoRapidX2.dir/C_/develop/pico-sdk/lib/tinyusb/src/portable/raspberrypi/rp2040/rp2040_usb.c.obj
                0x20000ddc                hw_endpoint_start_next_buffer
 .time_critical.hw_endpoint_xfer_continue
                0x20000e48       0x40 CMakeFiles/PicoRapidX2.dir/C_/develop/pico-sdk/lib/tinyusb/src/portable/raspberrypi/rp2040/rp2040_usb.c.obj
                0x20000e48                hw_endpoint_xfer_continue
 .time_critical.tinyusb
                0x20000e88      0x1f0 CMakeFiles/PicoRapidX2.dir/C_/develop/pico-sdk/lib/tinyusb/src/device/usbd.c.obj
                0x20000e88                dcd_event_handler
 *(.text*)
 .text          0x20001078        0x4 c:/progra~2/gnuarm~1/102021~1.10/bin/../lib/gcc/arm-none-eabi/10.3.1/thumb/v6-m/nofp\libgcc.a(_dvmd_tls.o)
                0x20001078                __aeabi_idiv0
                0x20001078                __aeabi_ldiv0
 *fill*         0x2000107c        0x4 
 .text.__stub   0x20001080       0x90 linker stubs
                0x20001110                . = ALIGN (0x4)
 *(.rodata*)
                0x20001110                . = ALIGN (0x4)
 *(.data*)
 .data.Confirm_Flg
                0x20001110        0x1 CMakeFiles/PicoRapidX2.dir/PicoRapidX.c.obj
                0x20001110                Confirm_Flg
 *fill*         0x20001111        0x3 
 .data.DispPanel
                0x20001114        0xc CMakeFiles/PicoRapidX2.dir/PicoRapidX.c.obj
                0x20001114                DispPanel
 .data.Input_Pin
                0x20001120       0x30 CMakeFiles/PicoRapidX2.dir/PicoRapidX.c.obj
                0x20001120                Input_Pin
 .data.MacroFrame
                0x20001150        0x1 CMakeFiles/PicoRapidX2.dir/PicoRapidX.c.obj
                0x20001150                MacroFrame
 .data.MacroFrame_Total
                0x20001151        0x1 CMakeFiles/PicoRapidX2.dir/PicoRapidX.c.obj
                0x20001151                MacroFrame_Total
 .data.OffFrame
                0x20001152        0x1 CMakeFiles/PicoRapidX2.dir/PicoRapidX.c.obj
                0x20001152                OffFrame
 .data.OnFrame  0x20001153        0x1 CMakeFiles/PicoRapidX2.dir/PicoRapidX.c.obj
                0x20001153                OnFrame
 .data.Output_Pin
                0x20001154       0x30 CMakeFiles/PicoRapidX2.dir/PicoRapidX.c.obj
                0x20001154                Output_Pin
 .data.SyncCount_15
                0x20001184        0x1 CMakeFiles/PicoRapidX2.dir/PicoRapidX.c.obj
                0x20001184                SyncCount_15
 .data.s_led_suppress_until_write
                0x20001185        0x1 CMakeFiles/PicoRapidX2.dir/usb_msc_device.c.obj
 *fill*         0x20001186        0x2 
 .data.s_macro_write_number
                0x20001188        0x4 CMakeFiles/PicoRapidX2.dir/usb_msc_device.c.obj
 .data.last_pin_state.0
                0x2000118c        0x4 CMakeFiles/PicoRapidX2.dir/vsync_separator.c.obj
 .data.striped_spin_lock_num
                0x20001190        0x1 CMakeFiles/PicoRapidX2.dir/C_/develop/pico-sdk/src/rp2_common/hardware_sync/sync.c.obj
 *fill*         0x20001191        0x3 
 .data          0x20001194       0x48 CMakeFiles/PicoRapidX2.dir/C_/develop/pico-sdk/src/rp2_common/hardware_irq/irq_handler_chain.S.obj
                0x20001194                irq_handler_chain_slots
                0x200011c4                irq_handler_chain_first_slot
                0x200011ce                irq_handler_chain_remove_tail
 .data.default_alarm_pool
                0x200011dc       0x18 CMakeFiles/PicoRapidX2.dir/C_/develop/pico-sdk/src/common/pico_time/time.c.obj
 *fill*         0x200011f4        0xc 
 .data.aeabi_bits_funcs
                0x20001200       0x10 CMakeFiles/PicoRapidX2.dir/C_/develop/pico-sdk/src/rp2_common/pico_bit_ops/bit_ops_aeabi.S.obj
                0x20001200                aeabi_bits_funcs
                0x20001210                aeabi_bits_funcs_end
 .data.aeabi_mem_funcs
                0x20001210       0x10 CMakeFiles/PicoRapidX2.dir/C_/develop/pico-sdk/src/rp2_common/pico_mem_ops/mem_ops_aeabi.S.obj
                0x20001210                aeabi_mem_funcs
                0x20001220                aeabi_mem_funcs_end
 .data.i2c0_inst
                0x20001220        0x8 CMakeFiles/PicoRapidX2.dir/C_/develop/pico-sdk/src/rp2_common/hardware_i2c/i2c.c.obj
                0x20001220                i2c0_inst
 .data._usbd_qdef
                0x20001228       0x1c CMakeFiles/PicoRapidX2.dir/C_/develop/pico-sdk/lib/tinyusb/src/device/usbd.c.obj
                0x20001228                _usbd_qdef
 .data._usbd_rhport
                0x20001244        0x1 CMakeFiles/PicoRapidX2.dir/C_/develop/pico-sdk/lib/tinyusb/src/device/usbd.c.obj
 *fill*         0x20001245        0x3 
 .data._impure_ptr
                0x20001248        0x4 c:/progra~2/gnuarm~1/102021~1.10/bin/../lib/gcc/arm-none-eabi/10.3.1/../../../../arm-none-eabi/lib/thumb/v6-m/nofp\libg.a(lib_a-impure.o)
                0x20001248                _impure_ptr
 *fill*         0x2000124c        0x4 
 .data.impure_data
                0x20001250      0x428 c:/progra~2/gnuarm~1/102021~1.10/bin/../lib/gcc/arm-none-eabi/10.3.1/../../../../arm-none-eabi/lib/thumb/v6-m/nofp\libg.a(lib_a-impure.o)
                0x20001678                . = ALIGN (0x4)
 *(.after_data.*)
                0x20001678                . = ALIGN (0x4)
                0x20001678                PROVIDE (__mutex_array_start = .)
 *(SORT_BY_NAME(.mutex_array.*))
 *(.mutex_array)
 .mutex_array   0x20001678        0x8 CMakeFiles/PicoRapidX2.dir/C_/develop/pico-sdk/src/rp2_common/pico_malloc/malloc.c.obj
 .mutex_array   0x20001680        0x8 CMakeFiles/PicoRapidX2.dir/C_/develop/pico-sdk/src/rp2_common/pico_stdio/stdio.c.obj
                0x20001688                PROVIDE (__mutex_array_end = .)
                0x20001688                . = ALIGN (0x4)
 *(.jcr)
                0x20001688                . = ALIGN (0x4)

.igot.plt       0x20001688        0x0 load address 0x10014830
 .igot.plt      0x20001688        0x0 c:/progra~2/gnuarm~1/102021~1.10/bin/../lib/gcc/arm-none-eabi/10.3.1/thumb/v6-m/nofp/crtbegin.o

.tdata          0x20001688        0x0 load address 0x10014830
                0x20001688                . = ALIGN (0x4)
 *(.tdata .tdata.* .gnu.linkonce.td.*)
                0x20001688                __tdata_end = .
                0x20001688                PROVIDE (__data_end__ = .)
                0x10013268                __etext = LOADADDR (.data)

.tbss           0x20001688        0x0 load address 0x10014830
                0x20001688                . = ALIGN (0x4)
                0x20001688                __bss_start__ = .
                0x20001688                __tls_base = .
 *(.tbss .tbss.* .gnu.linkonce.tb.*)
 *(.tcommon)
                0x20001688                __tls_end = .

.bss            0x20001688    0x1f630 load address 0x10014830
                0x20001688                . = ALIGN (0x4)
                0x20001688                __tbss_end = .
 *(SORT_BY_ALIGNMENT(SORT_BY_NAME(.bss*)))
 .bss.default_alarm_pool_entries
                0x20001688      0x180 CMakeFiles/PicoRapidX2.dir/C_/develop/pico-sdk/src/common/pico_time/time.c.obj
 .bss.last_sync_time
                0x20001808        0x8 CMakeFiles/PicoRapidX2.dir/PicoRapidX.c.obj
 .bss.sd_table  0x20001810      0x100 CMakeFiles/PicoRapidX2.dir/C_/develop/pico-sdk/src/rp2_common/pico_double/double_init_rom_rp2040.c.obj
                0x20001810                sd_table
 .bss.sf_table  0x20001910      0x100 CMakeFiles/PicoRapidX2.dir/C_/develop/pico-sdk/src/rp2_common/pico_float/float_init_rom_rp2040.c.obj
                0x20001910                sf_table
 .bss           0x20001a10       0x1c c:/progra~2/gnuarm~1/102021~1.10/bin/../lib/gcc/arm-none-eabi/10.3.1/thumb/v6-m/nofp/crtbegin.o
 .bss.CommandSetBits
                0x20001a2c      0xe10 CMakeFiles/PicoRapidX2.dir/PicoRapidX.c.obj
                0x20001a2c                CommandSetBits
 .bss.DispPattern
                0x2000283c      0xce4 CMakeFiles/PicoRapidX2.dir/PicoRapidX.c.obj
                0x2000283c                DispPattern
 .bss.Draw_Canvas_Payload
                0x20003520      0x401 CMakeFiles/PicoRapidX2.dir/PicoRapidX.c.obj
 *fill*         0x20003921        0x3 
 .bss.GPIOStatusOn
                0x20003924        0xc CMakeFiles/PicoRapidX2.dir/PicoRapidX.c.obj
                0x20003924                GPIOStatusOn
 .bss.IOSetting
                0x20003930      0x240 CMakeFiles/PicoRapidX2.dir/PicoRapidX.c.obj
                0x20003930                IOSetting
 .bss.IOSetting_Current
                0x20003b70       0x30 CMakeFiles/PicoRapidX2.dir/PicoRapidX.c.obj
                0x20003b70                IOSetting_Current
 .bss.InputStatus
                0x20003ba0        0xc CMakeFiles/PicoRapidX2.dir/PicoRapidX.c.obj
                0x20003ba0                InputStatus
 .bss.LastFrameCount
                0x20003bac        0xc CMakeFiles/PicoRapidX2.dir/PicoRapidX.c.obj
                0x20003bac                LastFrameCount
 .bss.MacroSettingBits
                0x20003bb8      0xe10 CMakeFiles/PicoRapidX2.dir/PicoRapidX.c.obj
                0x20003bb8                MacroSettingBits
 .bss._app_driver
                0x200049c8        0x4 CMakeFiles/PicoRapidX2.dir/C_/develop/pico-sdk/lib/tinyusb/src/device/usbd.c.obj
 .bss._ctrl_epbuf
                0x200049cc       0x40 CMakeFiles/PicoRapidX2.dir/C_/develop/pico-sdk/lib/tinyusb/src/device/usbd_control.c.obj
 .bss._ctrl_xfer
                0x20004a0c       0x14 CMakeFiles/PicoRapidX2.dir/C_/develop/pico-sdk/lib/tinyusb/src/device/usbd_control.c.obj
 .bss._desc_str
                0x20004a20       0x40 CMakeFiles/PicoRapidX2.dir/usb_descriptors.c.obj
 .bss._hidd_epbuf
                0x20004a60       0xc0 CMakeFiles/PicoRapidX2.dir/C_/develop/pico-sdk/lib/tinyusb/src/class/hid/hid_device.c.obj
 .bss._hidd_itf
                0x20004b20        0xc CMakeFiles/PicoRapidX2.dir/C_/develop/pico-sdk/lib/tinyusb/src/class/hid/hid_device.c.obj
 .bss._mscd_epbuf
                0x20004b2c      0x200 CMakeFiles/PicoRapidX2.dir/C_/develop/pico-sdk/lib/tinyusb/src/class/msc/msc_device.c.obj
 .bss._mscd_itf
                0x20004d2c       0x40 CMakeFiles/PicoRapidX2.dir/C_/develop/pico-sdk/lib/tinyusb/src/class/msc/msc_device.c.obj
 .bss._ubsd_mutexdef
                0x20004d6c        0x8 CMakeFiles/PicoRapidX2.dir/C_/develop/pico-sdk/lib/tinyusb/src/device/usbd.c.obj
 .bss._usbd_dev
                0x20004d74       0x54 CMakeFiles/PicoRapidX2.dir/C_/develop/pico-sdk/lib/tinyusb/src/device/usbd.c.obj
 .bss._usbd_mutex
                0x20004dc8        0x4 CMakeFiles/PicoRapidX2.dir/C_/develop/pico-sdk/lib/tinyusb/src/device/usbd.c.obj
 .bss._usbd_q   0x20004dcc        0x4 CMakeFiles/PicoRapidX2.dir/C_/develop/pico-sdk/lib/tinyusb/src/device/usbd.c.obj
 .bss._usbd_qdef_buf
                0x20004dd0       0xc0 CMakeFiles/PicoRapidX2.dir/C_/develop/pico-sdk/lib/tinyusb/src/device/usbd.c.obj
                0x20004dd0                _usbd_qdef_buf
 .bss._used_instruction_space
                0x20004e90        0x8 CMakeFiles/PicoRapidX2.dir/C_/develop/pico-sdk/src/rp2_common/hardware_pio/pio.c.obj
 .bss.boot2_copyout
                0x20004e98      0x100 CMakeFiles/PicoRapidX2.dir/C_/develop/pico-sdk/src/rp2_common/hardware_flash/flash.c.obj
 .bss.buttonCommands
                0x20004f98       0x18 CMakeFiles/PicoRapidX2.dir/PicoRapidX.c.obj
                0x20004f98                buttonCommands
 .bss.callbacks
                0x20004fb0        0x8 CMakeFiles/PicoRapidX2.dir/C_/develop/pico-sdk/src/rp2_common/hardware_gpio/gpio.c.obj
 .bss.canvas    0x20004fb8        0x4 CMakeFiles/PicoRapidX2.dir/PicoRapidX.c.obj
                0x20004fb8                canvas
 .bss.claimed   0x20004fbc        0x4 CMakeFiles/PicoRapidX2.dir/C_/develop/pico-sdk/src/rp2_common/hardware_sync/sync.c.obj
 .bss.claimed   0x20004fc0        0x1 CMakeFiles/PicoRapidX2.dir/C_/develop/pico-sdk/src/rp2_common/hardware_timer/timer.c.obj
 *fill*         0x20004fc1        0x3 
 .bss.configured_freq
                0x20004fc4       0x28 CMakeFiles/PicoRapidX2.dir/C_/develop/pico-sdk/src/rp2_common/hardware_clocks/clocks.c.obj